05-28 12:49:32.530  2987  6008 W AppOps  : Noting op not finished: uid 10159 pkg com.google.android.gms code 113 startTime of in progress event=1779997481594
05-28 12:49:32.533 27879 27879 D BoundBrokerSvc: onRebind: Intent { act=com.google.android.gms.auth.aang.events.services.START dat=chimera-action:/... xflg=0x4 cmp=com.google.android.gms/.chimera.PersistentApiService }
05-28 12:49:32.535 27879 27967 I ActivityScheduler: nextTriggerTime: 4320330227, in 240000ms, detectorType: 39, FULL_TYPE alarmWindowMillis: 30000
05-28 12:49:32.535  2987  8303 D AlarmManager: setImpl: (a) wakeup alarm (app): 10159/com.google.android.gms, action: com.google.android.location.ALARM_WAKEUP_ACTIVITY_DETECTION, 4320330227
05-28 12:49:32.540     0     0 I KERNEL  : [1601053.661057][ T8128] [schedu][0x4b705437514a][19:49:32.538703] kiwi_v2: [8128:I:OSIF] scan start scan id 41459
05-28 12:49:32.816     0     0 W KERNEL  : [1601053.938889][ T8169] [wlan]: BSSID=5c:e9:31:**:**:56 RSSI=-60, Rate=(1721, 60), flags=(0x108, 0x108), MCS=(7,0), NSS=(2,2).
05-28 12:49:33.135     0     0 I KERNEL  : [1601054.256939][ T7591] [BAT][CHG]set_qc_stat: status: 1, switch: 0
05-28 12:49:33.135     0     0 I KERNEL  : [1601054.257791][    T1] init: processing action (vendor.audio.volume.supression.pkg=*) from (/vendor/etc/init/hw/init.asus.rc:1585)
05-28 12:49:33.136     0     0 I KERNEL  : [1601054.258661][    T1] init: processing action (vendor.audio.volume.supression=*) from (/vendor/etc/init/hw/init.asus.rc:1582)
05-28 12:49:33.140  2166  7591 E ANDR-PERF-OPTSHANDLER: thermal_pol f=117, cl=8/1459/2265, cg=25/25/29/1824/3148, ct=21/20/1824/2956, cp=18/672/2553, g=4/231, fg=com.teslacoilsw.launcher, fa=NovaLauncher, pol_u=0, pol_c=0, sys=0, W=-1888mW,batlvl=59,chg=Chargi(2135),
05-28 12:49:33.524  2987  6008 W AppOps  : Noting op not finished: uid 10159 pkg com.google.android.gms code 113 startTime of in progress event=1779997481594
05-28 12:49:33.534 27879 27879 D BoundBrokerSvc: onRebind: Intent { act=com.google.android.gms.libs.gmscorelogger.service.START dat=chimera-action:/... xflg=0x4 cmp=com.google.android.gms/.chimera.PersistentDirectBootAwareApiService }
05-28 12:49:33.658     0     0 I KERNEL  : [1601054.780524][ T8128] [schedu][0x4b70557f4931][19:49:33.658168] kiwi_v2: [8128:I:OSIF] vdev 0, scan id 41459 type COMPLETED(1) reason COMPLETED(1) scan found 8 bss
05-28 12:49:33.659  2987  6008 D WifiNl80211Manager: Scan result ready event
05-28 12:49:33.659  2987  6008 D WifiNative: Scan result ready event
05-28 12:49:33.659  2996  8162 I LOWI-9.0.1.71: [LOWI-Scan] lowi_close_record:Scan done in 4320047060ms, 8 APs in scan results
05-28 12:49:33.659  8169  8169 I wpa_supplicant: Sorted scan results
05-28 12:49:33.659  8169  8169 I wpa_supplicant: 5c:e9:31:a3:9a:57 f=5180 level=-52(-71) age=1069
05-28 12:49:33.659  8169  8169 I wpa_supplicant: 5c:e9:31:a3:9a:56 f=2462 level=-28(-57) age=17
05-28 12:49:33.659  8169  8169 I wpa_supplicant: 6a:32:b1:65:56:ee f=2432 level=-75(0) age=646
05-28 12:49:33.659  8169  8169 I wpa_supplicant: c0:c9:e3:8e:c5:16 f=2412 level=-74(0) age=1053
05-28 12:49:33.659  8169  8169 I wpa_supplicant: 60:32:b1:65:56:ef f=5220 level=-84(0) age=984
05-28 12:49:33.659  8169  8169 I wpa_supplicant: 60:32:b1:65:1a:7f f=2432 level=-83(0) age=663
05-28 12:49:33.659  8169  8169 I wpa_supplicant: 62:22:b1:65:1a:7f f=2432 level=-84(0) age=657
05-28 12:49:33.659  8169  8169 I wpa_supplicant: 62:42:b1:65:1a:7f f=2432 level=-82(0) age=629
05-28 12:49:33.660  8169  8169 I wpa_supplicant: wlan0: Control interface command 'SCAN_RESULTS'
05-28 12:49:33.661 27879  5002 I WifiScanner: onFullResults
05-28 12:49:33.662 27879 28589 I WifiScanner: onFullResults
05-28 12:49:33.662 27879 28586 I WifiScanner: onFullResults
05-28 12:49:33.665  2987  6008 D AlarmManager: setImpl: (a) wakeup alarm (app): 10159/com.google.android.gms, action: , 4320211355
05-28 12:49:33.665 27879 27967 I ActivityScheduler: nextTriggerTime: 4320330227, in 238870ms, detectorType: 39, FULL_TYPE alarmWindowMillis: 30000
05-28 12:49:33.804     0     0 I KERNEL  : [1601054.926245][T22600] [ALS/PS]  stk3a9x_als_get_data_polling_internal 3256: ALS AG = 4, DG = 1024, gain_ratio = 1
05-28 12:49:33.808     0     0 I KERNEL  : [1601054.929173][T22600] [ALS/PS]  stk3a9x_als_get_data_polling_internal 3483: Display PWM, avg_cnt: 45, FIFOData.Size: 240, fifo_avg_f: 109, fifo_avg_g: 32, fifo_avg_c: 0, fifo_avg_diff: 30, cal_diff = -103079214510, BS: 208
05-28 12:49:33.808     0     0 I KERNEL  : [1601054.929182][T22600] [ALS/PS]  stk3a9x_als_notify 2021: ALS data = 28, scale = 261, raw=111, 28,28,28,28,28,28,28,28,28,28,28,28,28,28,28,28,28,28,28,28,
05-28 12:49:34.143     0     0 I KERNEL  : [1601055.265229][ T7591] [BAT][CHG]set_qc_stat: status: 1, switch: 0
05-28 12:49:34.144     0     0 I KERNEL  : [1601055.266804][    T1] init: processing action (vendor.audio.volume.supression.pkg=*) from (/vendor/etc/init/hw/init.asus.rc:1585)
05-28 12:49:34.146     0     0 I KERNEL  : [1601055.267747][    T1] init: processing action (vendor.audio.volume.supression=*) from (/vendor/etc/init/hw/init.asus.rc:1582)
05-28 12:49:34.154     0     0 E KERNEL  : [1601055.275358][ T7591] [BAT][CHG][ERR]soc_remapping, RM_FCC_soc= 5958, RM= 3108, FCC= 5216, mtNow.tv_sec = 4320091, last_time= 4320091
05-28 12:49:34.157  2166  7591 E ANDR-PERF-OPTSHANDLER: thermal_pol f=120, cl=6/1459/2265, cg=22/25/22/1824/3148, ct=16/21/1824/2956, cp=15/672/2553, g=4/231, fg=com.teslacoilsw.launcher, fa=NovaLauncher, pol_u=0, pol_c=0, sys=0, W=-1887mW,batlvl=59,chg=Chargi(2134),
05-28 12:49:34.657 23934 23934 D TIS(467323): onInputEvent: shouldIgnoreMotionEvents= false
05-28 12:49:34.657 23934 23934 D TouchInteractionService: onInputEvent.DOWN: [146, 486]
05-28 12:49:34.657 23934 23934 D TouchInteractionService: Touch outside of the navigation bar region(3), mUncheckedConsumer= TYPE_NO_OP
05-28 12:49:34.657 23934 23934 D TouchInteractionService: mUncheckedConsumer= TYPE_NO_OP
05-28 12:49:34.693 23934 23934 D TouchInteractionService: onInputEvent.UP: [146, 486]
05-28 12:49:34.693 23934 23934 D 336379  : getDefaultInputConsumer: id= 1, inputConsumer= com.android.quickstep.inputconsumers.ResetGestureInputConsumer@b5a6fdd, sysuiStateFlag= 268566528
05-28 12:49:34.696     0     0 I KERNEL  : [1601055.773818][ T1298] [   info] update_finger_event: Finger id=0 down [1461,4867]
05-28 12:49:34.696     0     0 I KERNEL  : [1601055.814810][ T1298] [   info] update_finger_event: Finger id=0 up [1461, 4867]
05-28 12:49:34.706  7477  7477 I ImeTracker: com.teslacoilsw.launcher:e60dd957: onRequestHide at ORIGIN_CLIENT reason HIDE_SOFT_INPUT fromUser false
05-28 12:49:34.706  7477  7477 D InsetsController: hide(ime(), fromIme=false)
05-28 12:49:34.706  7477  7477 I ImeTracker: com.teslacoilsw.launcher:e60dd957: onCancelled at PHASE_CLIENT_ALREADY_HIDDEN
05-28 12:49:34.708   766   766 I hwservicemanager: getTransport: Cannot find entry vendor.qti.hardware.servicetracker@1.2::IServicetracker/default in either framework or device VINTF manifest.
05-28 12:49:34.709  2987  6008 W ActivityTaskManager: servicetracker HIDL not available
05-28 12:49:34.709  2987  6008 E ActivityTaskManager: Unable to get servicetracker HAL instance
05-28 12:49:34.709   766   766 I hwservicemanager: getTransport: Cannot find entry vendor.qti.hardware.servicetracker@1.2::IServicetracker/default in either framework or device VINTF manifest.
05-28 12:49:34.709  2987  6008 W ActivityTaskManager: servicetracker HIDL not available
05-28 12:49:34.709  2987  6008 E ActivityTaskManager: Unable to get servicetracker HAL instance
05-28 12:49:34.709  2987  6008 V GrammaticalInflectionUtils: AttributionSource: android.content.AttributionSource@e8106be8 does not have READ_SYSTEM_GRAMMATICAL_GENDER permission.
05-28 12:49:34.710  2987  6008 W OptProp : Cannot read opt property android.window.PROPERTY_COMPAT_ALLOW_RESIZEABLE_ACTIVITY_OVERRIDES
05-28 12:49:34.710  2987  6008 W OptProp : Cannot read opt property android.window.PROPERTY_COMPAT_ALLOW_MIN_ASPECT_RATIO_OVERRIDE
05-28 12:49:34.711  2166  2166 E ANDR-PERF-SERVICE: sendPerfCallback() 288: NotifyCallback is not called
05-28 12:49:34.711  2166  7617 E ANDR-PERF-LM: LightningLaunches: checkRelearningTrigger() 855: launchCount  Retrigger 30
05-28 12:49:34.712  2166  2166 E ANDR-PERF-SERVICE: sendPerfCallback() 288: NotifyCallback is not called
05-28 12:49:34.712  2166  2166 E ANDR-PERF-SERVICE: sendPerfCallback() 288: NotifyCallback is not called
05-28 12:49:34.712  2987  6008 D ActivityTaskManager: Freeform task=null, curParam=Rect(0, 0 - 0, 0), 0, outParam=Rect(0, 0 - 0, 0), 0
05-28 12:49:34.713  2987  6008 D ActivityTaskManager: Freeform task=Task{fddf86a #7362 type=standard A=10468:com.example.gpstagger}, curParam=Rect(0, 0 - 0, 0), 0, outParam=Rect(0, 0 - 0, 0), 0
05-28 12:49:34.714  2166  2166 E ANDR-PERF-SERVICE: sendPerfCallback() 288: NotifyCallback is not called
05-28 12:49:34.714  2166  7617 E ANDR-PERF-SERVICE: sendPerfCallback() 288: NotifyCallback is not called
05-28 12:49:34.714  2987  6008 W OptProp : Cannot read opt property android.window.PROPERTY_COMPAT_ALLOW_ORIENTATION_OVERRIDE
05-28 12:49:34.714  2166  6541 E ANDR-PERF-SERVICE: sendPerfCallback() 288: NotifyCallback is not called
05-28 12:49:34.715  2202  2561 I BpBinder: onLastStrongRef automatically unlinking death recipients: 
05-28 12:49:34.715  2987  6008 D ActivityTrigger: ActivityTrigger activityPauseTrigger 
05-28 12:49:34.715  2166 21989 E ANDR-PERF-SERVICE: sendPerfCallback() 288: NotifyCallback is not called
05-28 12:49:34.715  5805  5926 I DynamicDDSService: handleMessage(ACTIVITY_INVOKE{appInfo=com.example.gpstagger isFullScreen=}true)
05-28 12:49:34.716  2166  3629 E ANDR-PERF-SERVICE: sendPerfCallback() 288: NotifyCallback is not called
05-28 12:49:34.716   766   766 I hwservicemanager: getTransport: Cannot find entry vendor.qti.hardware.servicetracker@1.2::IServicetracker/default in either framework or device VINTF manifest.
05-28 12:49:34.716  2987  6008 W ActivityTaskManager: servicetracker HIDL not available
05-28 12:49:34.716  2987  6008 E ActivityTaskManager: Unable to get servicetracker HAL instance
05-28 12:49:34.717  5805  5850 W DynamicDDSService: appName is running in background.com.teslacoilsw.launcher
05-28 12:49:34.717  2987  6008 I ActivityTaskManager: START u0 {act=android.intent.action.MAIN cat=[android.intent.category.LAUNCHER] flg=0x10200000 xflg=0x4 cmp=com.example.gpstagger/.MainActivity bnds=[21,389][237,666]} with LAUNCH_MULTIPLE from uid 10232 (sr=244770761) (BAL_ALLOW_VISIBLE_WINDOW) result code=0
05-28 12:49:34.718  5447  5570 V WindowManagerShell: Transition requested (#27873): android.os.BinderProxy@c9fa5e5 TransitionRequestInfo { type = OPEN, triggerTask = TaskInfo{userId=0 taskId=7362 effectiveUid=10468 displayId=0 isRunning=true baseIntent=Intent { act=android.intent.action.MAIN cat=[android.intent.category.LAUNCHER] flg=0x10200000 cmp=com.example.gpstagger/.MainActivity } baseActivity=ComponentInfo{com.example.gpstagger/com.example.gpstagger.MainActivity} topActivity=ComponentInfo{com.example.gpstagger/com.example.gpstagger.MainActivity} origActivity=null realActivity=ComponentInfo{com.example.gpstagger/com.example.gpstagger.MainActivity} numActivities=1 lastActiveTime=4320092409 supportsMultiWindow=true resizeMode=1 isResizeable=true minWidth=-1 minHeight=-1 defaultMinSize=220 token=WCT{android.window.IWindowContainerToken$Stub$Proxy@8a398ba} topActivityType=1 pictureInPictureParams=null shouldDockBigOverlays=false launchIntoPipHostTaskId=-1 lastParentTaskIdBeforePip=-1 displayCutoutSafeInsets=Rect(0, 105 - 0, 0) topActivityInfo=ActivityInfo{ce36b com.example.gpstagger.MainActivity} launchCookies=[] positionInParent=Point(0, 0) parentTaskId=-1 isFocused=false isVisible=false isVisibleRequested=false isTopActivityNoDisplay=false isSleeping=false locusId=null displayAreaFeatureId=1 isTopActivityTransparent=false isActivityStackTransparent=false lastNonFullscreenBounds=null capturedLink=null capturedLinkTimestamp=0 requestedVisibleTypes=-9 topActivityRequestOpenInBrowserEducationTimestamp=0 appCompatTaskInfo=AppCompatTaskInfo { topActivityInSizeCompat=false eligibleForLetterboxEducation= false isLetterboxEducationEnabled= false isLetterboxDoubleTapEnabled= false eligibleForUserAspectRatioButton= false topActivityBoundsLetterboxed= false isFromLetterboxDoubleTap= false topActivityLetterboxVerticalPosition= -1 topActivityLetterboxHorizontalPosition= -1 topActivityLetterboxWidth=-1 topActivityLetterboxHeight=-1 topActivityAppBounds=Rect(0, 105 - 1080, 2337) isUserFullscreenOverrideEnabled=false isSystemFullscreenOverrideEnabled=false hasMinAspectRatioOverride=false topActivityLetterboxBounds=null cameraCompatTaskInfo=CameraCompatTaskInfo { freeformCameraCompatMode=inactive}} topActivityMainWindowFrame=null mWmShellFreeformScale=1.0 mWmShellFreeformMode=-1}, pipChange = null, remoteTransition = null, displayChange = null, flags = 0, debugId = 27873 }
05-28 12:49:34.718  5447  5570 D ShellSplitScreen: logExit: no-op, mLoggerSessionId is null
05-28 12:49:34.722  5447  6299 D AnakinFodManager: token=KeyguardQs, hideIcon=false, disable=false
05-28 12:49:34.723  2987  3167 V GrammaticalInflectionUtils: AttributionSource: android.content.AttributionSource@e8106be8 does not have READ_SYSTEM_GRAMMATICAL_GENDER permission.
05-28 12:49:34.724  2987  5363 D BackgroundInstallControlService: Package event received: 0
05-28 12:49:34.725   766   766 I hwservicemanager: getTransport: Cannot find entry vendor.qti.hardware.servicetracker@1.2::IServicetracker/default in either framework or device VINTF manifest.
05-28 12:49:34.725  2987  5544 W ActivityTaskManager: servicetracker HIDL not available
05-28 12:49:34.725  2987  5544 E ActivityTaskManager: Unable to get servicetracker HAL instance
05-28 12:49:34.726  2166  2555 E ANDR-PERF-SERVICE: sendPerfCallback() 288: NotifyCallback is not called
05-28 12:49:34.726  2987  5363 D BackgroundInstallControlService: Package event received: 0
05-28 12:49:34.728  2987  5363 D BackgroundInstallControlService: Package event received: 0
05-28 12:49:34.730  2987  5363 D BackgroundInstallControlService: Package event received: 0
05-28 12:49:34.730  2987  5363 D BackgroundInstallControlService: Package event received: 0
05-28 12:49:34.730  2987  5363 D BackgroundInstallControlService: Package event received: 0
05-28 12:49:34.730  8065  8082 V OsAgent : broadcastSystemEvent - 7
05-28 12:49:34.730  8065  8082 V OsAgent : broadcastSystemEvent - 7
05-28 12:49:34.730  2987  3163 D AlarmManagerServiceInjector: background restricted unblock alarm for 10207
05-28 12:49:34.730  8290  8290 D BoundBrokerSvc: onBind: Intent { act=com.google.android.gms.measurement.START xflg=0x4 pkg=com.google.android.gms }
05-28 12:49:34.730  8290  8290 D BoundBrokerSvc: Loading bound service for intent: Intent { act=com.google.android.gms.measurement.START xflg=0x4 pkg=com.google.android.gms }
05-28 12:49:34.732  2166  2557 E ANDR-PERF-SERVICE: sendPerfCallback() 288: NotifyCallback is not called
05-28 12:49:34.733  2987  8303 D CoreBackPreview: Window{c169837 u0 Splash Screen com.example.gpstagger}: Setting back callback OnBackInvokedCallbackInfo{mCallback=android.window.IOnBackInvokedCallback$Stub$Proxy@5059528, mPriority=0, mIsAnimationCallback=false, mOverrideBehavior=0}
05-28 12:49:34.734  2987  5363 D BackgroundInstallControlService: Package event received: 0
05-28 12:49:34.734  2987  5363 D BackgroundInstallControlService: Package event received: 0
05-28 12:49:34.734  2987  5363 D BackgroundInstallControlService: Package event received: 0
05-28 12:49:34.734  2987  5363 D BackgroundInstallControlService: Package event received: 0
05-28 12:49:34.734  2987  5363 D BackgroundInstallControlService: Package event received: 0
05-28 12:49:34.735  8065  8082 V OsAgent : broadcastSystemEvent - 7
05-28 12:49:34.736  2987  5363 D BackgroundInstallControlService: Package event received: 0
05-28 12:49:34.737  2987  5363 D BackgroundInstallControlService: Package event received: 0
05-28 12:49:34.737  2987  5363 D BackgroundInstallControlService: Package event received: 0
05-28 12:49:34.737  2987  5363 D BackgroundInstallControlService: Package event received: 0
05-28 12:49:34.737  2987  5363 D BackgroundInstallControlService: Package event received: 0
05-28 12:49:34.737  2987  5363 D BackgroundInstallControlService: Package event received: 0
05-28 12:49:34.737  2987  5363 D BackgroundInstallControlService: Package event received: 0
05-28 12:49:34.737  2987  5363 D BackgroundInstallControlService: Package event received: 0
05-28 12:49:34.737  2987  5363 D BackgroundInstallControlService: Package event received: 0
05-28 12:49:34.737  2987  5363 D BackgroundInstallControlService: Package event received: 0
05-28 12:49:34.737  2987  5363 D BackgroundInstallControlService: Package event received: 0
05-28 12:49:34.737  2987  5363 D BackgroundInstallControlService: Package event received: 0
05-28 12:49:34.737  1954  1954 D Zygote  : Forked child process 22781
05-28 12:49:34.738  2166 12687 E ANDR-PERF-SERVICE: sendPerfCallback() 288: NotifyCallback is not called
05-28 12:49:34.738  2987  3218 I ActivityManager: Start proc 22781:com.example.gpstagger/u0a468 for next-top-activity {com.example.gpstagger/com.example.gpstagger.MainActivity}
05-28 12:49:34.739  2987  5363 D BackgroundInstallControlService: Package event received: 0
05-28 12:49:34.739  2987  5363 D BackgroundInstallControlService: Package event received: 0
05-28 12:49:34.739  2987  5363 D BackgroundInstallControlService: Package event received: 0
05-28 12:49:34.739  2987  5363 D BackgroundInstallControlService: Package event received: 0
05-28 12:49:34.739  2987  5363 D BackgroundInstallControlService: Package event received: 0
05-28 12:49:34.739  2987  5363 D BackgroundInstallControlService: Package event received: 0
05-28 12:49:34.739  2987  5363 D BackgroundInstallControlService: Package event received: 0
05-28 12:49:34.739  2987  5363 D BackgroundInstallControlService: Package event received: 0
05-28 12:49:34.739  2987  5363 D BackgroundInstallControlService: Package event received: 0
05-28 12:49:34.739  2987  5363 D BackgroundInstallControlService: Package event received: 0
05-28 12:49:34.739  2987  5363 D BackgroundInstallControlService: Package event received: 0
05-28 12:49:34.739  2987  5363 D BackgroundInstallControlService: Package event received: 0
05-28 12:49:34.739  2987  5363 D BackgroundInstallControlService: Package event received: 0
05-28 12:49:34.739  2987  5363 D BackgroundInstallControlService: Package event received: 0
05-28 12:49:34.739  2987  5363 D BackgroundInstallControlService: Package event received: 0
05-28 12:49:34.739  2987  5363 D BackgroundInstallControlService: Package event received: 0
05-28 12:49:34.739  2987  5363 D BackgroundInstallControlService: Package event received: 0
05-28 12:49:34.739  2987  5363 D BackgroundInstallControlService: Package event received: 0
05-28 12:49:34.739  2987  5363 D BackgroundInstallControlService: Package event received: 0
05-28 12:49:34.739  2987  5363 D BackgroundInstallControlService: Package event received: 0
05-28 12:49:34.739  2987  5363 D BackgroundInstallControlService: Package event received: 0
05-28 12:49:34.739  2987  5363 D BackgroundInstallControlService: Package event received: 0
05-28 12:49:34.739  2987  5363 D BackgroundInstallControlService: Package event received: 0
05-28 12:49:34.739  2987  5363 D BackgroundInstallControlService: Package event received: 0
05-28 12:49:34.739  2987  5363 D BackgroundInstallControlService: Package event received: 0
05-28 12:49:34.739  2987  5363 D BackgroundInstallControlService: Package event received: 0
05-28 12:49:34.739  2987  5363 D BackgroundInstallControlService: Package event received: 0
05-28 12:49:34.739  2987  5363 D BackgroundInstallControlService: Package event received: 0
05-28 12:49:34.739  2987  5363 D BackgroundInstallControlService: Package event received: 0
05-28 12:49:34.739  2987 22782 W ContextImpl: Calling a method in the system process without a qualified user: android.app.ContextImpl.sendBroadcast:1269 com.qualcomm.qti.Performance$SendGameLaunchBroadcast.run:282 java.lang.Thread.run:1564 <bottom of call stack> <bottom of call stack> 
05-28 12:49:34.740  5447  6313 V WindowManagerShell: onTransitionReady(transaction=12829069039921)
05-28 12:49:34.740  2987  3163 V WindowManager: Sent Transition (#27873) createdAt=05-28 12:49:34.710 via request=TransitionRequestInfo { type = OPEN, triggerTask = TaskInfo{userId=0 taskId=7362 effectiveUid=10468 displayId=0 isRunning=true baseIntent=Intent { act=android.intent.action.MAIN cat=[android.intent.category.LAUNCHER] flg=0x10200000 cmp=com.example.gpstagger/.MainActivity } baseActivity=ComponentInfo{com.example.gpstagger/com.example.gpstagger.MainActivity} topActivity=ComponentInfo{com.example.gpstagger/com.example.gpstagger.MainActivity} origActivity=null realActivity=ComponentInfo{com.example.gpstagger/com.example.gpstagger.MainActivity} numActivities=1 lastActiveTime=4320092409 supportsMultiWindow=true resizeMode=1 isResizeable=true minWidth=-1 minHeight=-1 defaultMinSize=220 token=WCT{RemoteToken{6d44c3 Task{fddf86a #7362 type=standard A=10468:com.example.gpstagger}}} topActivityType=1 pictureInPictureParams=null shouldDockBigOverlays=false launchIntoPipHostTaskId=-1 lastParentTaskIdBeforePip=-1 displayCutoutSafeInsets=Rect(0, 105 - 0, 0) topActivityInfo=ActivityInfo{b4be140 com.example.gpstagger.MainActivity} launchCookies=[] positionInParent=Point(0, 0) parentTaskId=-1 isFocused=false isVisible=false isVisibleRequested=false isTopActivityNoDisplay=false isSleeping=false locusId=null displayAreaFeatureId=1 isTopActivityTransparent=false isActivityStackTransparent=false lastNonFullscreenBounds=null capturedLink=null capturedLinkTimestamp=0 requestedVisibleTypes=-9 topActivityRequestOpenInBrowserEducationTimestamp=0 appCompatTaskInfo=AppCompatTaskInfo { topActivityInSizeCompat=false eligibleForLetterboxEducation= false isLetterboxEducationEnabled= false isLetterboxDoubleTapEnabled= false eligibleForUserAspectRatioButton= false topActivityBoundsLetterboxed= false isFromLetterboxDoubleTap= false topActivityLetterboxVerticalPosition= -1 topActivityLetterboxHorizontalPosition= -1 topActivityLetterboxWidth=-1 topActivityLetterboxHeight=-1 topActivityAppBounds=Rect(0, 105 - 1080, 2337) isUserFullscreenOverrideEnabled=false isSystemFullscreenOverrideEnabled=false hasMinAspectRatioOverride=false topActivityLetterboxBounds=null cameraCompatTaskInfo=CameraCompatTaskInfo { freeformCameraCompatMode=inactive}} topActivityMainWindowFrame=null mWmShellFreeformScale=1.0 mWmShellFreeformMode=-1}, pipChange = null, remoteTransition = null, displayChange = null, flags = 0, debugId = 27873 }
05-28 12:49:34.740  2987  3163 V WindowManager:     startWCT=WindowContainerTransaction { changes= {} hops= [] errorCallbackToken=null taskFragmentOrganizer=null }
05-28 12:49:34.740  2987  3163 V WindowManager:     info={id=27873 t=OPEN f=0x0 trk=0 r=[0@Point(0, 0)] c=[
05-28 12:49:34.740  2987  3163 V WindowManager:         {WCT{RemoteToken{6d44c3 Task{fddf86a #7362 type=standard A=10468:com.example.gpstagger}}} m=OPEN f=NONE leash=Surface(name=Task=7362)/@0x23053e6 sb=Rect(0, 0 - 1080, 2400) eb=Rect(0, 0 - 1080, 2400) epz=Point(1080, 2400) d=0 taskParent=-1},
05-28 12:49:34.740  2987  3163 V WindowManager:         {WCT{RemoteToken{e2070e0 Task{f561ece #7190 type=home}}} m=TO_BACK f=SHOW_WALLPAPER leash=Surface(name=Task=7190)/@0xb741b4f sb=Rect(0, 0 - 1080, 2400) eb=Rect(0, 0 - 1080, 2400) epz=Point(1080, 2400) d=0 taskParent=-1},
05-28 12:49:34.740  2987  3163 V WindowManager:         {m=TO_BACK f=IS_WALLPAPER leash=Surface(name=WallpaperWindowToken{911afc9 showWhenLocked=false})/@0x5d03f77 sb=Rect(0, 0 - 1080, 2400) eb=Rect(0, 0 - 1080, 2400) epz=Point(1080, 2400) d=0}
05-28 12:49:34.740  2987  3163 V WindowManager:     ]}
05-28 12:49:34.740  5447  5570 V WindowManagerShell: onTransitionReady (#27873) android.os.BinderProxy@c9fa5e5: {id=27873 t=OPEN f=0x0 trk=0 r=[0@Point(0, 0)] c=[
05-28 12:49:34.740  5447  5570 V WindowManagerShell:         {m=OPEN f=NONE leash=Surface(name=Task=7362)/@0x6e7d32f sb=Rect(0, 0 - 1080, 2400) eb=Rect(0, 0 - 1080, 2400) epz=Point(1080, 2400) d=0 taskParent=-1},
05-28 12:49:34.740  5447  5570 V WindowManagerShell:         {m=TO_BACK f=SHOW_WALLPAPER leash=Surface(name=Task=7190)/@0x8676d3c sb=Rect(0, 0 - 1080, 2400) eb=Rect(0, 0 - 1080, 2400) epz=Point(1080, 2400) d=0 taskParent=-1},
05-28 12:49:34.740  5447  5570 V WindowManagerShell:         {m=TO_BACK f=IS_WALLPAPER leash=Surface(name=WallpaperWindowToken{911afc9 showWhenLocked=false})/@0xfb9fac5 sb=Rect(0, 0 - 1080, 2400) eb=Rect(0, 0 - 1080, 2400) epz=Point(1080, 2400) d=0}
05-28 12:49:34.740  5447  5570 V WindowManagerShell:     ]}
05-28 12:49:34.740  5447  5570 V WindowManagerShell: Playing animation for (#27873) android.os.BinderProxy@c9fa5e5@0
05-28 12:49:34.740  5447  5570 V ShellRecents: RecentsTransitionHandler.startAnimation: no controller found
05-28 12:49:34.740  5447  5570 V WindowManagerShell: Transition doesn't have explicit remote, search filters for match for {id=27873 t=OPEN f=0x0 trk=0 r=[0@Point(0, 0)] c=[{m=OPEN f=NONE leash=Surface(name=Task=7362)/@0x6e7d32f sb=Rect(0, 0 - 1080, 2400) eb=Rect(0, 0 - 1080, 2400) epz=Point(1080, 2400) d=0 taskParent=-1},{m=TO_BACK f=SHOW_WALLPAPER leash=Surface(name=Task=7190)/@0x8676d3c sb=Rect(0, 0 - 1080, 2400) eb=Rect(0, 0 - 1080, 2400) epz=Point(1080, 2400) d=0 taskParent=-1},{m=TO_BACK f=IS_WALLPAPER leash=Surface(name=WallpaperWindowToken{911afc9 showWhenLocked=false})/@0xfb9fac5 sb=Rect(0, 0 - 1080, 2400) eb=Rect(0, 0 - 1080, 2400) epz=Point(1080, 2400) d=0}]}
05-28 12:49:34.740  5447  5570 V WindowManagerShell:  Delegate animation for (#27873) to null
05-28 12:49:34.741  5447  5570 V WindowManagerShell: start default transition animation, info = {id=27873 t=OPEN f=0x0 trk=0 r=[0@Point(0, 0)] c=[{m=OPEN f=NONE leash=Surface(name=Task=7362)/@0x6e7d32f sb=Rect(0, 0 - 1080, 2400) eb=Rect(0, 0 - 1080, 2400) epz=Point(1080, 2400) d=0 taskParent=-1},{m=TO_BACK f=SHOW_WALLPAPER leash=Surface(name=Task=7190)/@0x8676d3c sb=Rect(0, 0 - 1080, 2400) eb=Rect(0, 0 - 1080, 2400) epz=Point(1080, 2400) d=0 taskParent=-1},{m=TO_BACK f=IS_WALLPAPER leash=Surface(name=WallpaperWindowToken{911afc9 showWhenLocked=false})/@0xfb9fac5 sb=Rect(0, 0 - 1080, 2400) eb=Rect(0, 0 - 1080, 2400) epz=Point(1080, 2400) d=0}]}
05-28 12:49:34.741  5447  5570 V WindowManagerShell: loadAnimation: anim=android.view.animation.AnimationSet@2a8734b animAttr=0x13 type=OPEN isEntrance=false
05-28 12:49:34.741  5447  5570 V WindowManagerShell: loadAnimation: anim=android.view.animation.AnimationSet@bdc2128 animAttr=0x12 type=OPEN isEntrance=true
05-28 12:49:34.741  2987  3218 I ActivityManager: ProcessObserver broadcast disabled
05-28 12:49:34.741  5447  5570 V WindowManagerShell:  animated by com.android.wm.shell.transition.DefaultTransitionHandler@f372005
05-28 12:49:34.741  2987  6008 I InputDispatcher: Window '2de94a1 com.teslacoilsw.launcher/com.teslacoilsw.launcher.NovaLauncher' spent 2.4ms processing input events on average(0/51). Monitor spent 0.7ms processing input events on average(0/7). Window input events down spent 3.3ms on average (0/7). Window input events up spent 0.6ms on average (0/7). Monitor input events down spent 2.3ms on average (0/1). Monitor input events up spent 0.5ms on average (0/1).
05-28 12:49:34.747 22781 22781 I ample.gpstagger: Using CollectorTypeCMC GC.
05-28 12:49:34.748  2477  2477 E AsusRouteMonitor: RTM_NEWNEIGH: target entry 192.168.0.137 66:98:ee:d5:af:52 NUD_STALE (0x4)
05-28 12:49:34.748  2477  2477 E AsusRouteMonitor: RTM_NEWNEIGH: target entry 192.168.0.1 64:62:66:2f:5e:af NUD_STALE (0x4)
05-28 12:49:34.751 22781 22781 D nativeloader: Load libframework-connectivity-tiramisu-jni.so using APEX ns com_android_tethering for caller /apex/com.android.tethering/javalib/framework-connectivity-t.jar: ok
05-28 12:49:34.754  2166  2166 E ANDR-PERF-SERVICE: sendPerfCallback() 288: NotifyCallback is not called
05-28 12:49:34.755  1954  1954 D Zygote  : Forked child process 22792
05-28 12:49:34.755  2987  8303 D CompatibilityInfo: mCompatibilityFlags - 0
05-28 12:49:34.755  2987  8303 D CompatibilityInfo: applicationDensity - 420
05-28 12:49:34.755  2987  8303 D CompatibilityInfo: applicationScale - 1.0
05-28 12:49:34.756  2987  5363 D BackgroundInstallControlService: Package event received: 0
05-28 12:49:34.756  2987  3218 I ActivityManager: Start proc 22792:com.qualcomm.qti.workloadclassifier/1000 for broadcast {com.qualcomm.qti.workloadclassifier/com.qualcomm.qti.workloadclassifier.WLCReceiver}
05-28 12:49:34.756  2987  3218 I ActivityManager: ProcessObserver broadcast disabled
05-28 12:49:34.757  2987  3163 D AlarmManagerServiceInjector: background restricted unblock alarm for 10468
05-28 12:49:34.757 22781 22781 D CompatChangeReporter: Compat change id reported: 242716250; UID 10468; state: ENABLED
05-28 12:49:34.757  8065  8082 V OsAgent : broadcastSystemEvent - 7
05-28 12:49:34.760 22781 22781 D nativeloader: Configuring clns-9 for other apk /data/app/~~eYSsNWhK4QneySXPeWDWVQ==/com.example.gpstagger-msuy_6tPta381jrhBqW91Q==/base.apk. target_sdk_version=34, uses_libraries=, library_path=/data/app/~~eYSsNWhK4QneySXPeWDWVQ==/com.example.gpstagger-msuy_6tPta381jrhBqW91Q==/lib/arm64, permitted_path=/data:/mnt/expand:/data/user/0/com.example.gpstagger
05-28 12:49:34.762 22781 22781 I ample.gpstagger: AssetManager2(0xb4000075b48e7238) locale list changing from [] to [en-US]
05-28 12:49:34.764 22781 22781 I Perf    : Connecting to perf service.
05-28 12:49:34.764 22792 22792 I kloadclassifier: Using CollectorTypeCMC GC.
05-28 12:49:34.765  2987  4067 W JobServiceContext: Sending onNetworkChanged for a job that isn't started. JobStatus{c7331dd androidx.work.systemjobscheduler:u0a172/15190 @androidx.work.systemjobscheduler@com.google.android.apps.youtube.music/androidx.work.impl.background.systemjob.SystemJobService u=0 s=10172 TIME=-5s377ms:none NET READY}
05-28 12:49:34.765 22781 22781 V GraphicsEnvironment: Currently set values for:
05-28 12:49:34.765 22781 22781 V GraphicsEnvironment:   angle_gl_driver_selection_pkgs=[]
05-28 12:49:34.765 22781 22781 V GraphicsEnvironment:   angle_gl_driver_selection_values=[]
05-28 12:49:34.765 22781 22781 V GraphicsEnvironment: com.example.gpstagger is not listed in per-application setting
05-28 12:49:34.765 22781 22781 V GraphicsEnvironment: ANGLE allowlist from config: 
05-28 12:49:34.765 22781 22781 V GraphicsEnvironment: com.example.gpstagger is not listed in ANGLE allowlist or settings, returning default
05-28 12:49:34.765 22781 22781 V GraphicsEnvironment: Updatable production driver is not supported on the device.
05-28 12:49:34.769 22781 22781 V Monotype: SetAppTypeFace- try to flip, app = com.example.gpstagger
05-28 12:49:34.769 22792 22792 D nativeloader: Load libframework-connectivity-tiramisu-jni.so using APEX ns com_android_tethering for caller /apex/com.android.tethering/javalib/framework-connectivity-t.jar: ok
05-28 12:49:34.770 22781 22781 E ashmem  : Pinning is deprecated since Android Q. Please use trim or other methods.
05-28 12:49:34.770 22781 22781 V Monotype:     Typeface getFontPathFlipFont - systemFont = default#default
05-28 12:49:34.772  2987  6008 D CompatibilityInfo: mCompatibilityFlags - 0
05-28 12:49:34.772  2987  6008 D CompatibilityInfo: applicationDensity - 420
05-28 12:49:34.772  2987  6008 D CompatibilityInfo: applicationScale - 1.0
05-28 12:49:34.776 22792 22792 D nativeloader: Configuring clns-shared-9 for other apk /system_ext/app/workloadclassifier/workloadclassifier.apk. target_sdk_version=35, uses_libraries=, library_path=/system_ext/app/workloadclassifier/lib/arm64:/system_ext/app/workloadclassifier/workloadclassifier.apk!/lib/arm64-v8a:/system/lib64:/system_ext/lib64, permitted_path=/data:/mnt/expand:/data/user/0/com.qualcomm.qti.workloadclassifier:/system_ext/app/workloadclassifier:/system/lib64:/system_ext/lib64
05-28 12:49:34.777 22792 22792 D CompatChangeReporter: Compat change id reported: 202956589; UID 1000; state: ENABLED
05-28 12:49:34.777 22792 22792 I kloadclassifier: AssetManager2(0xb4000075b48e7238) locale list changing from [] to [en-US]
05-28 12:49:34.778 22792 22792 I Perf    : Connecting to perf service.
05-28 12:49:34.778 22792 22792 D CompatChangeReporter: Compat change id reported: 279646685; UID 1000; state: ENABLED
05-28 12:49:34.779 22792 22792 V GraphicsEnvironment: Currently set values for:
05-28 12:49:34.779 22792 22792 V GraphicsEnvironment:   angle_gl_driver_selection_pkgs=[]
05-28 12:49:34.779 22792 22792 V GraphicsEnvironment:   angle_gl_driver_selection_values=[]
05-28 12:49:34.779 22792 22792 V GraphicsEnvironment: com.qualcomm.qti.workloadclassifier is not listed in per-application setting
05-28 12:49:34.779 22792 22792 V GraphicsEnvironment: ANGLE allowlist from config: 
05-28 12:49:34.779 22792 22792 V GraphicsEnvironment: com.qualcomm.qti.workloadclassifier is not listed in ANGLE allowlist or settings, returning default
05-28 12:49:34.779 22792 22792 V Monotype: SetAppTypeFace- try to flip, app = com.qualcomm.qti.workloadclassifier
05-28 12:49:34.780 22792 22792 E ashmem  : Pinning is deprecated since Android Q. Please use trim or other methods.
05-28 12:49:34.780 22792 22792 V Monotype:     Typeface getFontPathFlipFont - systemFont = default#default
05-28 12:49:34.795 22792 22792 E ANDR-PERF-CLIENT-SYS: death recipent object is fine
05-28 12:49:34.795 22792 22792 W kloadclassifier: AIBinder_linkToDeath is being called with a non-null cookie and no onUnlink callback set. This might not be intended. AIBinder_DeathRecipient_setOnUnlinked should be called first.
05-28 12:49:34.795  2166 11116 E ANDR-PERF-SERVICE: sendPerfCallback() 288: NotifyCallback is not called
05-28 12:49:34.795     0     0 I KERNEL  : [1601055.814838][ T1298] [   info] all_finger_lift: All finger UP
05-28 12:49:34.795     0     0 I KERNEL  : [1601055.917327][  T751] servicemanager: Caller(pid=22792,uid=1000,sid=u:r:system_app:s0) Found vendor.qti.hardware.perf2.IPerf/default in device VINTF manifest.
05-28 12:49:34.796  2166  6540 E ANDR-PERF-SERVICE: sendPerfCallback() 288: NotifyCallback is not called
05-28 12:49:34.796 22792 22809 W ContextImpl: Calling a method in the system process without a qualified user: android.app.ContextImpl.startService:2002 android.content.ContextWrapper.startService:862 android.content.ContextWrapper.startService:862 com.qualcomm.qti.workloadclassifier.WLCReceiver$StartRunnable.run:59 java.lang.Thread.run:1564 
05-28 12:49:34.797   766   766 I hwservicemanager: getTransport: Cannot find entry vendor.qti.hardware.servicetracker@1.2::IServicetracker/default in either framework or device VINTF manifest.
05-28 12:49:34.797  2987  8300 W ActivityTaskManager: servicetracker HIDL not available
05-28 12:49:34.797  2987  8300 E ActivityTaskManager: Unable to get servicetracker HAL instance
05-28 12:49:34.798  2166 26858 E ANDR-PERF-SERVICE: sendPerfCallback() 288: NotifyCallback is not called
05-28 12:49:34.798  2987  6008 I ActivityManager: Killing 19192:com.asus.weathertime/u0a97 (adj 975): empty #49
05-28 12:49:34.799  2166 17017 E ANDR-PERF-SERVICE: sendPerfCallback() 288: NotifyCallback is not called
05-28 12:49:34.799 22781 22810 I DisplayManager: Choreographer implicitly registered for the refresh rate.
05-28 12:49:34.800  5629  5906 D AsusGAHandler: notifyGAInfo isFocused=false
05-28 12:49:34.801  2987  5363 D BackgroundInstallControlService: Package event received: 0
05-28 12:49:34.801  2987  5363 D BackgroundInstallControlService: Package event received: 0
05-28 12:49:34.801 22781 22781 I ample.gpstagger: AssetManager2(0xb4000075b4906f98) locale list changing from [] to [en-US]
05-28 12:49:34.802 22781 22810 I AdrenoGLES-0: QUALCOMM build                   : 3e46547c6d, I05d4d500aa
05-28 12:49:34.802 22781 22810 I AdrenoGLES-0: Build Date                       : 11/18/25
05-28 12:49:34.802 22781 22810 I AdrenoGLES-0: OpenGL ES Shader Compiler Version: E031.45.02.26
05-28 12:49:34.802 22781 22810 I AdrenoGLES-0: Local Branch                     : 
05-28 12:49:34.802 22781 22810 I AdrenoGLES-0: Remote Branch                    : refs/tags/AU_LINUX_ANDROID_LA.VENDOR.14.3.0.11.00.00.974.039
05-28 12:49:34.802 22781 22810 I AdrenoGLES-0: Remote Branch                    : NONE
05-28 12:49:34.802 22781 22810 I AdrenoGLES-0: Reconstruct Branch               : NOTHING
05-28 12:49:34.802 22781 22810 I AdrenoGLES-0: Build Config                     : S P 16.1.2 AArch64
05-28 12:49:34.802 22781 22810 I AdrenoGLES-0: Driver Path                      : /vendor/lib64/egl/libGLESv2_adreno.so
05-28 12:49:34.802 22781 22810 I AdrenoGLES-0: Driver Version                   : 0762.43
05-28 12:49:34.802 22781 22810 I AdrenoGLES-0: Process Name                     : com.example.gpstagger
05-28 12:49:34.802 22781 22781 D AppCompatDelegate: Checking for metadata for AppLocalesMetadataHolderService : Service not found
05-28 12:49:34.802 22781 22781 I ample.gpstagger: AssetManager2(0xb4000075b4904d38) locale list changing from [] to [en-US]
05-28 12:49:34.802  5629  5905 D GameModeHandler: handleAppFocus exit
05-28 12:49:34.802  5629  5905 D LlmHandler: isRogDevice() ret = true
05-28 12:49:34.802  5629  5905 D LlmHandler: handleAppFocus() packageName: com.example.gpstagger
05-28 12:49:34.803  5629  5905 V LlmHandler: Start set LLM: isAutoStart = false, isGame = false, isExternalDisplay = false
05-28 12:49:34.803  5629  5905 V LlmHandler: End set LLM
05-28 12:49:34.804  5629  5905 D GameGenieHandler: packageName: com.example.gpstagger taskId: 7362 reason: TopResumedActivityChanged isFirstLaunchInMem: true windowingMode: 1 isDirectBoot: false mIsGameGenieWorking: false userId: 0 uid: 10468 pid: 22781
05-28 12:49:34.804  5629  5905 D GameGenieHandler: intent action: android.intent.action.MAIN className: com.example.gpstagger.MainActivity
05-28 12:49:34.804  5447  5447 V AsusFocusAppManager: Default display package: com.example.gpstagger, bounds: Rect(0, 0 - 1080, 2400)
05-28 12:49:34.804  5629  5905 D GameGenieHandler: update mLastTriggerIntent: null
05-28 12:49:34.804  5629  5905 V GameGenieHandler: Start setGamingType: isAutoStart = false, isGame = false, windowingMode = 1
05-28 12:49:34.805     0     0 I KERNEL  : [1601055.925903][    T1] init: processing action (vendor.asus.touch.extra_config=*) from (/vendor/etc/init/hw/init.asus.rc:1281)
05-28 12:49:34.804  5447  5447 V AsusFocusAppManager: Non-default display package: , bounds: Rect(0, 0 - 0, 0)
05-28 12:49:34.804  5629  5905 V GameGenieHandler: End setGamingType
05-28 12:49:34.804  5447  5447 V AsusFocusAppManager: Info: Info(componentName=ComponentInfo{com.teslacoilsw.launcher/com.teslacoilsw.launcher.NovaLauncher}, focusUid=10232) -> Info(componentName=ComponentInfo{com.example.gpstagger/com.example.gpstagger.MainActivity}, focusUid=10468)
05-28 12:49:34.804  5447  5447 V SysUiVideoGenieManager: com.example.gpstagger is supported? false
05-28 12:49:34.804  5629  5629 D TaskWatcherSvc: pkgName: com.example.gpstagger taskId: 7362 game app:0
05-28 12:49:34.804  5629  5906 D OpenedTimeAppInfoProvider: Update DB : number of affected records : 1
05-28 12:49:34.805 22781 22781 V Monotype: SetAppTypeFace- try to flip, app = com.example.gpstagger
05-28 12:49:34.805 22781 22781 V Monotype:     Typeface getFontPathFlipFont - systemFont = default#default
05-28 12:49:34.806  5629  5918 I AsusFreeFallHandler: Register freefall sensor
05-28 12:49:34.806  5629  5918 E SensorManager: sensor or listener is null
05-28 12:49:34.806  5629  5918 E AsusFreeFallHandler: Register freefall sensor fail
05-28 12:49:34.807  5629  5629 D PwrSvrSvc: xProfile current package:com.example.gpstagger act:com.example.gpstagger.MainActivity sMode:0 pMode:9 game:0
05-28 12:49:34.807  5629  5629 D PwrSvrSvc: current package: mPreTaskId:-1 taskId:7362
05-28 12:49:34.817     0     0 I KERNEL  : [1601055.926261][  T444] [   info] fts_extra_config_store: Extra touch extra config:0
05-28 12:49:34.817     0     0 I KERNEL  : [1601055.928877][    T1] init: processing action (sys.foregroundapp=*) from (/system/etc/init/init.asus.b_handle.rc:7)
05-28 12:49:34.817     0     0 I KERNEL  : [1601055.929009][    T1] init: starting service 'b_handle'...
05-28 12:49:34.817     0     0 I KERNEL  : [1601055.932357][    T1] init: ... started service 'b_handle' has pid 22813
05-28 12:49:34.809 23934 22812 D OpenedAppInfo_Launcher: onChange: com.example.gpstagger, previous: com.teslacoilsw.launcher
05-28 12:49:34.811 23934 23934 D OpenedAppInfo_Launcher: fetchIsDataTransferPackageOnTop: uid=10468
05-28 12:49:34.811 26472 26472 D AsusWifiPerfService: Current focus uid is 10468 [com.example.gpstagger]
05-28 12:49:34.813 22781 22781 D DesktopModeFlags: Toggle override initialized to: OVERRIDE_UNSET
05-28 12:49:34.814 17873 17873 W JobInfo : Job 'com.asus.nextappcore/.service.NextAppCoreTrainingJobService#2' has a deadline with no functional constraints. The deadline won't improve job execution latency. Consider removing the deadline.
05-28 12:49:34.815 22781 22781 W HWUI    : Image decoding logging dropped!
05-28 12:49:34.815  2987  8297 W JobInfo : Job 'com.asus.nextappcore/.service.NextAppCoreTrainingJobService#2' has a deadline with no functional constraints. The deadline won't improve job execution latency. Consider removing the deadline.
05-28 12:49:34.815  2987  8297 D AlarmManager: setImpl: (a) wakeup alarm (system): 1000/android, action: , 4320092607
05-28 12:49:34.816 22781 22810 I AdrenoGLES-0: PFP: 0x01520181, ME: 0x01520023
05-28 12:49:34.817  2156  2156 I IRIS_LOG_SERV: irisConfigureSet(513, 1, 2308)
05-28 12:49:34.818 17873 19983 D NextAppTrainingJobService: insert data - Package:__na__, Previous1:com.example.gpstagger, Previous2:com.teslacoilsw.launcher, Previous3:com.example.gpstagger, Previous4:com.asus.launcher, Timestamp:1779997774808, p1_ts_diff:0, p2_ts_diff:143389, p3_ts_diff:143421, p4_ts_diff:144729, p1_dur:0, p2_dur:143389, p3_dur:32, p4_dur:1308, Hour:12, DayClass:12~18, Weekday:Thursday, WeekClass:weekday, Timezone:America/Los_Angeles, UTC:-7, Plugged:1, LastPlugged:467838, MobileRadioOn:-1, LastMobileRadioOn:302395, WifiOn:1, LastWifiOn:168068078, GpsOn:-1, LastGpsOn:694231, SensorOn:1, LastSensorOn:4320049291, WifiScan:-1, LastWifiScan:1146, WifiFullLock:-1, LastWifiFullLock:398134628, WifiRunning:0, LastWifiRunning:86400, WifiMultiCastOn:1, LastWifiMultiCastOn:710485, AudioOn:-1, LastAudioOn:2573571, CameraOn:1, LastCameraOn:4311331942, VideoOn:1, LastVideoOn:4317011000, LowPowerModeOn:0, LastLowPowerModeOn:86400, FlashlightOn:-1, LastFlashlightOn:53337538, ChargingOn:0, LastChargingOn:467838, PhoneInCall:-1, LastPhoneInCall:11475617, PhoneScanning:-1, LastPhoneScanning:60191453, BleScanning:1, LastBleScanning:467123, WifiHotspotOn:0, LastWifiHotspotOn:86400, LastLa:Ef88hRp4pQHLC2Ot_SgFKw==, LastLo:sqoneDdQc8IfWgDiD88XPw==, LastLac:15.459, sid:[��
05-28 12:49:34.818 17873 19983 D NextAppTrainingJobService: �~jmw�?3�, 
05-28 12:49:34.819 22792 22792 D nativeloader: Load /system_ext/lib64/libqti_workloadclassifiermodel.so using ns default for caller /system_ext/app/workloadclassifier/workloadclassifier.apk in same partition (is_bridged=0): ok
05-28 12:49:34.819 22792 22792 I tflite  : Initialized TensorFlow Lite runtime.
05-28 12:49:34.819 22781 22781 D AndroidRuntime: Shutting down VM
05-28 12:49:34.819  2179  2179 I qspmHal : enter getGpuProf at: 1881314275
05-28 12:49:34.819  2179  2179 I qspmHal : Coudn't match the GFX PID 22781 to AT PID 22792. Checking in local cache.
05-28 12:49:34.819  2179  2179 I qspmHal : Found the GFX PID in cache
05-28 12:49:34.819  2179  2179 I qspmHal : PID 22781 from GFX matched.
05-28 12:49:34.819  2179  2179 I qspmHal : gpuProfName:com.example.gpstagger-gpu - gpu prof_info.path:/data/vendor/gaming/com.example.gpstagger-gpu
05-28 12:49:34.819  2179  2179 E qspmHal : GPU profile file NOT found !!
--------- beginning of crash
05-28 12:49:34.819 22781 22781 E AndroidRuntime: FATAL EXCEPTION: main
05-28 12:49:34.819 22781 22781 E AndroidRuntime: Process: com.example.gpstagger, PID: 22781
05-28 12:49:34.819 22781 22781 E AndroidRuntime: java.lang.IncompatibleClassChangeError: Found class o1.d, but interface was expected (declaration of 'o1.d' appears in /data/app/~~eYSsNWhK4QneySXPeWDWVQ==/com.example.gpstagger-msuy_6tPta381jrhBqW91Q==/base.apk)
05-28 12:49:34.819 22781 22781 E AndroidRuntime: 	at com.example.gpstagger.MainActivity.onCreate(Unknown Source:493)
05-28 12:49:34.819 22781 22781 E AndroidRuntime: 	at android.app.Activity.performCreate(Activity.java:9196)
05-28 12:49:34.819 22781 22781 E AndroidRuntime: 	at android.app.Activity.performCreate(Activity.java:9174)
05-28 12:49:34.819 22781 22781 E AndroidRuntime: 	at android.app.Instrumentation.callActivityOnCreate(Instrumentation.java:1524)
05-28 12:49:34.819 22781 22781 E AndroidRuntime: 	at android.app.ActivityThread.performLaunchActivity(ActivityThread.java:4349)
05-28 12:49:34.819 22781 22781 E AndroidRuntime: 	at android.app.ActivityThread.handleLaunchActivity(ActivityThread.java:4554)
05-28 12:49:34.819 22781 22781 E AndroidRuntime: 	at android.app.servertransaction.LaunchActivityItem.execute(LaunchActivityItem.java:222)
05-28 12:49:34.819 22781 22781 E AndroidRuntime: 	at android.app.servertransaction.TransactionExecutor.executeNonLifecycleItem(TransactionExecutor.java:133)
05-28 12:49:34.819 22781 22781 E AndroidRuntime: 	at android.app.servertransaction.TransactionExecutor.executeTransactionItems(TransactionExecutor.java:103)
05-28 12:49:34.819 22781 22781 E AndroidRuntime: 	at android.app.servertransaction.TransactionExecutor.execute(TransactionExecutor.java:80)
05-28 12:49:34.819 22781 22781 E AndroidRuntime: 	at android.app.ActivityThread$H.handleMessage(ActivityThread.java:2904)
05-28 12:49:34.819 22781 22781 E AndroidRuntime: 	at android.os.Handler.dispatchMessage(Handler.java:110)
05-28 12:49:34.819 22781 22781 E AndroidRuntime: 	at android.os.Looper.loopOnce(Looper.java:288)
05-28 12:49:34.819 22781 22781 E AndroidRuntime: 	at android.os.Looper.loop(Looper.java:408)
05-28 12:49:34.819 22781 22781 E AndroidRuntime: 	at android.app.ActivityThread.main(ActivityThread.java:9331)
05-28 12:49:34.819 22781 22781 E AndroidRuntime: 	at java.lang.reflect.Method.invoke(Native Method)
05-28 12:49:34.819 22781 22781 E AndroidRuntime: 	at com.android.internal.os.RuntimeInit$MethodAndArgsCaller.run(RuntimeInit.java:593)
05-28 12:49:34.819 22781 22781 E AndroidRuntime: 	at com.android.internal.os.ZygoteInit.main(ZygoteInit.java:940)
05-28 12:49:34.819  2987  3219 I libprocessgroup: Removed cgroup /sys/fs/cgroup/apps/uid_10097/pid_19192
05-28 12:49:34.820  8065  8082 V OsAgent : broadcastSystemEvent - 7
05-28 12:49:34.820  1954  1954 I Zygote  : Process 19192 exited due to signal 9 (Killed)
05-28 12:49:34.820     0     0 I KERNEL  : [1601055.941700][  T751] servicemanager: Caller(pid=22781,uid=10468,sid=u:r:untrusted_app:s0:c212,c257,c512,c768) Found vendor.qti.qspmhal.IQspmhal/default in device VINTF manifest.
05-28 12:49:34.820  2166 29987 E ANDR-PERF-SERVICE: sendPerfCallback() 288: NotifyCallback is not called
05-28 12:49:34.820 22781 22810 I AdrenoUtils: <ReadGpuID:357>: Reading chip ID through GSL
05-28 12:49:34.821  2987 22819 I DropBoxManagerService: add tag=data_app_crash isTagEnabled=true flags=0x2
05-28 12:49:34.821  2987  8297 W ActivityTaskManager:   Force finishing activity com.example.gpstagger/.MainActivity
05-28 12:49:34.821 22792 22818 D WLC-Service: perf mpctl Init Completed
