05-28 12:49:36.608  5447  5570 V WindowManagerShell: start default transition animation, info = {id=27876 t=CLOSE f=0x10 trk=1 r=[0@Point(0, 0)] c=[{m=TO_FRONT f=SHOW_WALLPAPER|MOVE_TO_TOP leash=Surface(name=Task=7190)/@0x41249df sb=Rect(0, 0 - 1080, 2400) eb=Rect(0, 0 - 1080, 2400) epz=Point(1080, 2400) d=0 taskParent=-1},{m=CLOSE f=NONE leash=Surface(name=Task=7363)/@0xfc5962c sb=Rect(0, 0 - 1080, 2400) eb=Rect(0, 0 - 1080, 2400) epz=Point(1080, 2400) d=0 taskParent=-1},{m=TO_FRONT f=IS_WALLPAPER leash=Surface(name=WallpaperWindowToken{911afc9 showWhenLocked=false})/@0xcea88f5 sb=Rect(0, 0 - 1080, 2400) eb=Rect(0, 0 - 1080, 2400) epz=Point(1080, 2400) d=0}]}
05-28 12:49:36.608  5629  5905 D GameGenieHandler: update mLastTriggerIntent: null
05-28 12:49:36.608  5629  5905 V GameGenieHandler: Start setGamingType: isAutoStart = false, isGame = false, windowingMode = 1
05-28 12:49:36.608  5629  5905 V GameGenieHandler: End setGamingType
05-28 12:49:36.608  5629  5905 D PowerSaverHandler: Skip notify the same pkg to PowerSaver
05-28 12:49:36.608  5447  5570 V WindowManagerShell: loadAnimation: anim=android.view.animation.AnimationSet@7a7bf71 animAttr=0x11 type=CLOSE isEntrance=false
05-28 12:49:36.609  5447  5570 V WindowManagerShell: loadAnimation: anim=android.view.animation.AnimationSet@85595d7 animAttr=0x10 type=CLOSE isEntrance=true
05-28 12:49:36.609  5629  5906 D OpenedTimeAppInfoProvider: Update DB : number of affected records : 1
05-28 12:49:36.609  5447  5570 V WindowManagerShell:  animated by com.android.wm.shell.transition.DefaultTransitionHandler@f372005
05-28 12:49:36.610  2166 17017 E ANDR-PERF-SERVICE: sendPerfCallback() 288: NotifyCallback is not called
05-28 12:49:36.610  2987  3163 V WindowManager: Sent Transition (#27876) createdAt=05-28 12:49:36.101 via request=TransitionRequestInfo { type = CLOSE, triggerTask = TaskInfo{userId=0 taskId=7363 effectiveUid=10468 displayId=0 isRunning=true baseIntent=Intent { act=android.intent.action.MAIN cat=[android.intent.category.LAUNCHER] flg=0x10200000 cmp=com.example.gpstagger/.MainActivity } baseActivity=ComponentInfo{com.example.gpstagger/com.example.gpstagger.MainActivity} topActivity=ComponentInfo{com.example.gpstagger/com.example.gpstagger.MainActivity} origActivity=null realActivity=ComponentInfo{com.example.gpstagger/com.example.gpstagger.MainActivity} numActivities=1 lastActiveTime=4320093769 supportsMultiWindow=true resizeMode=1 isResizeable=true minWidth=-1 minHeight=-1 defaultMinSize=220 token=WCT{RemoteToken{b9121e1 Task{c2467fb #7363 type=standard A=10468:com.example.gpstagger}}} topActivityType=1 pictureInPictureParams=null shouldDockBigOverlays=false launchIntoPipHostTaskId=-1 lastParentTaskIdBeforePip=-1 displayCutoutSafeInsets=Rect(0, 0 - 0, 0) topActivityInfo=ActivityInfo{a242b06 com.example.gpstagger.MainActivity} launchCookies=[] positionInParent=Point(0, 0) parentTaskId=-1 isFocused=true isVisible=true isVisibleRequested=true isTopActivityNoDisplay=false isSleeping=false locusId=null displayAreaFeatureId=1 isTopActivityTransparent=false isActivityStackTransparent=false lastNonFullscreenBounds=null capturedLink=null capturedLinkTimestamp=0 requestedVisibleTypes=-9 topActivityRequestOpenInBrowserEducationTimestamp=0 appCompatTaskInfo=AppCompatTaskInfo { topActivityInSizeCompat=false eligibleForLetterboxEducation= false isLetterboxEducationEnabled= false isLetterboxDoubleTapEnabled= false eligibleForUserAspectRatioButton= false topActivityBoundsLetterboxed= false isFromLetterboxDoubleTap= false topActivityLetterboxVerticalPosition= -1 topActivityLetterboxHorizontalPosition= -1 topActivityLetterboxWidth=-1 topActivityLetterboxHeight=-1 topActivityAppBounds=Rect(0, 105 - 1080, 2337) isUserFullscreenOverrideEnabled=false isSystemFullscreenOverrideEnabled=false hasMinAspectRatioOverride=false topActivityLetterboxBounds=null cameraCompatTaskInfo=CameraCompatTaskInfo { freeformCameraCompatMode=inactive}} topActivityMainWindowFrame=null mWmShellFreeformScale=1.0 mWmShellFreeformMode=-1}, pipChange = null, remoteTransition = null, displayChange = null, flags = 16, debugId = 27876 }
05-28 12:49:36.610  2987  3163 V WindowManager:     startWCT=WindowContainerTransaction { changes= {} hops= [] errorCallbackToken=null taskFragmentOrganizer=null }
05-28 12:49:36.610  2987  3163 V WindowManager:     info={id=27876 t=CLOSE f=0x10 trk=1 r=[0@Point(0, 0)] c=[
05-28 12:49:36.610  2987  3163 V WindowManager:         {WCT{RemoteToken{e2070e0 Task{f561ece #7190 type=home}}} m=TO_FRONT f=SHOW_WALLPAPER|MOVE_TO_TOP leash=Surface(name=Task=7190)/@0xb741b4f sb=Rect(0, 0 - 1080, 2400) eb=Rect(0, 0 - 1080, 2400) epz=Point(1080, 2400) d=0 taskParent=-1},
05-28 12:49:36.610  2987  3163 V WindowManager:         {WCT{RemoteToken{b9121e1 Task{c2467fb #7363 type=standard A=10468:com.example.gpstagger}}} m=CLOSE f=NONE leash=Surface(name=Task=7363)/@0x9db45eb sb=Rect(0, 0 - 1080, 2400) eb=Rect(0, 0 - 1080, 2400) epz=Point(1080, 2400) d=0 taskParent=-1},
05-28 12:49:36.610  2987  3163 V WindowManager:         {m=TO_FRONT f=IS_WALLPAPER leash=Surface(name=WallpaperWindowToken{911afc9 showWhenLocked=false})/@0x5d03f77 sb=Rect(0, 0 - 1080, 2400) eb=Rect(0, 0 - 1080, 2400) epz=Point(1080, 2400) d=0}
05-28 12:49:36.610  2987  3163 V WindowManager:     ]}
05-28 12:49:36.610  2987  5363 D BackgroundInstallControlService: Package event received: 0
05-28 12:49:36.611  5629  5918 I AsusFreeFallHandler: Register freefall sensor
05-28 12:49:36.611  5629  5918 E SensorManager: sensor or listener is null
05-28 12:49:36.611  5629  5918 E AsusFreeFallHandler: Register freefall sensor fail
05-28 12:49:36.612  2987  5363 D BackgroundInstallControlService: Package event received: 0
05-28 12:49:36.612  2987  5363 D BackgroundInstallControlService: Package event received: 0
05-28 12:49:36.612  5629  5906 D AsusGAHandler: notifyGAInfo isFocused=false
05-28 12:49:36.616  8065  8082 V OsAgent : broadcastSystemEvent - 7
05-28 12:49:36.616  5629  5906 D OpenedTimeAppInfoProvider: Update DB : number of affected records : 1
05-28 12:49:36.617  5629  5918 I AsusFreeFallHandler: Register freefall sensor
05-28 12:49:36.617  5629  5918 E SensorManager: sensor or listener is null
05-28 12:49:36.617  5629  5918 E AsusFreeFallHandler: Register freefall sensor fail
05-28 12:49:36.631 16399 17921 V U.Notification: Posting new notification, elapsed=16023
05-28 12:49:36.720     0     0 I KERNEL  : [1601057.731063][  T444] [   info] fts_extra_config_store: Extra touch extra config:0
05-28 12:49:36.720     0     0 E KERNEL  : [1601057.842254][T22600] BATTERY_CHG: handle_notification: [adsp] evtlog= [FG][BAT] SOC=60, RSOC=60, FCC=5216, RM=3108, d_cap=5224, t=3011, v=7928, c=-97
05-28 12:49:36.720     0     0 E KERNEL  : [1601057.842279][T22600] BATTERY_CHG: handle_notification: [adsp] evtlog= [FG][BAT] TRM=3108, TFCC=5132, Vcell1=3965, Vcell2=3965, chg_st=1
05-28 12:49:36.724     0     0 E KERNEL  : [1601057.845160][T16762] BATTERY_CHG: handle_notification: [adsp] evtlog= ActivePort[0] PartnerType=2, Voltage_max=5000 mV, Voltage_min=5000 mV, Current_max=500 mA, Power_max_uw=2500000 uW
05-28 12:49:36.732     0     0 E KERNEL  : [1601057.852931][T16762] BATTERY_CHG: handle_notification: [adsp] evtlog= [BAT][CHG]BattMngrTech_Jeita_judge_state. old_State: 4, batt_tempr: 281
05-28 12:49:36.732     0     0 E KERNEL  : [1601057.852978][T16762] BATTERY_CHG: handle_notification: [adsp] evtlog= [ADSP][CHG]BattMngrTech_ASUS_Jeita_Rule. temp : 281, voltage : 7928 mV, vfloat : 8920 mV, bat_safe_con=2
05-28 12:49:36.732     0     0 E KERNEL  : [1601057.853026][T16762] BATTERY_CHG: handle_notification: [adsp] evtlog= [ADSP][CHG]BattMngrTech_ASUS_Jeita_Update. old_FV : 8920 mV, new_FV : 8920 mV, FCC : 6000 mA
05-28 12:49:36.732     0     0 E KERNEL  : [1601057.853104][T16762] BATTERY_CHG: handle_notification: [adsp] evtlog= [BAT][CHG]BattMngrTech_Update_Charging_Pause_Result. charging_paused=0
05-28 12:49:36.732     0     0 E KERNEL  : [1601057.853192][T16762] BATTERY_CHG: handle_notification: [adsp] evtlog= [BAT][CHG]BattMngrTech_ASUS_Get_CHARGING_PAUSED. paused_val=0
05-28 12:49:36.732     0     0 I KERNEL  : [1601057.853415][T21274] [BAT][CHG]set_qc_stat: status: 1, switch: 0
05-28 12:49:36.732     0     0 I KERNEL  : [1601057.853509][T21274] [BAT][CHG]set_qc_stat: status: 1, switch: 0
05-28 12:49:36.732     0     0 E KERNEL  : [1601057.854231][T21274] [BAT][CHG][ERR]soc_remapping, RM_FCC_soc= 5958, RM= 3108, FCC= 5216, mtNow.tv_sec = 4320094, last_time= 4320094
05-28 12:49:36.741     0     0 I KERNEL  : [1601057.863161][ T2015] [BAT][CHG]set_qc_stat: status: 1, switch: 0
05-28 12:49:36.741     0     0 W KERNEL  : [1601057.863821][ T2015] healthd: battery l=59 v=7928 t=27.9 h=2 st=2 c=-156000 fc=5216000 cc=89 chg=u
05-28 12:49:36.744     0     0 I KERNEL  : [1601057.866400][ T2015] [BAT][CHG]set_qc_stat: status: 1, switch: 0
05-28 12:49:36.744     0     0 E KERNEL  : [1601057.866455][T16762] BATTERY_CHG: handle_notification: [adsp] evtlog= [ICM][SCP][SVS] icm_scp_svs_main
05-28 12:49:36.744     0     0 E KERNEL  : [1601057.866517][T16762] BATTERY_CHG: handle_notification: [adsp] evtlog= [ICM][SCP][SVS] scp_svs_db - fcc_ma=6000, icl_ma=500, vin_mv=5000
05-28 12:49:36.846  5447  5570 V WindowManagerShell: Transition animation finished (aborted=false), notifying core (#27876) android.os.BinderProxy@66cda00@1
05-28 12:49:36.847  2987  3163 V WindowManager: Finish Transition (#27876): created at 05-28 12:49:36.101 collect-started=0.027ms request-sent=0.074ms started=3.453ms ready=503.192ms sent=504.489ms commit=7.431ms finished=745.598ms
05-28 12:49:36.848  5447  5570 V WindowManagerShell: Track 1 became idle
05-28 12:49:36.848  5447  5570 V WindowManagerShell: All active transition animations finished
05-28 12:49:36.848   766   766 I hwservicemanager: getTransport: Cannot find entry vendor.qti.hardware.servicetracker@1.2::IServicetracker/default in either framework or device VINTF manifest.
05-28 12:49:36.848  2987  3167 W ActivityTaskManager: servicetracker HIDL not available
05-28 12:49:36.848  2987  3167 E ActivityTaskManager: Unable to get servicetracker HAL instance
05-28 12:49:36.848   766   766 I hwservicemanager: getTransport: Cannot find entry vendor.qti.hardware.servicetracker@1.2::IServicetracker/default in either framework or device VINTF manifest.
05-28 12:49:36.848  2987  3167 W ActivityTaskManager: servicetracker HIDL not available
05-28 12:49:36.848  2987  3167 E ActivityTaskManager: Unable to get servicetracker HAL instance
05-28 12:49:36.848  5805  5922 W DynamicDDSService: appName is not found in cache: com.example.gpstagger
05-28 12:49:36.849   766   766 I hwservicemanager: getTransport: Cannot find entry vendor.qti.hardware.servicetracker@1.2::IServicetracker/default in either framework or device VINTF manifest.
05-28 12:49:36.849  2987  3167 W ActivityTaskManager: servicetracker HIDL not available
05-28 12:49:36.849  2987  3167 E ActivityTaskManager: Unable to get servicetracker HAL instance
05-28 12:49:36.849   766   766 I hwservicemanager: getTransport: Cannot find entry vendor.qti.hardware.servicetracker@1.2::IServicetracker/default in either framework or device VINTF manifest.
05-28 12:49:36.849  2987  3167 W ActivityTaskManager: servicetracker HIDL not available
05-28 12:49:36.849  2987  3167 E ActivityTaskManager: Unable to get servicetracker HAL instance
05-28 12:49:37.110  1740  1740 D FramerateWidget2: frameratre widget onReceive action: asus.intent.action.CUSTOM_REFRESH_RATE_CHANGED
05-28 12:49:37.110  1740  1740 D FramerateWidget2: update UI
05-28 12:49:37.111  1740  1740 D FramerateWidget2: frameratre widget onReceive action: asus.intent.action.CUSTOM_REFRESH_RATE_CHANGED
05-28 12:49:37.111  1740  1740 D FramerateWidget2: update UI
05-28 12:49:37.176     0     0 I KERNEL  : [1601058.298953][ T7591] [BAT][CHG]set_qc_stat: status: 1, switch: 0
05-28 12:49:37.177     0     0 I KERNEL  : [1601058.299512][    T1] init: processing action (vendor.audio.volume.supression.pkg=*) from (/vendor/etc/init/hw/init.asus.rc:1585)
05-28 12:49:37.178     0     0 I KERNEL  : [1601058.300269][    T1] init: processing action (vendor.audio.volume.supression=*) from (/vendor/etc/init/hw/init.asus.rc:1582)
05-28 12:49:37.188  2166  7591 E ANDR-PERF-OPTSHANDLER: thermal_pol f=119, cl=2/2265/2265, cg=20/22/21/3148/3148, ct=12/22/2956/2956, cp=9/672/2553, g=8/231, fg=com.teslacoilsw.launcher, fa=NovaLauncher, pol_u=0, pol_c=0, sys=0, W=-3369mW,batlvl=59,chg=Chargi(2133),
05-28 12:49:37.204     0     0 I KERNEL  : [1601058.326233][T11249] [ALS/PS]  stk3a9x_als_get_data_polling_internal 3256: ALS AG = 4, DG = 1024, gain_ratio = 1
05-28 12:49:37.208     0     0 I KERNEL  : [1601058.327466][T11249] [ALS/PS]  stk3a9x_als_get_data_polling_internal 3483: Display PWM, avg_cnt: 48, FIFOData.Size: 256, fifo_avg_f: 95, fifo_avg_g: 28, fifo_avg_c: 0, fifo_avg_diff: 30, cal_diff = -103079214510, BS: 208
05-28 12:49:37.208     0     0 I KERNEL  : [1601058.327471][T11249] [ALS/PS]  stk3a9x_als_notify 2021: ALS data = 22, scale = 261, raw=88, 28,28,28,27,26,26,26,26,26,26,25,25,24,24,23,22,22,23,23,22,
05-28 12:49:37.212  2987  3030 I system_server: Background young concurrent mark compact GC freed 46MB AllocSpace bytes, 2430(47MB) LOS objects, 40% free, 140MB/234MB, paused 796us,8.149ms total 103.714ms
05-28 12:49:37.217  2987  3032 W System  : A resource failed to call ContentProviderClient.close. 
05-28 12:49:37.217  2987  3032 W System  : A resource failed to call ContentProviderClient.close. 
05-28 12:49:37.217  2987  3032 W System  : A resource failed to call ContentProviderClient.close. 
05-28 12:49:37.217  2987  3032 W System  : A resource failed to call ContentProviderClient.close. 
05-28 12:49:37.217  2987  3032 W System  : A resource failed to call ContentProviderClient.close. 
05-28 12:49:37.217  2987  3032 W System  : A resource failed to call ContentProviderClient.close. 
05-28 12:49:37.218  2987  3032 W System  : A resource failed to call release. 
05-28 12:49:37.218  2987  3032 W System  : A resource failed to call ContentProviderClient.close. 
05-28 12:49:37.218  2987  3032 W System  : A resource failed to call ContentProviderClient.close. 
05-28 12:49:37.218  2987  3032 W System  : A resource failed to call ContentProviderClient.close. 
05-28 12:49:37.218  2987  3032 W System  : A resource failed to call ContentProviderClient.close. 
05-28 12:49:37.218  2987  3032 W System  : A resource failed to call ContentProviderClient.close. 
05-28 12:49:37.218  2987  3032 W System  : A resource failed to call ContentProviderClient.close. 
05-28 12:49:37.219  2987  3032 W System  : A resource failed to call release. 
05-28 12:49:37.312     0     0 E KERNEL  : [1601058.432463][T16762] BATTERY_CHG: handle_message: [BAT][CHG]handle_message, vcell1 = 3965, vcell2 = 3965
05-28 12:49:37.316     0     0 I KERNEL  : [1601058.438472][T11457] [BAT][CHG]set_qc_stat: status: 1, switch: 0
05-28 12:49:37.320     0     0 W KERNEL  : [1601058.440182][T11457] (1601082)2026-05-28 19:49:37 :[BAT][Ser]report Capacity ==>59, FCC:5216mAh, RM:3108mAh, BMS:60, V:7928mV, Vcell1:3965mV, Vcell2:3965mV, Cur:-156mAgaugeTemp:28.0C, pmicTemp:26C, BATID:101698, CHG_Status:1(CHARGING), QC_Extcon:0(Other), BAT_HEALTH:Good
05-28 12:49:37.320     0     0 W KERNEL  : [1601058.440237][T11457] (1601082)2026-05-28 19:49:37 :[BAT][Ser]report Capacity2 ==>59, TFCC:5132mAh, TRM:3108mAh, SOH:98, LT1:0, LT2:0
05-28 12:49:37.542 23934 23934 D TIS(467323): onInputEvent: shouldIgnoreMotionEvents= false
05-28 12:49:37.542 23934 23934 D TouchInteractionService: onInputEvent.DOWN: [414, 2190]
05-28 12:49:37.543 23934 23934 D TouchInteractionService: Touch outside of the navigation bar region(2), mUncheckedConsumer= TYPE_NO_OP:TYPE_ONE_HANDED
05-28 12:49:37.543 23934 23934 D TouchInteractionService: mUncheckedConsumer= TYPE_NO_OP:TYPE_ONE_HANDED
05-28 12:49:37.619 23934 23934 D TouchInteractionService: onInputEvent.UP: [414, 2190]
05-28 12:49:37.619 23934 23934 D 336379  : getDefaultInputConsumer: id= 1, inputConsumer= com.android.quickstep.inputconsumers.ResetGestureInputConsumer@e512577, sysuiStateFlag= 268566528
05-28 12:49:37.620     0     0 I KERNEL  : [1601058.663626][ T1298] [   info] update_finger_event: Finger id=0 down [4141,21909]
05-28 12:49:37.620     0     0 I KERNEL  : [1601058.741667][ T1298] [   info] update_finger_event: Finger id=0 up [4141, 21909]
05-28 12:49:37.621  2987  3165 W WindowOnBackDispatcher: sendCancelIfRunning: isInProgress=false callback=android.app.Dialog$$ExternalSyntheticLambda2@8ec1a80
05-28 12:49:37.621  2987  3165 D CoreBackPreview: Window{8625e7c u0 Application Error: com.example.gpstagger}: Setting back callback null
05-28 12:49:37.621  2987  5503 I ActivityManager: Killing 22864:com.example.gpstagger/u0a468 (adj 910): crash
05-28 12:49:37.622  2987 15598 D HWUI    : endAllActiveAnimators on 0xb400007604d38a20 (RippleDrawable) with handle 0xb4000075f4b72500
05-28 12:49:37.623   766   766 I hwservicemanager: getTransport: Cannot find entry vendor.qti.hardware.servicetracker@1.2::IServicetracker/default in either framework or device VINTF manifest.
05-28 12:49:37.623  2987  5503 W ActivityTaskManager: servicetracker HIDL not available
05-28 12:49:37.623  2987  5503 E ActivityTaskManager: Unable to get servicetracker HAL instance
05-28 12:49:37.624   766   766 I hwservicemanager: getTransport: Cannot find entry vendor.qti.hardware.servicetracker@1.2::IServicetracker/default in either framework or device VINTF manifest.
05-28 12:49:37.624  2987  5503 W ActivityTaskManager: servicetracker HIDL not available
05-28 12:49:37.624  2987  5503 E ActivityTaskManager: Unable to get servicetracker HAL instance
05-28 12:49:37.624  2987  5363 D BackgroundInstallControlService: Package event received: 0
05-28 12:49:37.624   766   766 I hwservicemanager: getTransport: Cannot find entry vendor.qti.hardware.servicetracker@1.2::IServicetracker/default in either framework or device VINTF manifest.
05-28 12:49:37.624  2987  5503 W ActivityTaskManager: servicetracker HIDL not available
05-28 12:49:37.624  2987  5503 E ActivityTaskManager: Unable to get servicetracker HAL instance
05-28 12:49:37.625  5447  6299 D AnakinFodManager: token=KeyguardQs, hideIcon=false, disable=false
05-28 12:49:37.630 23934 23934 D RecentsView: onTaskRemoved: 7363, not handling task stack changes
05-28 12:49:37.630  8065  8082 V OsAgent : broadcastSystemEvent - 7
05-28 12:49:37.631 23934 23934 D RecentsView: onTaskRemoved: 7363, not handling task stack changes
05-28 12:49:37.632  2987  5318 D InetDiagMessage: Destroyed 0 sockets, proto=IPPROTO_TCP, family=AF_INET, states=14
05-28 12:49:37.632  2987  5318 D InetDiagMessage: Destroyed 0 sockets, proto=IPPROTO_TCP, family=AF_INET6, states=14
05-28 12:49:37.632  2987  5318 D InetDiagMessage: Destroyed live tcp sockets for uids={10468} in 1ms
05-28 12:49:37.633  2987  8303 I InputDispatcher: Window '8625e7c Application Error: com.example.gpstagger' spent 2.2ms processing input events on average(0/62). Monitor spent 0.7ms processing input events on average(0/10). Window input events down spent 1.0ms on average (0/6). Window input events up spent 0.5ms on average (0/6). Monitor input events down spent 1.1ms on average (0/1). Monitor input events up spent 1.3ms on average (0/1).
05-28 12:49:37.633  2987  3167 V WindowManager: Unknown focus tokens, dropping reportFocusChanged
05-28 12:49:37.634  2987  8303 W WindowManager: Failed looking up window session=Session{31dec4f 5447:u0a10054} callers=com.android.server.wm.WindowManagerService.windowForClientLocked:6990 com.android.server.wm.WindowManagerService.relayoutWindow:2783 com.android.server.wm.Session.relayout:304 
05-28 12:49:37.634  5447  5659 W WindowOnBackDispatcher: sendCancelIfRunning: isInProgress=false callback=android.view.ViewRootImpl$$ExternalSyntheticLambda13@cf17d1b
05-28 12:49:37.634  2987  8303 W WindowManager: Failed looking up window session=Session{31dec4f 5447:u0a10054} callers=com.android.server.wm.WindowManagerService.windowForClientLocked:6990 com.android.server.wm.Session.setOnBackInvokedCallbackInfo:1023 android.view.IWindowSession$Stub.onTransact:1156 
05-28 12:49:37.634  2987  8303 I WindowManager: setOnBackInvokedCallback(): No window state for package:com.android.systemui
05-28 12:49:37.634  2987  8296 W WindowManager: Cannot find window which accessibility connection is added to
05-28 12:49:37.634     0     0 I KERNEL  : [1601058.741679][ T1298] [   info] all_finger_lift: All finger UP
05-28 12:49:37.634     0     0 I KERNEL  : [1601058.757082][T17582] binder: undelivered TRANSACTION_COMPLETE
05-28 12:49:37.634     0     0 I KERNEL  : [1601058.757088][T17582] binder: undelivered transaction 1250110623, process died.
05-28 12:49:37.634  2987  5503 V ActivityManager: Got obituary of 22864:com.example.gpstagger
05-28 12:49:37.634  1954  1954 I Zygote  : Process 22864 exited due to signal 9 (Killed)
05-28 12:49:37.635  2987  3219 I libprocessgroup: Removed cgroup /sys/fs/cgroup/apps/uid_10468/pid_22864
05-28 12:49:37.635  2987  8303 W WindowManager: Failed looking up window session=Session{31dec4f 5447:u0a10054} callers=com.android.server.wm.WindowManagerService.removeClientToken:2498 com.android.server.wm.Session.remove:291 android.view.IWindowSession$Stub.onTransact:696 
05-28 12:49:37.635  2987  5318 D InetDiagMessage: Destroyed 0 sockets, proto=IPPROTO_TCP, family=AF_INET, states=14
05-28 12:49:37.635  2987  5318 D InetDiagMessage: Destroyed 0 sockets, proto=IPPROTO_TCP, family=AF_INET6, states=14
05-28 12:49:37.635  2987  5318 D InetDiagMessage: Destroyed live tcp sockets for uids={20468} in 3ms
05-28 12:49:37.846  5447  5447 W AppOpsControllerImpl: onActiveChanged(24,1000,android,false,-1,0)
05-28 12:49:37.846  5447  5447 W AppOpsControllerImpl: Removed item: AppOpItem(Op code=24, UID=1000, Package name=android, Paused=false)false)
05-28 12:49:37.846  5447  5447 D AppOpsControllerImpl: before notifySuscribers: 24,1000,android,false,false
05-28 12:49:38.140 29356 29356 I Tycho.VoiceLibrary: Stop ping job after timeout if needed
05-28 12:49:38.141 29356 29356 I Tycho.VoiceLibrary: Stop StunPingJob
05-28 12:49:38.141 29356 29356 I Tycho.VoiceLibrary: StunPingJob stopped
05-28 12:49:38.190     0     0 I KERNEL  : [1601059.312422][ T7591] [BAT][CHG]set_qc_stat: status: 1, switch: 0
05-28 12:49:38.191     0     0 I KERNEL  : [1601059.313841][    T1] init: processing action (vendor.audio.volume.supression.pkg=*) from (/vendor/etc/init/hw/init.asus.rc:1585)
05-28 12:49:38.192     0     0 I KERNEL  : [1601059.314540][    T1] init: processing action (vendor.audio.volume.supression=*) from (/vendor/etc/init/hw/init.asus.rc:1582)
05-28 12:49:38.202  2166  7591 E ANDR-PERF-OPTSHANDLER: thermal_pol f=118, cl=2/1459/2265, cg=16/18/21/1824/3148, ct=13/20/1824/2956, cp=7/672/2553, g=3/231, fg=com.teslacoilsw.launcher, fa=NovaLauncher, pol_u=0, pol_c=0, sys=0, W=-3345mW,batlvl=59,chg=Chargi(2105),
05-28 12:49:38.834     0     0 W KERNEL  : [1601059.956562][ T8169] [wlan]: BSSID=5c:e9:31:**:**:56 RSSI=-57, Rate=(1032, 1721), flags=(0x108, 0x108), MCS=(4,7), NSS=(2,2).
05-28 12:49:39.205     0     0 I KERNEL  : [1601060.327034][ T7591] [BAT][CHG]set_qc_stat: status: 1, switch: 0
05-28 12:49:39.206     0     0 I KERNEL  : [1601060.328366][    T1] init: processing action (vendor.audio.volume.supression.pkg=*) from (/vendor/etc/init/hw/init.asus.rc:1585)
05-28 12:49:39.208     0     0 I KERNEL  : [1601060.329063][    T1] init: processing action (vendor.audio.volume.supression=*) from (/vendor/etc/init/hw/init.asus.rc:1582)
05-28 12:49:39.211  2166  7591 E ANDR-PERF-OPTSHANDLER: thermal_pol f=118, cl=6/1459/2265, cg=23/23/24/1824/3148, ct=11/27/1824/2956, cp=14/672/2553, g=6/231, fg=com.teslacoilsw.launcher, fa=NovaLauncher, pol_u=0, pol_c=0, sys=0, W=-1533mW,batlvl=59,chg=Chargi(2105),
05-28 12:49:39.777  2987  5318 D InetDiagMessage: Destroyed 0 sockets, proto=IPPROTO_TCP, family=AF_INET, states=14
05-28 12:49:39.777  2987  5318 D InetDiagMessage: Destroyed 0 sockets, proto=IPPROTO_TCP, family=AF_INET6, states=14
05-28 12:49:39.777  2987  5318 D InetDiagMessage: Destroyed live tcp sockets for uids={10172} in 2ms
05-28 12:49:39.778  2987  5318 D InetDiagMessage: Destroyed 0 sockets, proto=IPPROTO_TCP, family=AF_INET, states=14
05-28 12:49:39.779  2987  5318 D InetDiagMessage: Destroyed 0 sockets, proto=IPPROTO_TCP, family=AF_INET6, states=14
05-28 12:49:39.779  2987  5318 D InetDiagMessage: Destroyed live tcp sockets for uids={20172} in 2ms
05-28 12:49:39.873  2477  2477 E AsusRouteMonitor: RTM_NEWNEIGH: target entry 192.168.0.1 64:62:66:2f:5e:af NUD_REACHABLE (0x2)
05-28 12:49:40.213     0     0 I KERNEL  : [1601061.335291][ T7591] [BAT][CHG]set_qc_stat: status: 1, switch: 0
05-28 12:49:40.214     0     0 I KERNEL  : [1601061.336797][    T1] init: processing action (vendor.audio.volume.supression.pkg=*) from (/vendor/etc/init/hw/init.asus.rc:1585)
05-28 12:49:40.216     0     0 I KERNEL  : [1601061.337542][    T1] init: processing action (vendor.audio.volume.supression=*) from (/vendor/etc/init/hw/init.asus.rc:1582)
05-28 12:49:40.224     0     0 E KERNEL  : [1601061.344993][ T7591] [BAT][CHG][ERR]soc_remapping, RM_FCC_soc= 5958, RM= 3108, FCC= 5216, mtNow.tv_sec = 4320097, last_time= 4320097
05-28 12:49:40.226  2166  7591 E ANDR-PERF-OPTSHANDLER: thermal_pol f=119, cl=6/1459/2265, cg=25/23/20/1824/3148, ct=17/21/1824/2956, cp=16/672/2553, g=4/231, fg=com.teslacoilsw.launcher, fa=NovaLauncher, pol_u=0, pol_c=0, sys=0, W=-1534mW,batlvl=59,chg=Chargi(2107),
05-28 12:49:40.318 18288 18556 I ThermalEngine: virtual-sensor-skin Reading 28100.
05-28 12:49:40.381  2477  2477 E AsusRouteMonitor: RTM_NEWNEIGH: target entry 192.168.0.137 66:98:ee:d5:af:52 NUD_PROBE (0x10)
05-28 12:49:40.402  2477  2477 E AsusRouteMonitor: RTM_NEWNEIGH: target entry 192.168.0.137 66:98:ee:d5:af:52 NUD_REACHABLE (0x2)
05-28 12:49:40.403  5589  1483 D IpClient/wlan0: interfaceLinkStateChanged: ifindex 23 up
05-28 12:49:40.604     0     0 I KERNEL  : [1601061.725676][T16762] [ALS/PS]  stk3a9x_als_get_data_polling_internal 3256: ALS AG = 4, DG = 1024, gain_ratio = 1
05-28 12:49:40.608     0     0 I KERNEL  : [1601061.729219][T16762] [ALS/PS]  stk3a9x_als_get_data_polling_internal 3483: Display PWM, avg_cnt: 45, FIFOData.Size: 240, fifo_avg_f: 113, fifo_avg_g: 31, fifo_avg_c: 0, fifo_avg_diff: 30, cal_diff = -103079214510, BS: 208
05-28 12:49:40.608     0     0 I KERNEL  : [1601061.729248][T16762] [ALS/PS]  stk3a9x_als_notify 2021: ALS data = 29, scale = 261, raw=113, 22,22,23,23,24,25,25,26,26,27,27,28,28,29,29,29,29,29,29,29,
05-28 12:49:41.229     0     0 I KERNEL  : [1601062.351017][ T7591] [BAT][CHG]set_qc_stat: status: 1, switch: 0
05-28 12:49:41.230     0     0 I KERNEL  : [1601062.352302][    T1] init: processing action (vendor.audio.volume.supression.pkg=*) from (/vendor/etc/init/hw/init.asus.rc:1585)
05-28 12:49:41.231     0     0 I KERNEL  : [1601062.353232][    T1] init: processing action (vendor.audio.volume.supression=*) from (/vendor/etc/init/hw/init.asus.rc:1582)
05-28 12:49:41.239  2166  7591 E ANDR-PERF-OPTSHANDLER: thermal_pol f=117, cl=7/1459/2265, cg=23/19/25/1824/3148, ct=25/14/1824/2956, cp=14/672/2553, g=4/231, fg=com.teslacoilsw.launcher, fa=NovaLauncher, pol_u=0, pol_c=0, sys=0, W=-1484mW,batlvl=59,chg=Chargi(2121),
05-28 12:49:41.846     0     0 W KERNEL  : [1601062.967334][ T8169] [wlan]: BSSID=5c:e9:31:**:**:56 RSSI=-58, Rate=(1032, 1721), flags=(0x108, 0x108), MCS=(4,7), NSS=(2,2).
05-28 12:49:42.243     0     0 I KERNEL  : [1601063.363616][ T7591] [BAT][CHG]set_qc_stat: status: 1, switch: 0
05-28 12:49:42.243     0     0 I KERNEL  : [1601063.364796][    T1] init: processing action (vendor.audio.volume.supression.pkg=*) from (/vendor/etc/init/hw/init.asus.rc:1585)
05-28 12:49:42.244     0     0 I KERNEL  : [1601063.365780][    T1] init: processing action (vendor.audio.volume.supression=*) from (/vendor/etc/init/hw/init.asus.rc:1582)
05-28 12:49:42.249  2166  7591 E ANDR-PERF-OPTSHANDLER: thermal_pol f=119, cl=4/1459/2265, cg=25/21/18/1824/3148, ct=24/16/1824/2956, cp=19/672/2553, g=4/231, fg=com.teslacoilsw.launcher, fa=NovaLauncher, pol_u=0, pol_c=0, sys=0, W=-1484mW,batlvl=59,chg=Chargi(2121),
05-28 12:49:42.945  2477  2477 E AsusRouteMonitor: RTM_NEWNEIGH: target entry 192.168.0.1 64:62:66:2f:5e:af NUD_STALE (0x4)
05-28 12:49:43.251     0     0 I KERNEL  : [1601064.373277][ T7591] [BAT][CHG]set_qc_stat: status: 1, switch: 0
05-28 12:49:43.252     0     0 I KERNEL  : [1601064.374819][    T1] init: processing action (vendor.audio.volume.supression.pkg=*) from (/vendor/etc/init/hw/init.asus.rc:1585)
05-28 12:49:43.256     0     0 I KERNEL  : [1601064.375876][    T1] init: processing action (vendor.audio.volume.supression=*) from (/vendor/etc/init/hw/init.asus.rc:1582)
05-28 12:49:43.263  2166  7591 E ANDR-PERF-OPTSHANDLER: thermal_pol f=119, cl=6/1459/2265, cg=21/18/22/1824/3148, ct=16/23/1824/2956, cp=15/672/2553, g=4/231, fg=com.teslacoilsw.launcher, fa=NovaLauncher, pol_u=0, pol_c=0, sys=0, W=-1396mW,batlvl=59,chg=Chargi(2121),
05-28 12:49:44.004     0     0 I KERNEL  : [1601065.126101][T22600] [ALS/PS]  stk3a9x_als_get_data_polling_internal 3256: ALS AG = 4, DG = 1024, gain_ratio = 1
05-28 12:49:44.008     0     0 I KERNEL  : [1601065.128975][T22600] [ALS/PS]  stk3a9x_als_get_data_polling_internal 3483: Display PWM, avg_cnt: 45, FIFOData.Size: 240, fifo_avg_f: 111, fifo_avg_g: 30, fifo_avg_c: 0, fifo_avg_diff: 30, cal_diff = -511101107630, BS: 208
05-28 12:49:44.008     0     0 I KERNEL  : [1601065.128995][T22600] [ALS/PS]  stk3a9x_als_notify 2021: ALS data = 29, scale = 261, raw=112, 29,29,29,29,29,29,29,29,29,29,29,29,29,29,29,29,29,29,29,29,
05-28 12:49:44.266     0     0 I KERNEL  : [1601065.387535][ T7591] [BAT][CHG]set_qc_stat: status: 1, switch: 0
05-28 12:49:44.266     0     0 I KERNEL  : [1601065.388953][    T1] init: processing action (vendor.audio.volume.supression.pkg=*) from (/vendor/etc/init/hw/init.asus.rc:1585)
05-28 12:49:44.268     0     0 I KERNEL  : [1601065.390006][    T1] init: processing action (vendor.audio.volume.supression=*) from (/vendor/etc/init/hw/init.asus.rc:1582)
05-28 12:49:44.279  2166  7591 E ANDR-PERF-OPTSHANDLER: thermal_pol f=118, cl=5/1459/2265, cg=23/25/22/1824/3148, ct=28/10/1824/2956, cp=15/672/2553, g=4/231, fg=com.teslacoilsw.launcher, fa=NovaLauncher, pol_u=0, pol_c=0, sys=0, W=-1410mW,batlvl=59,chg=Chargi(2135),
05-28 12:49:44.363  8290  8290 D BoundBrokerSvc: onUnbind: Intent { act=com.google.android.gms.feedback.internal.IFeedbackService dat=chimera-action:/... xflg=0x4 cmp=com.google.android.gms/.chimera.GmsBoundBrokerService }
05-28 12:49:44.620 16370 16476 I MlsIntegration: Treatment for Weblab MLS_USE_PSEUDO_DEVICE_ID_ANDROID_1109242 is C_default (changed?: false)
05-28 12:49:44.620 16370 16476 I MlsIntegration: Treatment for Weblab MLS_ANDROID_ZAZ_MIGRATION_1364350 is C_default (changed?: false)
05-28 12:49:44.620 16370 16476 I MlsIntegration: Treatment for Weblab MLS_ENABLE_DEBUG_LOGS_1366122 is C_default (changed?: false)
05-28 12:49:44.648     0     0 E KERNEL  : [1601065.767714][ T2015] [BAT][CHG][ERR]soc_remapping, RM_FCC_soc= 5958, RM= 3108, FCC= 5216, mtNow.tv_sec = 4320102, last_time= 4320102
05-28 12:49:44.847  7477  7477 V NOVA_AI : onFocusedResume: access=NOT_SIGNED_IN — skipping
05-28 12:49:44.860     0     0 W KERNEL  : [1601065.982002][ T8169] [wlan]: BSSID=5c:e9:31:**:**:56 RSSI=-58, Rate=(1032, 1721), flags=(0x108, 0x108), MCS=(4,7), NSS=(2,2).
05-28 12:49:45.275  8290 22845 W FA-SVC  : Gms url request failed, app: com.teslacoilsw.launcher, GOOGLE_ANALYTICS, m1.nc: Exception in CronetUrlRequest: net::ERR_CONNECTION_REFUSED, ErrorCode=7, InternalErrorCode=-102, Retryable=false
05-28 12:49:45.275  8290 22779 W FA-SVC  : Network upload failed. Will retry later. code, error: 0, m1.nc: Exception in CronetUrlRequest: net::ERR_CONNECTION_REFUSED, ErrorCode=7, InternalErrorCode=-102, Retryable=false
05-28 12:49:45.281     0     0 I KERNEL  : [1601066.403105][ T7591] [BAT][CHG]set_qc_stat: status: 1, switch: 0
05-28 12:49:45.282     0     0 I KERNEL  : [1601066.404635][    T1] init: processing action (vendor.audio.volume.supression.pkg=*) from (/vendor/etc/init/hw/init.asus.rc:1585)
05-28 12:49:45.284     0     0 I KERNEL  : [1601066.405144][    T1] init: processing action (vendor.audio.volume.supression=*) from (/vendor/etc/init/hw/init.asus.rc:1582)
05-28 12:49:45.287  2166  7591 E ANDR-PERF-OPTSHANDLER: thermal_pol f=117, cl=8/1459/2265, cg=26/27/22/2035/3148, ct=20/20/2035/2956, cp=16/672/2553, g=4/231, fg=com.teslacoilsw.launcher, fa=NovaLauncher, pol_u=0, pol_c=0, sys=0, W=-1474mW,batlvl=59,chg=Chargi(2135),
05-28 12:49:45.501  2018 19724 I sensors-hal: handle_sns_client_event:294, [SSC_HAL] ACCEL, ts:4320103.179856 s X:0.27 Y:0.14 Z:9.83, elapsedRealtime: 4320103.192903, ts_diff: 0.013047, pb_ts: 82946069958409, offset = -4630477804
05-28 12:49:45.885     0     0 I KERNEL  : [1601067.007838][  T998] logd: logdr: UID=2000 GID=2000 PID=22924 n tail=0 logMask=99 pid=0 start=0ns deadline=0ns
