--------- beginning of kernel
05-28 12:49:00.758     0     0 I KERNEL  : [1601021.880236][ T7591] [BAT][CHG]set_qc_stat: status: 1, switch: 0
05-28 12:49:00.759     0     0 I KERNEL  : [1601021.881513][    T1] init: processing action (vendor.audio.volume.supression.pkg=*) from (/vendor/etc/init/hw/init.asus.rc:1585)
05-28 12:49:00.760     0     0 I KERNEL  : [1601021.882493][    T1] init: processing action (vendor.audio.volume.supression=*) from (/vendor/etc/init/hw/init.asus.rc:1582)
--------- beginning of main
05-28 12:49:00.769  2166  7591 E ANDR-PERF-OPTSHANDLER: thermal_pol f=120, cl=6/1459/2265, cg=17/26/21/1824/3148, ct=30/16/1824/2956, cp=15/672/2553, g=4/231, fg=com.teslacoilsw.launcher, fa=NovaLauncher, pol_u=0, pol_c=0, sys=0, W=-1435mW,batlvl=59,chg=Chargi(2136),
05-28 12:49:01.473  2477  2477 E AsusRouteMonitor: RTM_NEWNEIGH: target entry 192.168.0.137 66:98:ee:d5:af:52 NUD_PROBE (0x10)
05-28 12:49:01.489  2477  2477 E AsusRouteMonitor: RTM_NEWNEIGH: target entry 192.168.0.137 66:98:ee:d5:af:52 NUD_REACHABLE (0x2)
05-28 12:49:01.605  8290  8290 D BoundBrokerSvc: onUnbind: Intent { act=com.google.android.gms.audit.service.START dat=chimera-action:/... xflg=0x4 cmp=com.google.android.gms/.chimera.GmsBoundBrokerService }
05-28 12:49:01.606  8290  8290 D BoundBrokerSvc: onUnbind: Intent { act=com.google.android.gms.wallet.service.BIND xflg=0x4 pkg=com.google.android.gms }
05-28 12:49:01.607 27879 27879 D BoundBrokerSvc: onUnbind: Intent { act=com.google.android.gms.auth.aang.events.services.START dat=chimera-action:/... xflg=0x4 cmp=com.google.android.gms/.chimera.PersistentApiService }
05-28 12:49:01.771     0     0 I KERNEL  : [1601022.893409][ T7591] [BAT][CHG]set_qc_stat: status: 1, switch: 0
05-28 12:49:01.772     0     0 I KERNEL  : [1601022.894516][    T1] init: processing action (vendor.audio.volume.supression.pkg=*) from (/vendor/etc/init/hw/init.asus.rc:1585)
05-28 12:49:01.776     0     0 I KERNEL  : [1601022.895512][    T1] init: processing action (vendor.audio.volume.supression=*) from (/vendor/etc/init/hw/init.asus.rc:1582)
05-28 12:49:01.779  2166  7591 E ANDR-PERF-OPTSHANDLER: thermal_pol f=119, cl=6/1459/2265, cg=17/24/25/1824/3148, ct=19/20/1824/2956, cp=17/672/2553, g=4/231, fg=com.teslacoilsw.launcher, fa=NovaLauncher, pol_u=0, pol_c=0, sys=0, W=-1547mW,batlvl=59,chg=Chargi(2136),
05-28 12:49:02.271     0     0 E KERNEL  : [1601023.393761][ T2015] [BAT][CHG][ERR]soc_remapping, RM_FCC_soc= 5958, RM= 3108, FCC= 5216, mtNow.tv_sec = 4320059, last_time= 4320059
05-28 12:49:02.457  8290  8290 D BoundBrokerSvc: onUnbind: Intent { act=com.google.android.gms.pay.service.BIND dat=chimera-action:/... xflg=0x4 cmp=com.google.android.gms/.chimera.GmsApiService }
05-28 12:49:02.686     0     0 W KERNEL  : [1601023.807143][ T8169] [wlan]: BSSID=5c:e9:31:**:**:56 RSSI=-63, Rate=(2065, 60), flags=(0x108, 0x108), MCS=(8,0), NSS=(2,2).
05-28 12:49:02.782     0     0 I KERNEL  : [1601023.904130][ T7591] [BAT][CHG]set_qc_stat: status: 1, switch: 0
05-28 12:49:02.783     0     0 I KERNEL  : [1601023.905295][    T1] init: processing action (vendor.audio.volume.supression.pkg=*) from (/vendor/etc/init/hw/init.asus.rc:1585)
05-28 12:49:02.784     0     0 I KERNEL  : [1601023.906092][    T1] init: processing action (vendor.audio.volume.supression=*) from (/vendor/etc/init/hw/init.asus.rc:1582)
05-28 12:49:02.789  2166  7591 E ANDR-PERF-OPTSHANDLER: thermal_pol f=119, cl=7/1459/2265, cg=22/21/25/1824/3148, ct=20/18/1824/2956, cp=15/672/2553, g=4/231, fg=com.teslacoilsw.launcher, fa=NovaLauncher, pol_u=0, pol_c=0, sys=0, W=-1547mW,batlvl=59,chg=Chargi(2136),
05-28 12:49:03.204     0     0 I KERNEL  : [1601024.325728][T22054] [ALS/PS]  stk3a9x_als_get_data_polling_internal 3256: ALS AG = 4, DG = 1024, gain_ratio = 1
05-28 12:49:03.206     0     0 I KERNEL  : [1601024.328448][T22054] [ALS/PS]  stk3a9x_als_get_data_polling_internal 3483: Display PWM, avg_cnt: 45, FIFOData.Size: 240, fifo_avg_f: 114, fifo_avg_g: 32, fifo_avg_c: 0, fifo_avg_diff: 30, cal_diff = -103079214510, BS: 208
05-28 12:49:03.206     0     0 I KERNEL  : [1601024.328468][T22054] [ALS/PS]  stk3a9x_als_notify 2021: ALS data = 30, scale = 261, raw=115, 29,29,29,29,29,29,29,29,29,29,29,30,30,30,30,30,30,30,30,30,
05-28 12:49:03.730 27879 27879 D BoundBrokerSvc: onUnbind: Intent { act=com.google.android.gms.libs.gmscorelogger.service.START dat=chimera-action:/... xflg=0x4 cmp=com.google.android.gms/.chimera.PersistentDirectBootAwareApiService }
05-28 12:49:03.790     0     0 I KERNEL  : [1601024.912703][ T7591] [BAT][CHG]set_qc_stat: status: 1, switch: 0
05-28 12:49:03.791     0     0 I KERNEL  : [1601024.913890][    T1] init: processing action (vendor.audio.volume.supression.pkg=*) from (/vendor/etc/init/hw/init.asus.rc:1585)
05-28 12:49:03.792     0     0 I KERNEL  : [1601024.914895][    T1] init: processing action (vendor.audio.volume.supression=*) from (/vendor/etc/init/hw/init.asus.rc:1582)
05-28 12:49:03.803  2166  7591 E ANDR-PERF-OPTSHANDLER: thermal_pol f=119, cl=6/1459/2265, cg=22/22/23/1824/3148, ct=23/15/1824/2956, cp=16/672/2553, g=4/231, fg=com.teslacoilsw.launcher, fa=NovaLauncher, pol_u=0, pol_c=0, sys=0, W=-1425mW,batlvl=59,chg=Chargi(2134),
05-28 12:49:04.588 16399 17921 V U.Notification: Posting new notification, elapsed=16030
05-28 12:49:04.806     0     0 I KERNEL  : [1601025.928073][ T7591] [BAT][CHG]set_qc_stat: status: 1, switch: 0
05-28 12:49:04.806     0     0 I KERNEL  : [1601025.929009][    T1] init: processing action (vendor.audio.volume.supression.pkg=*) from (/vendor/etc/init/hw/init.asus.rc:1585)
05-28 12:49:04.808     0     0 I KERNEL  : [1601025.929942][    T1] init: processing action (vendor.audio.volume.supression=*) from (/vendor/etc/init/hw/init.asus.rc:1582)
05-28 12:49:04.810  2166  7591 E ANDR-PERF-OPTSHANDLER: thermal_pol f=118, cl=4/1459/2265, cg=22/21/21/1824/3148, ct=16/24/1824/2956, cp=15/672/2553, g=4/231, fg=com.teslacoilsw.launcher, fa=NovaLauncher, pol_u=0, pol_c=0, sys=0, W=-1425mW,batlvl=59,chg=Chargi(2134),
05-28 12:49:05.490  2018 19724 I sensors-hal: handle_sns_client_event:294, [SSC_HAL] ACCEL, ts:4320063.117581 s X:0.25 Y:0.13 Z:9.83, elapsedRealtime: 4320063.182266, ts_diff: 0.064684, pb_ts: 82945300762738, offset = -4630477886
05-28 12:49:05.697     0     0 W KERNEL  : [1601026.820113][ T8169] [wlan]: BSSID=5c:e9:31:**:**:56 RSSI=-63, Rate=(2065, 60), flags=(0x108, 0x108), MCS=(8,0), NSS=(2,2).
05-28 12:49:05.812     0     0 I KERNEL  : [1601026.934488][ T7591] [BAT][CHG]set_qc_stat: status: 1, switch: 0
05-28 12:49:05.814     0     0 I KERNEL  : [1601026.935850][    T1] init: processing action (vendor.audio.volume.supression.pkg=*) from (/vendor/etc/init/hw/init.asus.rc:1585)
05-28 12:49:05.814     0     0 I KERNEL  : [1601026.936619][    T1] init: processing action (vendor.audio.volume.supression=*) from (/vendor/etc/init/hw/init.asus.rc:1582)
05-28 12:49:05.825  2166  7591 E ANDR-PERF-OPTSHANDLER: thermal_pol f=117, cl=5/1459/2265, cg=22/25/21/1824/3148, ct=22/15/1824/2956, cp=14/672/2553, g=4/231, fg=com.teslacoilsw.launcher, fa=NovaLauncher, pol_u=0, pol_c=0, sys=0, W=-1457mW,batlvl=59,chg=Chargi(2134),
05-28 12:49:06.604     0     0 I KERNEL  : [1601027.725810][T22600] [ALS/PS]  stk3a9x_als_get_data_polling_internal 3256: ALS AG = 4, DG = 1024, gain_ratio = 1
05-28 12:49:06.607     0     0 I KERNEL  : [1601027.727625][T22600] [ALS/PS]  stk3a9x_als_get_data_polling_internal 3483: Display PWM, avg_cnt: 45, FIFOData.Size: 240, fifo_avg_f: 117, fifo_avg_g: 31, fifo_avg_c: 0, fifo_avg_diff: 30, cal_diff = -594592901636292014, BS: 208
05-28 12:49:06.607     0     0 I KERNEL  : [1601027.727633][T22600] [ALS/PS]  stk3a9x_als_notify 2021: ALS data = 30, scale = 261, raw=115, 30,30,30,30,30,30,29,29,29,29,29,30,30,30,30,30,30,30,30,30,
05-28 12:49:06.652     0     0 E KERNEL  : [1601027.774064][T22600] BATTERY_CHG: handle_notification: [adsp] evtlog= [FG][BAT] SOC=60, RSOC=60, FCC=5216, RM=3108, d_cap=5224, t=3010, v=7969, c=85
05-28 12:49:06.652     0     0 E KERNEL  : [1601027.774106][T22600] BATTERY_CHG: handle_notification: [adsp] evtlog= [FG][BAT] TRM=3106, TFCC=5132, Vcell1=3984, Vcell2=3985, chg_st=1
05-28 12:49:06.656     0     0 E KERNEL  : [1601027.777131][T22600] BATTERY_CHG: handle_notification: [adsp] evtlog= ActivePort[0] PartnerType=2, Voltage_max=5000 mV, Voltage_min=5000 mV, Current_max=500 mA, Power_max_uw=2500000 uW
05-28 12:49:06.664     0     0 E KERNEL  : [1601027.786177][T16762] BATTERY_CHG: handle_notification: [adsp] evtlog= [BAT][CHG]BattMngrTech_Jeita_judge_state. old_State: 4, batt_tempr: 280
05-28 12:49:06.664     0     0 E KERNEL  : [1601027.786223][T16762] BATTERY_CHG: handle_notification: [adsp] evtlog= [ADSP][CHG]BattMngrTech_ASUS_Jeita_Rule. temp : 280, voltage : 7969 mV, vfloat : 8920 mV, bat_safe_con=2
05-28 12:49:06.664     0     0 E KERNEL  : [1601027.786276][T16762] BATTERY_CHG: handle_notification: [adsp] evtlog= [ADSP][CHG]BattMngrTech_ASUS_Jeita_Update. old_FV : 8920 mV, new_FV : 8920 mV, FCC : 6000 mA
05-28 12:49:06.664     0     0 E KERNEL  : [1601027.786338][T16762] BATTERY_CHG: handle_notification: [adsp] evtlog= [BAT][CHG]BattMngrTech_Update_Charging_Pause_Result. charging_paused=0
05-28 12:49:06.664     0     0 E KERNEL  : [1601027.786379][T16762] BATTERY_CHG: handle_notification: [adsp] evtlog= [BAT][CHG]BattMngrTech_ASUS_Get_CHARGING_PAUSED. paused_val=0
05-28 12:49:06.668     0     0 I KERNEL  : [1601027.786906][T17582] [BAT][CHG]set_qc_stat: status: 1, switch: 0
05-28 12:49:06.668     0     0 I KERNEL  : [1601027.787310][T17582] [BAT][CHG]set_qc_stat: status: 1, switch: 0
05-28 12:49:06.668     0     0 E KERNEL  : [1601027.788901][T17582] [BAT][CHG][ERR]soc_remapping, RM_FCC_soc= 5958, RM= 3108, FCC= 5216, mtNow.tv_sec = 4320064, last_time= 4320064
05-28 12:49:06.677     0     0 E KERNEL  : [1601027.797262][T22600] BATTERY_CHG: handle_notification: [adsp] evtlog= [ICM][SCP][SVS] icm_scp_svs_main
05-28 12:49:06.677     0     0 E KERNEL  : [1601027.797298][T22600] BATTERY_CHG: handle_notification: [adsp] evtlog= [ICM][SCP][SVS] scp_svs_db - fcc_ma=6000, icl_ma=500, vin_mv=5000
05-28 12:49:06.686     0     0 I KERNEL  : [1601027.806960][ T2015] [BAT][CHG]set_qc_stat: status: 1, switch: 0
05-28 12:49:06.686     0     0 W KERNEL  : [1601027.808140][ T2015] healthd: battery l=59 v=7969 t=27.9 h=2 st=2 c=85000 fc=5216000 cc=89 chg=u
05-28 12:49:06.696     0     0 I KERNEL  : [1601027.815183][ T2015] [BAT][CHG]set_qc_stat: status: 1, switch: 0
05-28 12:49:06.827     0     0 I KERNEL  : [1601027.949135][ T7591] [BAT][CHG]set_qc_stat: status: 1, switch: 0
05-28 12:49:06.828     0     0 I KERNEL  : [1601027.950392][    T1] init: processing action (vendor.audio.volume.supression.pkg=*) from (/vendor/etc/init/hw/init.asus.rc:1585)
05-28 12:49:06.829     0     0 I KERNEL  : [1601027.951412][    T1] init: processing action (vendor.audio.volume.supression=*) from (/vendor/etc/init/hw/init.asus.rc:1582)
05-28 12:49:06.834  2166  7591 E ANDR-PERF-OPTSHANDLER: thermal_pol f=116, cl=6/1459/2265, cg=21/23/25/1824/3148, ct=24/13/1824/2956, cp=20/672/2553, g=4/231, fg=com.teslacoilsw.launcher, fa=NovaLauncher, pol_u=0, pol_c=0, sys=0, W=-1458mW,batlvl=59,chg=Chargi(2135),
05-28 12:49:07.837     0     0 I KERNEL  : [1601028.958826][ T7591] [BAT][CHG]set_qc_stat: status: 1, switch: 0
05-28 12:49:07.837     0     0 I KERNEL  : [1601028.960004][    T1] init: processing action (vendor.audio.volume.supression.pkg=*) from (/vendor/etc/init/hw/init.asus.rc:1585)
05-28 12:49:07.840     0     0 I KERNEL  : [1601028.960517][    T1] init: processing action (vendor.audio.volume.supression=*) from (/vendor/etc/init/hw/init.asus.rc:1582)
05-28 12:49:07.845  2166  7591 E ANDR-PERF-OPTSHANDLER: thermal_pol f=119, cl=5/1459/2265, cg=24/21/21/1824/3148, ct=14/24/1824/2956, cp=13/672/2553, g=4/231, fg=com.teslacoilsw.launcher, fa=NovaLauncher, pol_u=0, pol_c=0, sys=0, W=-1426mW,batlvl=59,chg=Chargi(2135),
05-28 12:49:08.598 16399 16485 I S.FlushReqestGen: Queueing async flush of data to disk for 2 listeners.
05-28 12:49:08.613 16399 16445 I S.FlushReqestGen: Async flush done.
05-28 12:49:08.614 16399 16445 D U/AsyncTaskHelper: r8lambdaeKjHpdWvaEhsTIzu7XkVhl4aiT4$3@beb66f2 finished, thread=ATH-7. Queue time: 0ms. Run real=15 cpu=8 ms
05-28 12:49:08.711     0     0 W KERNEL  : [1601029.832902][ T8169] [wlan]: BSSID=5c:e9:31:**:**:56 RSSI=-63, Rate=(1721, 1721), flags=(0x108, 0x108), MCS=(7,7), NSS=(2,2).
05-28 12:49:08.847     0     0 I KERNEL  : [1601029.969334][ T7591] [BAT][CHG]set_qc_stat: status: 1, switch: 0
05-28 12:49:08.848     0     0 I KERNEL  : [1601029.970516][    T1] init: processing action (vendor.audio.volume.supression.pkg=*) from (/vendor/etc/init/hw/init.asus.rc:1585)
05-28 12:49:08.852     0     0 I KERNEL  : [1601029.971603][    T1] init: processing action (vendor.audio.volume.supression=*) from (/vendor/etc/init/hw/init.asus.rc:1582)
05-28 12:49:08.856     0     0 E KERNEL  : [1601029.974862][ T7591] [BAT][CHG][ERR]soc_remapping, RM_FCC_soc= 5958, RM= 3108, FCC= 5216, mtNow.tv_sec = 4320066, last_time= 4320066
05-28 12:49:08.857  2166  7591 E ANDR-PERF-OPTSHANDLER: thermal_pol f=119, cl=8/1459/2265, cg=21/25/24/1824/3148, ct=18/21/1824/2956, cp=20/672/2553, g=4/231, fg=com.teslacoilsw.launcher, fa=NovaLauncher, pol_u=0, pol_c=0, sys=0, W=-1412mW,batlvl=59,chg=Chargi(2121),
05-28 12:49:09.405  2477  2477 E AsusRouteMonitor: RTM_NEWNEIGH: target entry 192.168.0.137 66:98:ee:d5:af:52 NUD_STALE (0x4)
05-28 12:49:09.859     0     0 I KERNEL  : [1601030.981326][ T7591] [BAT][CHG]set_qc_stat: status: 1, switch: 0
05-28 12:49:09.860     0     0 I KERNEL  : [1601030.982444][    T1] init: processing action (vendor.audio.volume.supression.pkg=*) from (/vendor/etc/init/hw/init.asus.rc:1585)
05-28 12:49:09.864     0     0 I KERNEL  : [1601030.983647][    T1] init: processing action (vendor.audio.volume.supression=*) from (/vendor/etc/init/hw/init.asus.rc:1582)
05-28 12:49:09.869  2166  7591 E ANDR-PERF-OPTSHANDLER: thermal_pol f=118, cl=6/1459/2265, cg=21/23/22/1824/3148, ct=21/15/1824/2956, cp=14/672/2553, g=4/231, fg=com.teslacoilsw.launcher, fa=NovaLauncher, pol_u=0, pol_c=0, sys=0, W=-1459mW,batlvl=59,chg=Chargi(2120),
05-28 12:49:10.004     0     0 I KERNEL  : [1601031.125288][T22600] [ALS/PS]  stk3a9x_als_get_data_polling_internal 3256: ALS AG = 4, DG = 1024, gain_ratio = 1
05-28 12:49:10.007     0     0 I KERNEL  : [1601031.127656][T22600] [ALS/PS]  stk3a9x_als_get_data_polling_internal 3483: Display PWM, avg_cnt: 45, FIFOData.Size: 240, fifo_avg_f: 115, fifo_avg_g: 33, fifo_avg_c: 0, fifo_avg_diff: 30, cal_diff = -103079214510, BS: 208
05-28 12:49:10.007     0     0 I KERNEL  : [1601031.127678][T22600] [ALS/PS]  stk3a9x_als_notify 2021: ALS data = 30, scale = 261, raw=116, 30,30,30,30,30,30,30,30,30,30,30,30,30,30,30,30,30,30,30,30,
05-28 12:49:10.149 18288 18556 I ThermalEngine: virtual-sensor-skin Reading 28084.
05-28 12:49:10.871     0     0 I KERNEL  : [1601031.993220][ T7591] [BAT][CHG]set_qc_stat: status: 1, switch: 0
05-28 12:49:10.872     0     0 I KERNEL  : [1601031.994676][    T1] init: processing action (vendor.audio.volume.supression.pkg=*) from (/vendor/etc/init/hw/init.asus.rc:1585)
05-28 12:49:10.875  2166  7591 E ANDR-PERF-OPTSHANDLER: thermal_pol f=120, cl=5/1459/2265, cg=20/24/23/1824/3148, ct=24/14/1824/2956, cp=14/672/2553, g=4/231, fg=com.teslacoilsw.launcher, fa=NovaLauncher, pol_u=0, pol_c=0, sys=0, W=-1459mW,batlvl=59,chg=Chargi(2120),
05-28 12:49:10.876     0     0 I KERNEL  : [1601031.995334][    T1] init: processing action (vendor.audio.volume.supression=*) from (/vendor/etc/init/hw/init.asus.rc:1582)
05-28 12:49:11.069  2987  5318 D InetDiagMessage: Destroyed 0 sockets, proto=IPPROTO_TCP, family=AF_INET, states=14
05-28 12:49:11.070  2987  5318 D InetDiagMessage: Destroyed 0 sockets, proto=IPPROTO_TCP, family=AF_INET6, states=14
05-28 12:49:11.070  2987  5318 D InetDiagMessage: Destroyed live tcp sockets for uids={10043} in 2ms
05-28 12:49:11.070  2987  5318 D InetDiagMessage: Destroyed 0 sockets, proto=IPPROTO_TCP, family=AF_INET, states=14
05-28 12:49:11.071  2987  5318 D InetDiagMessage: Destroyed 0 sockets, proto=IPPROTO_TCP, family=AF_INET6, states=14
05-28 12:49:11.071  2987  5318 D InetDiagMessage: Destroyed live tcp sockets for uids={20043} in 1ms
05-28 12:49:11.172 18601 18785 E NetworkDelegate: Something failed
05-28 12:49:11.173 18601 18785 E NetworkDelegate: Something failed
05-28 12:49:11.174 18601 18785 E NetworkDelegate: Something failed
05-28 12:49:11.174 18601 18785 E NetworkDelegate: Something failed
05-28 12:49:11.175 18601 18785 E NetworkDelegate: Something failed
05-28 12:49:11.175 18601 18785 E NetworkDelegate: Something failed
05-28 12:49:11.281 18601 18607 W m.amazon.kindle: Reducing the number of considered missed Gc histogram windows from 126 to 100
05-28 12:49:11.724     0     0 W KERNEL  : [1601032.846050][ T8169] [wlan]: BSSID=5c:e9:31:**:**:56 RSSI=-62, Rate=(1721, 1721), flags=(0x108, 0x108), MCS=(7,7), NSS=(2,2).
05-28 12:49:11.877     0     0 I KERNEL  : [1601033.000006][ T7591] [BAT][CHG]set_qc_stat: status: 1, switch: 0
05-28 12:49:11.878     0     0 I KERNEL  : [1601033.001096][    T1] init: processing action (vendor.audio.volume.supression.pkg=*) from (/vendor/etc/init/hw/init.asus.rc:1585)
05-28 12:49:11.880     0     0 I KERNEL  : [1601033.001794][    T1] init: processing action (vendor.audio.volume.supression=*) from (/vendor/etc/init/hw/init.asus.rc:1582)
05-28 12:49:11.887  2166  7591 E ANDR-PERF-OPTSHANDLER: thermal_pol f=117, cl=8/1459/2265, cg=23/27/28/1824/3148, ct=21/18/1824/2956, cp=15/672/2553, g=4/231, fg=com.teslacoilsw.launcher, fa=NovaLauncher, pol_u=0, pol_c=0, sys=0, W=-1666mW,batlvl=59,chg=Chargi(2120),
05-28 12:49:12.892     0     0 I KERNEL  : [1601034.011767][ T7591] [BAT][CHG]set_qc_stat: status: 1, switch: 0
05-28 12:49:12.892     0     0 I KERNEL  : [1601034.012899][    T1] init: processing action (vendor.audio.volume.supression.pkg=*) from (/vendor/etc/init/hw/init.asus.rc:1585)
05-28 12:49:12.892     0     0 I KERNEL  : [1601034.013984][    T1] init: processing action (vendor.audio.volume.supression=*) from (/vendor/etc/init/hw/init.asus.rc:1582)
05-28 12:49:12.896  2166  7591 E ANDR-PERF-OPTSHANDLER: thermal_pol f=117, cl=4/1459/2265, cg=23/21/21/1824/3148, ct=27/13/1824/2956, cp=18/672/2553, g=4/231, fg=com.teslacoilsw.launcher, fa=NovaLauncher, pol_u=0, pol_c=0, sys=0, W=-1667mW,batlvl=59,chg=Chargi(2121),
05-28 12:49:13.408     0     0 I KERNEL  : [1601034.527953][T22600] [ALS/PS]  stk3a9x_als_get_data_polling_internal 3256: ALS AG = 4, DG = 1024, gain_ratio = 1
05-28 12:49:13.408     0     0 I KERNEL  : [1601034.529831][T22600] [ALS/PS]  stk3a9x_als_get_data_polling_internal 3483: Display PWM, avg_cnt: 48, FIFOData.Size: 256, fifo_avg_f: 117, fifo_avg_g: 31, fifo_avg_c: 0, fifo_avg_diff: 30, cal_diff = -103079214510, BS: 208
05-28 12:49:13.408     0     0 I KERNEL  : [1601034.529840][T22600] [ALS/PS]  stk3a9x_als_notify 2021: ALS data = 30, scale = 261, raw=115, 30,30,30,30,30,30,30,29,29,29,29,29,29,29,29,29,29,30,30,30,
05-28 12:49:13.615 20477 20504 I Finsky:background: [821] Stats for Executor: bgExecutor vxm@75291e2[Running, pool size = 4, active threads = 0, queued tasks = 0, completed tasks = 18]
05-28 12:49:13.618 20477 20504 I Finsky:background: [821] Stats for Executor: LightweightExecutor vxm@bdb1106[Running, pool size = 4, active threads = 0, queued tasks = 0, completed tasks = 8]
05-28 12:49:13.661 20477 20504 I Finsky:background: [821] Stats for Executor: BlockingExecutor vxm@9b36903[Running, pool size = 0, active threads = 0, queued tasks = 0, completed tasks = 5]
05-28 12:49:13.899     0     0 I KERNEL  : [1601035.020839][ T7591] [BAT][CHG]set_qc_stat: status: 1, switch: 0
05-28 12:49:13.900     0     0 I KERNEL  : [1601035.021850][    T1] init: processing action (vendor.audio.volume.supression.pkg=*) from (/vendor/etc/init/hw/init.asus.rc:1585)
05-28 12:49:13.900     0     0 I KERNEL  : [1601035.022581][    T1] init: processing action (vendor.audio.volume.supression=*) from (/vendor/etc/init/hw/init.asus.rc:1582)
05-28 12:49:13.906  2166  7591 E ANDR-PERF-OPTSHANDLER: thermal_pol f=120, cl=5/1459/2265, cg=20/25/24/1824/3148, ct=16/26/1824/2956, cp=16/672/2553, g=4/231, fg=com.teslacoilsw.launcher, fa=NovaLauncher, pol_u=0, pol_c=0, sys=0, W=-1428mW,batlvl=59,chg=Chargi(2121),
05-28 12:49:14.600     0     0 E KERNEL  : [1601035.722382][ T2015] [BAT][CHG][ERR]soc_remapping, RM_FCC_soc= 5958, RM= 3108, FCC= 5216, mtNow.tv_sec = 4320072, last_time= 4320072
05-28 12:49:14.619 16370 16476 I MlsIntegration: Treatment for Weblab MLS_USE_PSEUDO_DEVICE_ID_ANDROID_1109242 is C_default (changed?: false)
05-28 12:49:14.620 16370 16476 I MlsIntegration: Treatment for Weblab MLS_ANDROID_ZAZ_MIGRATION_1364350 is C_default (changed?: false)
05-28 12:49:14.620 16370 16476 I MlsIntegration: Treatment for Weblab MLS_ENABLE_DEBUG_LOGS_1366122 is C_default (changed?: false)
05-28 12:49:14.738     0     0 W KERNEL  : [1601035.860176][ T8169] [wlan]: BSSID=5c:e9:31:**:**:56 RSSI=-62, Rate=(1721, 1721), flags=(0x108, 0x108), MCS=(7,7), NSS=(2,2).
05-28 12:49:14.909     0     0 I KERNEL  : [1601036.031030][ T7591] [BAT][CHG]set_qc_stat: status: 1, switch: 0
05-28 12:49:14.910     0     0 I KERNEL  : [1601036.032176][    T1] init: processing action (vendor.audio.volume.supression.pkg=*) from (/vendor/etc/init/hw/init.asus.rc:1585)
05-28 12:49:14.910     0     0 I KERNEL  : [1601036.032943][    T1] init: processing action (vendor.audio.volume.supression=*) from (/vendor/etc/init/hw/init.asus.rc:1582)
05-28 12:49:14.918  2166  7591 E ANDR-PERF-OPTSHANDLER: thermal_pol f=119, cl=8/1459/2265, cg=22/23/22/1824/3148, ct=20/13/1824/2956, cp=15/672/2553, g=4/231, fg=com.teslacoilsw.launcher, fa=NovaLauncher, pol_u=0, pol_c=0, sys=0, W=-1442mW,batlvl=59,chg=Chargi(2135),
05-28 12:49:15.490  2018 19724 I sensors-hal: handle_sns_client_event:294, [SSC_HAL] ACCEL, ts:4320073.133123 s X:0.25 Y:0.13 Z:9.83, elapsedRealtime: 4320073.181770, ts_diff: 0.048647, pb_ts: 82945493061139, offset = -4630477886
05-28 12:49:15.921     0     0 I KERNEL  : [1601037.042976][ T7591] [BAT][CHG]set_qc_stat: status: 1, switch: 0
05-28 12:49:15.922     0     0 I KERNEL  : [1601037.044060][    T1] init: processing action (vendor.audio.volume.supression.pkg=*) from (/vendor/etc/init/hw/init.asus.rc:1585)
05-28 12:49:15.923     0     0 I KERNEL  : [1601037.045039][    T1] init: processing action (vendor.audio.volume.supression=*) from (/vendor/etc/init/hw/init.asus.rc:1582)
05-28 12:49:15.933  2166  7591 E ANDR-PERF-OPTSHANDLER: thermal_pol f=119, cl=4/1459/2265, cg=24/22/19/1824/3148, ct=17/24/1824/2956, cp=17/672/2553, g=4/231, fg=com.teslacoilsw.launcher, fa=NovaLauncher, pol_u=0, pol_c=0, sys=0, W=-1432mW,batlvl=59,chg=Chargi(2133),
05-28 12:49:16.804     0     0 I KERNEL  : [1601037.926036][T22600] [ALS/PS]  stk3a9x_als_get_data_polling_internal 3256: ALS AG = 4, DG = 1024, gain_ratio = 1
05-28 12:49:16.808     0     0 I KERNEL  : [1601037.928143][T22600] [ALS/PS]  stk3a9x_als_get_data_polling_internal 3483: Display PWM, avg_cnt: 45, FIFOData.Size: 240, fifo_avg_f: 113, fifo_avg_g: 31, fifo_avg_c: 0, fifo_avg_diff: 30, cal_diff = -103079214510, BS: 208
05-28 12:49:16.808     0     0 I KERNEL  : [1601037.928160][T22600] [ALS/PS]  stk3a9x_als_notify 2021: ALS data = 29, scale = 261, raw=113, 30,30,30,30,30,30,30,30,30,30,30,29,29,29,29,29,29,29,29,29,
05-28 12:49:16.935     0     0 I KERNEL  : [1601038.057462][ T7591] [BAT][CHG]set_qc_stat: status: 1, switch: 0
05-28 12:49:16.936     0     0 I KERNEL  : [1601038.058670][    T1] init: processing action (vendor.audio.volume.supression.pkg=*) from (/vendor/etc/init/hw/init.asus.rc:1585)
05-28 12:49:16.940     0     0 I KERNEL  : [1601038.059555][    T1] init: processing action (vendor.audio.volume.supression=*) from (/vendor/etc/init/hw/init.asus.rc:1582)
05-28 12:49:16.940  2166  7591 E ANDR-PERF-OPTSHANDLER: thermal_pol f=118, cl=6/1459/2265, cg=24/20/23/1824/3148, ct=24/15/1824/2956, cp=16/672/2553, g=4/231, fg=com.teslacoilsw.launcher, fa=NovaLauncher, pol_u=0, pol_c=0, sys=0, W=-1432mW,batlvl=59,chg=Chargi(2133),
05-28 12:49:16.986     0     0 I KERNEL  : [1601038.107608][ T2015] [BAT][CHG]set_qc_stat: status: 1, switch: 0
05-28 12:49:16.986     0     0 W KERNEL  : [1601038.109028][ T2015] healthd: battery l=59 v=7970 t=27.9 h=2 st=2 c=88000 fc=5216000 cc=89 chg=u
05-28 12:49:16.995     0     0 I KERNEL  : [1601038.117075][ T2015] [BAT][CHG]set_qc_stat: status: 1, switch: 0
05-28 12:49:17.344 16399 16483 W R:Battery: Didn't get new data for BATTERY_CHANGED, retrying later
05-28 12:49:17.735  2987  3030 I system_server: Background concurrent mark compact GC freed 34MB AllocSpace bytes, 3146(61MB) LOS objects, 40% free, 138MB/234MB, paused 1.030ms,7.982ms total 275.648ms
05-28 12:49:17.750     0     0 W KERNEL  : [1601038.872607][ T8169] [wlan]: BSSID=5c:e9:31:**:**:56 RSSI=-61, Rate=(1721, 1721), flags=(0x108, 0x108), MCS=(7,7), NSS=(2,2).
05-28 12:49:17.944     0     0 I KERNEL  : [1601039.064886][ T7591] [BAT][CHG]set_qc_stat: status: 1, switch: 0
05-28 12:49:17.944     0     0 I KERNEL  : [1601039.066076][    T1] init: processing action (vendor.audio.volume.supression.pkg=*) from (/vendor/etc/init/hw/init.asus.rc:1585)
05-28 12:49:17.948     0     0 I KERNEL  : [1601039.067151][    T1] init: processing action (vendor.audio.volume.supression=*) from (/vendor/etc/init/hw/init.asus.rc:1582)
05-28 12:49:17.955  2166  7591 E ANDR-PERF-OPTSHANDLER: thermal_pol f=119, cl=4/1459/2265, cg=20/24/45/1824/3148, ct=20/16/1824/2956, cp=17/672/2553, g=4/231, fg=com.teslacoilsw.launcher, fa=NovaLauncher, pol_u=0, pol_c=0, sys=0, W=-2133mW,batlvl=59,chg=Chargi(2133),
05-28 12:49:18.514  2987  4078 E ActivityManager: Sending non-protected broadcast android.intent.action.UPDATE_CT_LOGS from system uid 1000 pkg android
05-28 12:49:18.514  2987  4078 E ActivityManager: java.lang.Throwable
05-28 12:49:18.514  2987  4078 E ActivityManager: 	at com.android.server.am.BroadcastController.checkBroadcastFromSystem(BroadcastController.java:2186)
05-28 12:49:18.514  2987  4078 E ActivityManager: 	at com.android.server.am.BroadcastController.broadcastIntentLockedTraced(BroadcastController.java:1677)
05-28 12:49:18.514  2987  4078 E ActivityManager: 	at com.android.server.am.BroadcastController.broadcastIntentLocked(BroadcastController.java:815)
05-28 12:49:18.514  2987  4078 E ActivityManager: 	at com.android.server.am.BroadcastController.broadcastIntentInPackage(BroadcastController.java:782)
05-28 12:49:18.514  2987  4078 E ActivityManager: 	at com.android.server.am.ActivityManagerService$LocalService.broadcastIntentInPackage(ActivityManagerService.java:17863)
05-28 12:49:18.514  2987  4078 E ActivityManager: 	at com.android.server.am.PendingIntentRecord.sendInner(PendingIntentRecord.java:710)
05-28 12:49:18.514  2987  4078 E ActivityManager: 	at com.android.server.am.PendingIntentRecord.sendWithResult(PendingIntentRecord.java:385)
05-28 12:49:18.514  2987  4078 E ActivityManager: 	at com.android.server.am.ActivityManagerService.sendIntentSender(ActivityManagerService.java:6021)
05-28 12:49:18.514  2987  4078 E ActivityManager: 	at android.app.PendingIntent.sendAndReturnResult(PendingIntent.java:1163)
05-28 12:49:18.514  2987  4078 E ActivityManager: 	at android.app.PendingIntent.send(PendingIntent.java:1092)
05-28 12:49:18.514  2987  4078 E ActivityManager: 	at com.android.server.alarm.AlarmManagerService$DeliveryTracker.deliverLocked(AlarmManagerService.java:5588)
05-28 12:49:18.514  2987  4078 E ActivityManager: 	at com.android.server.alarm.AlarmManagerService.deliverAlarmsLocked(AlarmManagerService.java:4537)
05-28 12:49:18.514  2987  4078 E ActivityManager: 	at com.android.server.alarm.AlarmManagerService$AlarmThread.run(AlarmManagerService.java:4819)
05-28 12:49:18.518  5447  5447 D NotificationAlarmReceiver:  onReceive: com.asus.systemui.NOTIFICATION_FIREBASE_ONE_HOUR
--------- beginning of system
05-28 12:49:18.523  2987  2987 W ProcessStats: Tracking association SourceState{be5efca com.android.systemui/10054 ImpFg #4569149} whose proc state 5 is better than process ProcessState{32d53b system/1000 pkg=com.asus.ims.freeform (sub)} proc state 9 (7 skipped)
05-28 12:49:18.526  2987  2987 D AlarmManager: setImpl: (a) wakeup alarm (system): 1000/android, action: , 4321816837
05-28 12:49:18.549  2987  2987 D CompatChangeReporter: Compat change id reported: 311402873; UID 10048; state: ENABLED
05-28 12:49:18.549  2987  2987 D CompatChangeReporter: Compat change id reported: 323349338; UID 10048; state: ENABLED
05-28 12:49:18.959     0     0 I KERNEL  : [1601040.079584][ T7591] [BAT][CHG]set_qc_stat: status: 1, switch: 0
05-28 12:49:18.959     0     0 I KERNEL  : [1601040.081299][    T1] init: processing action (vendor.audio.volume.supression.pkg=*) from (/vendor/etc/init/hw/init.asus.rc:1585)
05-28 12:49:18.960     0     0 I KERNEL  : [1601040.082575][    T1] init: processing action (vendor.audio.volume.supression=*) from (/vendor/etc/init/hw/init.asus.rc:1582)
05-28 12:49:18.968     0     0 E KERNEL  : [1601040.089310][ T7591] [BAT][CHG][ERR]soc_remapping, RM_FCC_soc= 5958, RM= 3108, FCC= 5216, mtNow.tv_sec = 4320076, last_time= 4320076
05-28 12:49:18.974  2166  7591 E ANDR-PERF-OPTSHANDLER: thermal_pol f=120, cl=4/1459/2265, cg=21/29/21/1824/3148, ct=26/12/1824/2956, cp=17/672/2553, g=4/231, fg=com.teslacoilsw.launcher, fa=NovaLauncher, pol_u=0, pol_c=0, sys=0, W=-1494mW,batlvl=59,chg=Chargi(2128),
05-28 12:49:19.976     0     0 I KERNEL  : [1601041.098554][ T7591] [BAT][CHG]set_qc_stat: status: 1, switch: 0
05-28 12:49:19.978     0     0 I KERNEL  : [1601041.100235][    T1] init: processing action (vendor.audio.volume.supression.pkg=*) from (/vendor/etc/init/hw/init.asus.rc:1585)
05-28 12:49:19.980     0     0 I KERNEL  : [1601041.100997][    T1] init: processing action (vendor.audio.volume.supression=*) from (/vendor/etc/init/hw/init.asus.rc:1582)
05-28 12:49:19.982  2166  7591 E ANDR-PERF-OPTSHANDLER: thermal_pol f=118, cl=4/1459/2265, cg=20/20/23/1824/3148, ct=25/16/1824/2956, cp=16/672/2553, g=4/231, fg=com.teslacoilsw.launcher, fa=NovaLauncher, pol_u=0, pol_c=0, sys=0, W=-1491mW,batlvl=59,chg=Chargi(2128),
05-28 12:49:20.208     0     0 I KERNEL  : [1601041.328568][T22600] [ALS/PS]  stk3a9x_als_get_data_polling_internal 3256: ALS AG = 4, DG = 1024, gain_ratio = 1
05-28 12:49:20.208     0     0 I KERNEL  : [1601041.330774][T22600] [ALS/PS]  stk3a9x_als_get_data_polling_internal 3483: Display PWM, avg_cnt: 48, FIFOData.Size: 256, fifo_avg_f: 115, fifo_avg_g: 33, fifo_avg_c: 0, fifo_avg_diff: 30, cal_diff = -103079214510, BS: 208
05-28 12:49:20.208     0     0 I KERNEL  : [1601041.330793][T22600] [ALS/PS]  stk3a9x_als_notify 2021: ALS data = 30, scale = 261, raw=115, 29,29,29,29,29,29,29,29,29,29,29,29,29,29,29,29,30,30,30,30,
05-28 12:49:20.217 18288 18556 I ThermalEngine: virtual-sensor-skin Reading 28087.
05-28 12:49:20.609 16399 17921 V U.Notification: Posting new notification, elapsed=16020
05-28 12:49:20.763     0     0 W KERNEL  : [1601041.885730][ T8169] [wlan]: BSSID=5c:e9:31:**:**:56 RSSI=-62, Rate=(1721, 1721), flags=(0x108, 0x108), MCS=(7,7), NSS=(2,2).
05-28 12:49:20.984     0     0 I KERNEL  : [1601042.106309][ T7591] [BAT][CHG]set_qc_stat: status: 1, switch: 0
05-28 12:49:20.985     0     0 I KERNEL  : [1601042.107559][    T1] init: processing action (vendor.audio.volume.supression.pkg=*) from (/vendor/etc/init/hw/init.asus.rc:1585)
05-28 12:49:20.988     0     0 I KERNEL  : [1601042.107989][    T1] init: processing action (vendor.audio.volume.supression=*) from (/vendor/etc/init/hw/init.asus.rc:1582)
05-28 12:49:20.996  2166  7591 E ANDR-PERF-OPTSHANDLER: thermal_pol f=116, cl=10/1459/2265, cg=21/24/26/1824/3148, ct=17/18/1824/2956, cp=17/672/2553, g=4/231, fg=com.teslacoilsw.launcher, fa=NovaLauncher, pol_u=0, pol_c=0, sys=0, W=-1429mW,batlvl=59,chg=Chargi(2114),
05-28 12:49:21.598  9530  9591 I PlayCommon: [848] Preparing logs for uploading
05-28 12:49:21.600  9530  9591 I PlayCommon: [848] Connecting to server: https://play.googleapis.com/play/log?format=raw&proto_v2=true
05-28 12:49:21.686  9530  9591 I PlayCommon: [848] Successfully uploaded logs.
05-28 12:49:21.998     0     0 I KERNEL  : [1601043.120833][ T7591] [BAT][CHG]set_qc_stat: status: 1, switch: 0
05-28 12:49:22.000     0     0 I KERNEL  : [1601043.122205][    T1] init: processing action (vendor.audio.volume.supression.pkg=*) from (/vendor/etc/init/hw/init.asus.rc:1585)
05-28 12:49:22.001     0     0 I KERNEL  : [1601043.123014][    T1] init: processing action (vendor.audio.volume.supression=*) from (/vendor/etc/init/hw/init.asus.rc:1582)
05-28 12:49:22.008  2166  7591 E ANDR-PERF-OPTSHANDLER: thermal_pol f=118, cl=5/1459/2265, cg=23/25/22/1824/3148, ct=20/20/1824/2956, cp=14/672/2553, g=4/231, fg=com.teslacoilsw.launcher, fa=NovaLauncher, pol_u=0, pol_c=0, sys=0, W=-1438mW,batlvl=59,chg=Chargi(2123),
05-28 12:49:22.977     0     0 W KERNEL  : [1601044.094739][T22600] [K][KTOP] asus Kernel Top Statistic start (01-19 12:44:27)
05-28 12:49:22.979     0     0 I KERNEL  : [1601044.099946][T22600] [K][KTOP]CPU Usage	PID	Name		Delta(485043755369 ns)
05-28 12:49:22.979     0     0 I KERNEL  : [1601044.099957][T22600] [K][KTOP]     3.2%	2202	surfaceflinger		15774058895
05-28 12:49:22.979     0     0 I KERNEL  : [1601044.099966][T22600] [K][KTOP]     3.2%	7477	coilsw.launcher		15709720993
05-28 12:49:22.979     0     0 I KERNEL  : [1601044.099971][T22600] [K][KTOP]     3.0%	1357	crtc_commit:199		14824209390
05-28 12:49:22.979     0     0 I KERNEL  : [1601044.099975][T22600] [K][KTOP]     2.3%	2156	binder:2156_2		11326882297
05-28 12:49:22.979     0     0 I KERNEL  : [1601044.099980][T22600] [K][KTOP]     1.1%	2987	system_server		5630420744
05-28 12:49:22.979     0     0 I KERNEL  : [1601044.099985][T22600] [K][KTOP]     0.5%	16883	AndroidUI		2699659846
05-28 12:49:22.979     0     0 W KERNEL  : [1601044.100028][T22600] [K][KTOP] asus Kernel Top Statistic done
05-28 12:49:23.010     0     0 I KERNEL  : [1601044.132824][ T7591] [BAT][CHG]set_qc_stat: status: 1, switch: 0
05-28 12:49:23.011     0     0 I KERNEL  : [1601044.133996][    T1] init: processing action (vendor.audio.volume.supression.pkg=*) from (/vendor/etc/init/hw/init.asus.rc:1585)
05-28 12:49:23.016     0     0 I KERNEL  : [1601044.134879][    T1] init: processing action (vendor.audio.volume.supression=*) from (/vendor/etc/init/hw/init.asus.rc:1582)
05-28 12:49:23.028  2166  7591 E ANDR-PERF-OPTSHANDLER: thermal_pol f=119, cl=5/1459/2265, cg=18/23/21/1824/3148, ct=9/31/1824/2956, cp=15/672/2553, g=4/231, fg=com.teslacoilsw.launcher, fa=NovaLauncher, pol_u=0, pol_c=0, sys=0, W=-1430mW,batlvl=59,chg=Chargi(2123),
05-28 12:49:23.430  5783  6227 D SatelliteController: iisInCarrierRoamingNbIotNtn: satellite is disabled
05-28 12:49:23.432  5783  6007 D PhoneInterfaceManager: isDataEnabled: true, subId=1
05-28 12:49:23.434  5783  5783 D QtiLinkBandwidthEstimator-0: handleMessage: 5
05-28 12:49:23.436  5783  6994 D PhoneInterfaceManager: isDataEnabledForReason: subId=1 phoneId=0 reason=0
05-28 12:49:23.436  5783  6994 D PhoneInterfaceManager: isDataEnabledForReason: retVal=true
05-28 12:49:23.440 29356 11968 I Tycho.VoiceLibrary: Ignore cellStateChanged, because there is a wifi connection.
05-28 12:49:23.604     0     0 I KERNEL  : [1601044.725433][T22600] [ALS/PS]  stk3a9x_als_get_data_polling_internal 3256: ALS AG = 4, DG = 1024, gain_ratio = 1
05-28 12:49:23.606     0     0 I KERNEL  : [1601044.727683][T22600] [ALS/PS]  stk3a9x_als_get_data_polling_internal 3483: Display PWM, avg_cnt: 45, FIFOData.Size: 240, fifo_avg_f: 112, fifo_avg_g: 31, fifo_avg_c: 0, fifo_avg_diff: 30, cal_diff = -103079214510, BS: 208
05-28 12:49:23.606     0     0 I KERNEL  : [1601044.727706][T22600] [ALS/PS]  stk3a9x_als_notify 2021: ALS data = 28, scale = 261, raw=111, 29,29,29,29,29,29,29,29,29,29,29,29,29,28,28,28,28,28,28,28,
05-28 12:49:23.780     0     0 W KERNEL  : [1601044.900289][ T8169] [wlan]: BSSID=5c:e9:31:**:**:56 RSSI=-61, Rate=(1721, 1721), flags=(0x108, 0x108), MCS=(7,7), NSS=(2,2).
05-28 12:49:24.032     0     0 I KERNEL  : [1601045.153037][ T7591] [BAT][CHG]set_qc_stat: status: 1, switch: 0
05-28 12:49:24.032     0     0 I KERNEL  : [1601045.154014][    T1] init: processing action (vendor.audio.volume.supression.pkg=*) from (/vendor/etc/init/hw/init.asus.rc:1585)
05-28 12:49:24.032     0     0 I KERNEL  : [1601045.155108][    T1] init: processing action (vendor.audio.volume.supression=*) from (/vendor/etc/init/hw/init.asus.rc:1582)
05-28 12:49:24.039  2166  7591 E ANDR-PERF-OPTSHANDLER: thermal_pol f=119, cl=5/1459/2265, cg=23/24/25/1824/3148, ct=15/24/1824/2956, cp=16/672/2553, g=4/231, fg=com.teslacoilsw.launcher, fa=NovaLauncher, pol_u=0, pol_c=0, sys=0, W=-1430mW,batlvl=59,chg=Chargi(2123),
05-28 12:49:24.040     0     0 E KERNEL  : [1601045.162092][ T7591] [BAT][CHG][ERR]soc_remapping, RM_FCC_soc= 5958, RM= 3108, FCC= 5216, mtNow.tv_sec = 4320081, last_time= 4320081
05-28 12:49:25.042     0     0 I KERNEL  : [1601046.164209][ T7591] [BAT][CHG]set_qc_stat: status: 1, switch: 0
05-28 12:49:25.043     0     0 I KERNEL  : [1601046.165494][    T1] init: processing action (vendor.audio.volume.supression.pkg=*) from (/vendor/etc/init/hw/init.asus.rc:1585)
05-28 12:49:25.044     0     0 I KERNEL  : [1601046.166233][    T1] init: processing action (vendor.audio.volume.supression=*) from (/vendor/etc/init/hw/init.asus.rc:1582)
05-28 12:49:25.050  2166  7591 E ANDR-PERF-OPTSHANDLER: thermal_pol f=119, cl=6/1459/2265, cg=21/24/22/1824/3148, ct=24/16/1824/2956, cp=17/672/2553, g=4/231, fg=com.teslacoilsw.launcher, fa=NovaLauncher, pol_u=0, pol_c=0, sys=0, W=-1411mW,batlvl=59,chg=Chargi(2120),
05-28 12:49:25.489  2018 19724 I sensors-hal: handle_sns_client_event:294, [SSC_HAL] ACCEL, ts:4320083.148665 s X:0.25 Y:0.13 Z:9.83, elapsedRealtime: 4320083.181509, ts_diff: 0.032843, pb_ts: 82945685359551, offset = -4630477804
05-28 12:49:26.000     0     0 I KERNEL  : [1601047.122374][    C1] [BAT][CHG]batAlarm_handler: batAlarm triggered
05-28 12:49:26.053     0     0 I KERNEL  : [1601047.175130][ T7591] [BAT][CHG]set_qc_stat: status: 1, switch: 0
05-28 12:49:26.054     0     0 I KERNEL  : [1601047.176459][    T1] init: processing action (vendor.audio.volume.supression.pkg=*) from (/vendor/etc/init/hw/init.asus.rc:1585)
05-28 12:49:26.056     0     0 I KERNEL  : [1601047.177391][    T1] init: processing action (vendor.audio.volume.supression=*) from (/vendor/etc/init/hw/init.asus.rc:1582)
05-28 12:49:26.065  2166  7591 E ANDR-PERF-OPTSHANDLER: thermal_pol f=119, cl=5/1459/2265, cg=20/21/21/1824/3148, ct=22/17/1824/2956, cp=15/672/2553, g=4/231, fg=com.teslacoilsw.launcher, fa=NovaLauncher, pol_u=0, pol_c=0, sys=0, W=-1411mW,batlvl=59,chg=Chargi(2120),
05-28 12:49:26.634  5783  6227 D SatelliteController: iisInCarrierRoamingNbIotNtn: satellite is disabled
05-28 12:49:26.637  5783  6007 D PhoneInterfaceManager: isDataEnabled: true, subId=1
05-28 12:49:26.637  5783  5783 D QtiLinkBandwidthEstimator-0: handleMessage: 5
05-28 12:49:26.638  5783  6994 D PhoneInterfaceManager: isDataEnabledForReason: subId=1 phoneId=0 reason=0
05-28 12:49:26.638  5783  6994 D PhoneInterfaceManager: isDataEnabledForReason: retVal=true
05-28 12:49:26.793     0     0 W KERNEL  : [1601047.915202][ T8169] [wlan]: BSSID=5c:e9:31:**:**:56 RSSI=-62, Rate=(2065, 1721), flags=(0x108, 0x108), MCS=(8,7), NSS=(2,2).
05-28 12:49:26.814  2477  2477 E AsusRouteMonitor: RTM_NEWNEIGH: target entry 192.168.0.1 64:62:66:2f:5e:af NUD_PROBE (0x10)
05-28 12:49:26.814  2477  2477 E AsusRouteMonitor: RTM_NEWNEIGH: target entry 192.168.0.137 66:98:ee:d5:af:52 NUD_PROBE (0x10)
05-28 12:49:26.827  2477  2477 E AsusRouteMonitor: RTM_NEWNEIGH: target entry 192.168.0.1 64:62:66:2f:5e:af NUD_REACHABLE (0x2)
05-28 12:49:26.828  2477  2477 E AsusRouteMonitor: RTM_NEWNEIGH: target entry 192.168.0.137 66:98:ee:d5:af:52 NUD_REACHABLE (0x2)
05-28 12:49:26.830  5589  1483 D IpClient/wlan0: interfaceLinkStateChanged: ifindex 23 up
05-28 12:49:27.004     0     0 I KERNEL  : [1601048.126063][T16762] [ALS/PS]  stk3a9x_als_get_data_polling_internal 3256: ALS AG = 4, DG = 1024, gain_ratio = 1
05-28 12:49:27.006     0     0 I KERNEL  : [1601048.128767][T16762] [ALS/PS]  stk3a9x_als_get_data_polling_internal 3483: Display PWM, avg_cnt: 45, FIFOData.Size: 240, fifo_avg_f: 111, fifo_avg_g: 30, fifo_avg_c: 0, fifo_avg_diff: 30, cal_diff = -103079214510, BS: 208
05-28 12:49:27.006     0     0 I KERNEL  : [1601048.128787][T16762] [ALS/PS]  stk3a9x_als_notify 2021: ALS data = 28, scale = 261, raw=111, 28,29,29,29,29,29,29,29,29,29,29,29,29,29,29,29,28,28,28,28,
05-28 12:49:27.068     0     0 I KERNEL  : [1601048.189737][ T7591] [BAT][CHG]set_qc_stat: status: 1, switch: 0
05-28 12:49:27.070     0     0 I KERNEL  : [1601048.191014][    T1] init: processing action (vendor.audio.volume.supression.pkg=*) from (/vendor/etc/init/hw/init.asus.rc:1585)
05-28 12:49:27.070     0     0 I KERNEL  : [1601048.192043][    T1] init: processing action (vendor.audio.volume.supression=*) from (/vendor/etc/init/hw/init.asus.rc:1582)
05-28 12:49:27.070     0     0 I KERNEL  : [1601048.192258][T19038] [BAT][CHG]asus_thermal_side: side_adc_temp = 28681
05-28 12:49:27.073  2166  7591 E ANDR-PERF-OPTSHANDLER: thermal_pol f=118, cl=6/1459/2265, cg=23/26/22/1824/3148, ct=18/21/1824/2956, cp=20/672/2553, g=4/231, fg=com.teslacoilsw.launcher, fa=NovaLauncher, pol_u=0, pol_c=0, sys=0, W=-1475mW,batlvl=59,chg=Chargi(2120),
05-28 12:49:27.080     0     0 I KERNEL  : [1601048.195857][T19038] [BAT][CHG]asus_thermal_btm: btm_adc_temp = 27494
05-28 12:49:27.080     0     0 I KERNEL  : [1601048.195866][T19038] [BAT][CHG]asus_update_thermal_result: usb_alert_side_flag : 0, usb_alert_btm_flag : 0, g_vbus_plug : 1
05-28 12:49:27.080     0     0 I KERNEL  : [1601048.195875][T19038] [BAT][CHG]asus_update_thermal_result: Set thermal_extcon 0
05-28 12:49:27.080     0     0 E KERNEL  : [1601048.195893][T19038] BATTERY_CHG: monitor_charging_enable: monitor_charging_enable, SOC=59
05-28 12:49:27.080     0     0 I KERNEL  : [1601048.195931][T19038] [BAT][CHG]monitor_charging_enable: smartchg_stop_flag : 0, bypass_stop_flag : 0
05-28 12:49:27.080     0     0 I KERNEL  : [1601048.195946][T19038] [BAT][CHG]monitor_charging_enable: bat_capacity : 59. ultra_bat_life_flag : 0, g_cos_over_full_flag : 0
05-28 12:49:27.080     0     0 I KERNEL  : [1601048.195963][T19038] [BAT][CHG]monitor_charging_enable: fac_chg_limit_en : 0, fac_chg_limit_cap : 70
05-28 12:49:27.080     0     0 I KERNEL  : [1601048.195976][T19038] [BAT][CHG]monitor_charging_enable: demo_app_property_flag : 0, demo_app_state_flag : 0, cn_demo_app_flag : 0
05-28 12:49:27.081     0     0 I KERNEL  : [1601048.195985][T19038] [BAT][CHG]monitor_charging_enable: charging_pause : 0, pre_charging_pause : 0
05-28 12:49:27.081     0     0 I KERNEL  : [1601048.195994][T19038] [BAT][CHG]monitor_charging_enable: g_once_usb_thermal_btm : 0, g_once_usb_thermal_side : 0, feature_usbin_suspend : 0
05-28 12:49:28.076     0     0 I KERNEL  : [1601048.196003][T19038] [BAT][CHG]usbin_suspend_to_ADSP. enable : 0, pre_enable : 0
05-28 12:49:28.076     0     0 I KERNEL  : [1601049.197678][ T7591] [BAT][CHG]set_qc_stat: status: 1, switch: 0
05-28 12:49:28.078     0     0 I KERNEL  : [1601049.199479][    T1] init: processing action (vendor.audio.volume.supression.pkg=*) from (/vendor/etc/init/hw/init.asus.rc:1585)
05-28 12:49:28.078     0     0 I KERNEL  : [1601049.200389][    T1] init: processing action (vendor.audio.volume.supression=*) from (/vendor/etc/init/hw/init.asus.rc:1582)
05-28 12:49:28.084  2166  7591 E ANDR-PERF-OPTSHANDLER: thermal_pol f=118, cl=5/1459/2265, cg=23/24/21/1824/3148, ct=18/22/1824/2956, cp=16/672/2553, g=4/231, fg=com.teslacoilsw.launcher, fa=NovaLauncher, pol_u=0, pol_c=0, sys=0, W=-1476mW,batlvl=59,chg=Chargi(2121),
05-28 12:49:28.624     0     0 E KERNEL  : [1601049.743291][ T2015] [BAT][CHG][ERR]soc_remapping, RM_FCC_soc= 5958, RM= 3108, FCC= 5216, mtNow.tv_sec = 4320086, last_time= 4320086
05-28 12:49:29.088     0     0 I KERNEL  : [1601050.208297][ T7591] [BAT][CHG]set_qc_stat: status: 1, switch: 0
05-28 12:49:29.088     0     0 I KERNEL  : [1601050.209483][    T1] init: processing action (vendor.audio.volume.supression.pkg=*) from (/vendor/etc/init/hw/init.asus.rc:1585)
05-28 12:49:29.088     0     0 I KERNEL  : [1601050.210483][    T1] init: processing action (vendor.audio.volume.supression=*) from (/vendor/etc/init/hw/init.asus.rc:1582)
05-28 12:49:29.096  2166  7591 E ANDR-PERF-OPTSHANDLER: thermal_pol f=118, cl=4/1459/2265, cg=22/23/21/1824/3148, ct=19/22/1824/2956, cp=18/672/2553, g=4/231, fg=com.teslacoilsw.launcher, fa=NovaLauncher, pol_u=0, pol_c=0, sys=0, W=-1460mW,batlvl=59,chg=Chargi(2121),
05-28 12:49:29.318 18379 22750 W HWUI    : Image decoding logging dropped!
05-28 12:49:29.328  2987  5363 D BackgroundInstallControlService: Package event received: 0
05-28 12:49:29.334  8290  8290 D BoundBrokerSvc: onBind: Intent { act=com.google.android.gms.feedback.internal.IFeedbackService dat=chimera-action:/... xflg=0x4 cmp=com.google.android.gms/.chimera.GmsBoundBrokerService }
05-28 12:49:29.334  8290  8290 D BoundBrokerSvc: Loading bound service for intent: Intent { act=com.google.android.gms.feedback.internal.IFeedbackService dat=chimera-action:/... xflg=0x4 cmp=com.google.android.gms/.chimera.GmsBoundBrokerService }
05-28 12:49:29.336  8290 21232 E ActivityThread: Failed to find provider info for gmail-ofls
05-28 12:49:29.806     0     0 W KERNEL  : [1601050.928736][ T8169] [wlan]: BSSID=5c:e9:31:**:**:56 RSSI=-62, Rate=(1721, 60), flags=(0x108, 0x108), MCS=(7,0), NSS=(2,2).
05-28 12:49:30.100     0     0 I KERNEL  : [1601051.221236][ T7591] [BAT][CHG]set_qc_stat: status: 1, switch: 0
05-28 12:49:30.100     0     0 I KERNEL  : [1601051.222574][    T1] init: processing action (vendor.audio.volume.supression.pkg=*) from (/vendor/etc/init/hw/init.asus.rc:1585)
05-28 12:49:30.101     0     0 I KERNEL  : [1601051.223633][    T1] init: processing action (vendor.audio.volume.supression=*) from (/vendor/etc/init/hw/init.asus.rc:1582)
05-28 12:49:30.106  2166  7591 E ANDR-PERF-OPTSHANDLER: thermal_pol f=120, cl=7/1459/2265, cg=24/26/22/1824/3148, ct=14/20/1824/2956, cp=15/672/2553, g=4/231, fg=com.teslacoilsw.launcher, fa=NovaLauncher, pol_u=0, pol_c=0, sys=0, W=-1460mW,batlvl=59,chg=Chargi(2121),
05-28 12:49:30.266 18288 18556 I ThermalEngine: virtual-sensor-skin Reading 28092.
05-28 12:49:30.369  8290 22708 E ActivityThread: Failed to find provider info for gmail-ofls
05-28 12:49:30.404     0     0 I KERNEL  : [1601051.524698][T16762] [ALS/PS]  stk3a9x_als_get_data_polling_internal 3256: ALS AG = 4, DG = 1024, gain_ratio = 1
05-28 12:49:30.404     0     0 I KERNEL  : [1601051.526230][T16762] [ALS/PS]  stk3a9x_als_get_data_polling_internal 3483: Display PWM, avg_cnt: 45, FIFOData.Size: 240, fifo_avg_f: 111, fifo_avg_g: 30, fifo_avg_c: 0, fifo_avg_diff: 30, cal_diff = -103079214510, BS: 208
05-28 12:49:30.404     0     0 I KERNEL  : [1601051.526240][T16762] [ALS/PS]  stk3a9x_als_notify 2021: ALS data = 28, scale = 261, raw=110, 28,28,28,28,28,28,28,28,28,28,28,28,28,28,28,28,28,28,28,28,
05-28 12:49:31.109     0     0 I KERNEL  : [1601052.230969][ T7591] [BAT][CHG]set_qc_stat: status: 1, switch: 0
05-28 12:49:31.110     0     0 I KERNEL  : [1601052.232365][    T1] init: processing action (vendor.audio.volume.supression.pkg=*) from (/vendor/etc/init/hw/init.asus.rc:1585)
05-28 12:49:31.112     0     0 I KERNEL  : [1601052.233146][    T1] init: processing action (vendor.audio.volume.supression=*) from (/vendor/etc/init/hw/init.asus.rc:1582)
05-28 12:49:31.118  2166  7591 E ANDR-PERF-OPTSHANDLER: thermal_pol f=120, cl=5/1459/2265, cg=24/22/22/1824/3148, ct=16/25/1824/2956, cp=16/672/2553, g=4/231, fg=com.teslacoilsw.launcher, fa=NovaLauncher, pol_u=0, pol_c=0, sys=0, W=-1500mW,batlvl=59,chg=Chargi(2121),
05-28 12:49:32.120     0     0 I KERNEL  : [1601053.242539][ T7591] [BAT][CHG]set_qc_stat: status: 1, switch: 0
05-28 12:49:32.121     0     0 I KERNEL  : [1601053.243969][    T1] init: processing action (vendor.audio.volume.supression.pkg=*) from (/vendor/etc/init/hw/init.asus.rc:1585)
05-28 12:49:32.124     0     0 I KERNEL  : [1601053.244557][    T1] init: processing action (vendor.audio.volume.supression=*) from (/vendor/etc/init/hw/init.asus.rc:1582)
05-28 12:49:32.132  2166  7591 E ANDR-PERF-OPTSHANDLER: thermal_pol f=118, cl=4/1459/2265, cg=20/23/18/1824/3148, ct=17/20/1824/2956, cp=15/672/2553, g=4/231, fg=com.teslacoilsw.launcher, fa=NovaLauncher, pol_u=0, pol_c=0, sys=0, W=-1514mW,batlvl=59,chg=Chargi(2135),
05-28 12:49:32.491 27879 27967 W Settings: Setting airplane_mode_on has moved from android.provider.Settings.System to android.provider.Settings.Global, returning read-only value.
05-28 12:49:32.497  2018  2018 I sensors-hal: flush:192, [HIDL-IMPL] flush handle=11
05-28 12:49:32.497  2018  2018 I sensors-hal: send_sync_sensor_request:463, wait for notification of response
05-28 12:49:32.498  2018 19724 I sensors-hal: qsh_conn_resp_cb:747, resp_value = 0 for accel 
05-28 12:49:32.498  2018  2018 E sensors-hal: flush:202, [SSC_HAL] flush, type=android.sensor.accelerometer, handle=11 completed
05-28 12:49:32.499  2987  5315 D AlarmManager: setImpl: (a) wakeup alarm (system): 1000/android, action: , 4320105191
05-28 12:49:32.523  2987  5544 W AppOps  : Noting op not finished: uid 10159 pkg com.google.android.gms code 113 startTime of in progress event=1779997481594
05-28 12:49:32.528  2987  8296 W AppOps  : Noting op not finished: uid 10159 pkg com.google.android.gms code 79 startTime of in progress event=1779997481594
