05-28 12:49:36.034  2987  3163 V WindowManager: Sent Transition (#27875) createdAt=05-28 12:49:36.015 via request=TransitionRequestInfo { type = OPEN, triggerTask = TaskInfo{userId=0 taskId=7363 effectiveUid=10468 displayId=0 isRunning=true baseIntent=Intent { act=android.intent.action.MAIN cat=[android.intent.category.LAUNCHER] flg=0x10200000 cmp=com.example.gpstagger/.MainActivity } baseActivity=ComponentInfo{com.example.gpstagger/com.example.gpstagger.MainActivity} topActivity=ComponentInfo{com.example.gpstagger/com.example.gpstagger.MainActivity} origActivity=null realActivity=ComponentInfo{com.example.gpstagger/com.example.gpstagger.MainActivity} numActivities=1 lastActiveTime=4320093711 supportsMultiWindow=true resizeMode=1 isResizeable=true minWidth=-1 minHeight=-1 defaultMinSize=220 token=WCT{RemoteToken{b9121e1 Task{c2467fb #7363 type=standard A=10468:com.example.gpstagger}}} topActivityType=1 pictureInPictureParams=null shouldDockBigOverlays=false launchIntoPipHostTaskId=-1 lastParentTaskIdBeforePip=-1 displayCutoutSafeInsets=Rect(0, 105 - 0, 0) topActivityInfo=ActivityInfo{a242b06 com.example.gpstagger.MainActivity} launchCookies=[] positionInParent=Point(0, 0) parentTaskId=-1 isFocused=false isVisible=false isVisibleRequested=false isTopActivityNoDisplay=false isSleeping=false locusId=null displayAreaFeatureId=1 isTopActivityTransparent=false isActivityStackTransparent=false lastNonFullscreenBounds=null capturedLink=null capturedLinkTimestamp=0 requestedVisibleTypes=-9 topActivityRequestOpenInBrowserEducationTimestamp=0 appCompatTaskInfo=AppCompatTaskInfo { topActivityInSizeCompat=false eligibleForLetterboxEducation= false isLetterboxEducationEnabled= false isLetterboxDoubleTapEnabled= false eligibleForUserAspectRatioButton= false topActivityBoundsLetterboxed= false isFromLetterboxDoubleTap= false topActivityLetterboxVerticalPosition= -1 topActivityLetterboxHorizontalPosition= -1 topActivityLetterboxWidth=-1 topActivityLetterboxHeight=-1 topActivityAppBounds=Rect(0, 105 - 1080, 2337) isUserFullscreenOverrideEnabled=false isSystemFullscreenOverrideEnabled=false hasMinAspectRatioOverride=false topActivityLetterboxBounds=null cameraCompatTaskInfo=CameraCompatTaskInfo { freeformCameraCompatMode=inactive}} topActivityMainWindowFrame=null mWmShellFreeformScale=1.0 mWmShellFreeformMode=-1}, pipChange = null, remoteTransition = null, displayChange = null, flags = 0, debugId = 27875 }
05-28 12:49:36.034  2987  3163 V WindowManager:     startWCT=WindowContainerTransaction { changes= {} hops= [] errorCallbackToken=null taskFragmentOrganizer=null }
05-28 12:49:36.034  2987  3163 V WindowManager:     info={id=27875 t=OPEN f=0x0 trk=0 r=[0@Point(0, 0)] c=[
05-28 12:49:36.034  2987  3163 V WindowManager:         {WCT{RemoteToken{b9121e1 Task{c2467fb #7363 type=standard A=10468:com.example.gpstagger}}} m=OPEN f=NONE leash=Surface(name=Task=7363)/@0x9db45eb sb=Rect(0, 0 - 1080, 2400) eb=Rect(0, 0 - 1080, 2400) epz=Point(1080, 2400) d=0 taskParent=-1},
05-28 12:49:36.034  2987  3163 V WindowManager:         {WCT{RemoteToken{e2070e0 Task{f561ece #7190 type=home}}} m=TO_BACK f=SHOW_WALLPAPER leash=Surface(name=Task=7190)/@0xb741b4f sb=Rect(0, 0 - 1080, 2400) eb=Rect(0, 0 - 1080, 2400) epz=Point(1080, 2400) d=0 taskParent=-1},
05-28 12:49:36.034  2987  3163 V WindowManager:         {m=TO_BACK f=IS_WALLPAPER leash=Surface(name=WallpaperWindowToken{911afc9 showWhenLocked=false})/@0x5d03f77 sb=Rect(0, 0 - 1080, 2400) eb=Rect(0, 0 - 1080, 2400) epz=Point(1080, 2400) d=0}
05-28 12:49:36.034  2987  3163 V WindowManager:     ]}
05-28 12:49:36.034  2987  3218 I ActivityManager: Start proc 22864:com.example.gpstagger/u0a468 for next-top-activity {com.example.gpstagger/com.example.gpstagger.MainActivity}
05-28 12:49:36.034  2166  3629 E ANDR-PERF-SERVICE: sendPerfCallback() 288: NotifyCallback is not called
05-28 12:49:36.034  5447 14206 V WindowManagerShell: onTransitionReady(transaction=12829069039954)
05-28 12:49:36.034  5447  5570 V WindowManagerShell: onTransitionReady (#27875) android.os.BinderProxy@2ee950f: {id=27875 t=OPEN f=0x0 trk=0 r=[0@Point(0, 0)] c=[
05-28 12:49:36.034  5447  5570 V WindowManagerShell:         {m=OPEN f=NONE leash=Surface(name=Task=7363)/@0xdfa54c9 sb=Rect(0, 0 - 1080, 2400) eb=Rect(0, 0 - 1080, 2400) epz=Point(1080, 2400) d=0 taskParent=-1},
05-28 12:49:36.034  5447  5570 V WindowManagerShell:         {m=TO_BACK f=SHOW_WALLPAPER leash=Surface(name=Task=7190)/@0x5e187ce sb=Rect(0, 0 - 1080, 2400) eb=Rect(0, 0 - 1080, 2400) epz=Point(1080, 2400) d=0 taskParent=-1},
05-28 12:49:36.034  5447  5570 V WindowManagerShell:         {m=TO_BACK f=IS_WALLPAPER leash=Surface(name=WallpaperWindowToken{911afc9 showWhenLocked=false})/@0xfbbc6ef sb=Rect(0, 0 - 1080, 2400) eb=Rect(0, 0 - 1080, 2400) epz=Point(1080, 2400) d=0}
05-28 12:49:36.034  5447  5570 V WindowManagerShell:     ]}
05-28 12:49:36.035  5447  5570 V WindowManagerShell: Playing animation for (#27875) android.os.BinderProxy@2ee950f@0
05-28 12:49:36.035  5447  5570 V ShellRecents: RecentsTransitionHandler.startAnimation: no controller found
05-28 12:49:36.035  5447  5570 V WindowManagerShell: Transition doesn't have explicit remote, search filters for match for {id=27875 t=OPEN f=0x0 trk=0 r=[0@Point(0, 0)] c=[{m=OPEN f=NONE leash=Surface(name=Task=7363)/@0xdfa54c9 sb=Rect(0, 0 - 1080, 2400) eb=Rect(0, 0 - 1080, 2400) epz=Point(1080, 2400) d=0 taskParent=-1},{m=TO_BACK f=SHOW_WALLPAPER leash=Surface(name=Task=7190)/@0x5e187ce sb=Rect(0, 0 - 1080, 2400) eb=Rect(0, 0 - 1080, 2400) epz=Point(1080, 2400) d=0 taskParent=-1},{m=TO_BACK f=IS_WALLPAPER leash=Surface(name=WallpaperWindowToken{911afc9 showWhenLocked=false})/@0xfbbc6ef sb=Rect(0, 0 - 1080, 2400) eb=Rect(0, 0 - 1080, 2400) epz=Point(1080, 2400) d=0}]}
05-28 12:49:36.035  5447  5570 V WindowManagerShell:  Delegate animation for (#27875) to null
05-28 12:49:36.035  5447  5570 V WindowManagerShell: start default transition animation, info = {id=27875 t=OPEN f=0x0 trk=0 r=[0@Point(0, 0)] c=[{m=OPEN f=NONE leash=Surface(name=Task=7363)/@0xdfa54c9 sb=Rect(0, 0 - 1080, 2400) eb=Rect(0, 0 - 1080, 2400) epz=Point(1080, 2400) d=0 taskParent=-1},{m=TO_BACK f=SHOW_WALLPAPER leash=Surface(name=Task=7190)/@0x5e187ce sb=Rect(0, 0 - 1080, 2400) eb=Rect(0, 0 - 1080, 2400) epz=Point(1080, 2400) d=0 taskParent=-1},{m=TO_BACK f=IS_WALLPAPER leash=Surface(name=WallpaperWindowToken{911afc9 showWhenLocked=false})/@0xfbbc6ef sb=Rect(0, 0 - 1080, 2400) eb=Rect(0, 0 - 1080, 2400) epz=Point(1080, 2400) d=0}]}
05-28 12:49:36.035  5447  5570 V WindowManagerShell: loadAnimation: anim=android.view.animation.AnimationSet@f9252da animAttr=0x13 type=OPEN isEntrance=false
05-28 12:49:36.035  5447  5570 V WindowManagerShell: loadAnimation: anim=android.view.animation.AnimationSet@352c2a6 animAttr=0x12 type=OPEN isEntrance=true
05-28 12:49:36.035  2987 22865 W ContextImpl: Calling a method in the system process without a qualified user: android.app.ContextImpl.sendBroadcast:1269 com.qualcomm.qti.Performance$SendGameLaunchBroadcast.run:282 java.lang.Thread.run:1564 <bottom of call stack> <bottom of call stack> 
05-28 12:49:36.036  5447  5570 V WindowManagerShell:  animated by com.android.wm.shell.transition.DefaultTransitionHandler@f372005
05-28 12:49:36.036  2987  3218 I ActivityManager: ProcessObserver broadcast disabled
05-28 12:49:36.042 22864 22864 I ample.gpstagger: Using CollectorTypeCMC GC.
05-28 12:49:36.043  2987  8303 I InputDispatcher: Window '2de94a1 com.teslacoilsw.launcher/com.teslacoilsw.launcher.NovaLauncher' spent 2.5ms processing input events on average(0/79). Monitor spent 0.3ms processing input events on average(0/11). Window input events down spent 0.9ms on average (0/7). Window input events up spent 0.5ms on average (0/7). Monitor input events down spent 0.9ms on average (0/1). Monitor input events up spent 0.2ms on average (0/1).
05-28 12:49:36.046 22864 22864 D nativeloader: Load libframework-connectivity-tiramisu-jni.so using APEX ns com_android_tethering for caller /apex/com.android.tethering/javalib/framework-connectivity-t.jar: ok
05-28 12:49:36.047  1954  1954 D Zygote  : Forked child process 22876
05-28 12:49:36.048  2987  3218 I ActivityManager: Start proc 22876:com.qualcomm.qti.workloadclassifier/1000 for broadcast {com.qualcomm.qti.workloadclassifier/com.qualcomm.qti.workloadclassifier.WLCReceiver}
05-28 12:49:36.048  2987  3218 I ActivityManager: ProcessObserver broadcast disabled
05-28 12:49:36.049  2166  2191 E ANDR-PERF-SERVICE: sendPerfCallback() 288: NotifyCallback is not called
05-28 12:49:36.049  2987  8303 D CompatibilityInfo: mCompatibilityFlags - 0
05-28 12:49:36.049  2987  8303 D CompatibilityInfo: applicationDensity - 420
05-28 12:49:36.049  2987  8303 D CompatibilityInfo: applicationScale - 1.0
05-28 12:49:36.050  2987  5363 D BackgroundInstallControlService: Package event received: 0
05-28 12:49:36.052 22864 22864 D CompatChangeReporter: Compat change id reported: 242716250; UID 10468; state: ENABLED
05-28 12:49:36.052  8065  8082 V OsAgent : broadcastSystemEvent - 7
05-28 12:49:36.054  2987  3163 D AlarmManagerServiceInjector: background restricted unblock alarm for 10468
05-28 12:49:36.054 22864 22864 D nativeloader: Configuring clns-9 for other apk /data/app/~~eYSsNWhK4QneySXPeWDWVQ==/com.example.gpstagger-msuy_6tPta381jrhBqW91Q==/base.apk. target_sdk_version=34, uses_libraries=, library_path=/data/app/~~eYSsNWhK4QneySXPeWDWVQ==/com.example.gpstagger-msuy_6tPta381jrhBqW91Q==/lib/arm64, permitted_path=/data:/mnt/expand:/data/user/0/com.example.gpstagger
05-28 12:49:36.055 22864 22864 I ample.gpstagger: AssetManager2(0xb4000075b48e7238) locale list changing from [] to [en-US]
05-28 12:49:36.056 22864 22864 I Perf    : Connecting to perf service.
05-28 12:49:36.057 22876 22876 I kloadclassifier: Using CollectorTypeCMC GC.
05-28 12:49:36.057 22864 22864 V GraphicsEnvironment: Currently set values for:
05-28 12:49:36.057 22864 22864 V GraphicsEnvironment:   angle_gl_driver_selection_pkgs=[]
05-28 12:49:36.057 22864 22864 V GraphicsEnvironment:   angle_gl_driver_selection_values=[]
05-28 12:49:36.057 22864 22864 V GraphicsEnvironment: com.example.gpstagger is not listed in per-application setting
05-28 12:49:36.057 22864 22864 V GraphicsEnvironment: ANGLE allowlist from config: 
05-28 12:49:36.057 22864 22864 V GraphicsEnvironment: com.example.gpstagger is not listed in ANGLE allowlist or settings, returning default
05-28 12:49:36.057 22864 22864 V GraphicsEnvironment: Updatable production driver is not supported on the device.
05-28 12:49:36.059 22864 22864 V Monotype: SetAppTypeFace- try to flip, app = com.example.gpstagger
05-28 12:49:36.060 22864 22864 E ashmem  : Pinning is deprecated since Android Q. Please use trim or other methods.
05-28 12:49:36.060 22864 22864 V Monotype:     Typeface getFontPathFlipFont - systemFont = default#default
05-28 12:49:36.060 22876 22876 D nativeloader: Load libframework-connectivity-tiramisu-jni.so using APEX ns com_android_tethering for caller /apex/com.android.tethering/javalib/framework-connectivity-t.jar: ok
05-28 12:49:36.063  2987  8303 D CompatibilityInfo: mCompatibilityFlags - 0
05-28 12:49:36.064  2987  8303 D CompatibilityInfo: applicationDensity - 420
05-28 12:49:36.064  2987  8303 D CompatibilityInfo: applicationScale - 1.0
05-28 12:49:36.068 22876 22876 D nativeloader: Configuring clns-shared-9 for other apk /system_ext/app/workloadclassifier/workloadclassifier.apk. target_sdk_version=35, uses_libraries=, library_path=/system_ext/app/workloadclassifier/lib/arm64:/system_ext/app/workloadclassifier/workloadclassifier.apk!/lib/arm64-v8a:/system/lib64:/system_ext/lib64, permitted_path=/data:/mnt/expand:/data/user/0/com.qualcomm.qti.workloadclassifier:/system_ext/app/workloadclassifier:/system/lib64:/system_ext/lib64
05-28 12:49:36.069 22876 22876 D CompatChangeReporter: Compat change id reported: 202956589; UID 1000; state: ENABLED
05-28 12:49:36.070 22876 22876 I kloadclassifier: AssetManager2(0xb4000075b48e7238) locale list changing from [] to [en-US]
05-28 12:49:36.071 22876 22876 I Perf    : Connecting to perf service.
05-28 12:49:36.071 22876 22876 D CompatChangeReporter: Compat change id reported: 279646685; UID 1000; state: ENABLED
05-28 12:49:36.072 22876 22876 V GraphicsEnvironment: Currently set values for:
05-28 12:49:36.072 22876 22876 V GraphicsEnvironment:   angle_gl_driver_selection_pkgs=[]
05-28 12:49:36.072 22876 22876 V GraphicsEnvironment:   angle_gl_driver_selection_values=[]
05-28 12:49:36.072 22876 22876 V GraphicsEnvironment: com.qualcomm.qti.workloadclassifier is not listed in per-application setting
05-28 12:49:36.072 22876 22876 V GraphicsEnvironment: ANGLE allowlist from config: 
05-28 12:49:36.072 22876 22876 V GraphicsEnvironment: com.qualcomm.qti.workloadclassifier is not listed in ANGLE allowlist or settings, returning default
05-28 12:49:36.073 22876 22876 V Monotype: SetAppTypeFace- try to flip, app = com.qualcomm.qti.workloadclassifier
05-28 12:49:36.074 22876 22876 E ashmem  : Pinning is deprecated since Android Q. Please use trim or other methods.
05-28 12:49:36.074 22876 22876 V Monotype:     Typeface getFontPathFlipFont - systemFont = default#default
05-28 12:49:36.076  2166  2556 E ANDR-PERF-SERVICE: sendPerfCallback() 288: NotifyCallback is not called
05-28 12:49:36.076   766   766 I hwservicemanager: getTransport: Cannot find entry vendor.qti.hardware.servicetracker@1.2::IServicetracker/default in either framework or device VINTF manifest.
05-28 12:49:36.077  2987  5650 W ActivityTaskManager: servicetracker HIDL not available
05-28 12:49:36.077  2987  5650 E ActivityTaskManager: Unable to get servicetracker HAL instance
05-28 12:49:36.078  2166  2558 E ANDR-PERF-SERVICE: sendPerfCallback() 288: NotifyCallback is not called
05-28 12:49:36.079  5629  5905 D GameModeHandler: handleAppFocus exit
05-28 12:49:36.079  5629  5905 D LlmHandler: isRogDevice() ret = true
05-28 12:49:36.079  5629  5905 D LlmHandler: handleAppFocus() packageName: com.example.gpstagger
05-28 12:49:36.079  5629  5906 D AsusGAHandler: notifyGAInfo isFocused=false
05-28 12:49:36.079  2987  5363 D BackgroundInstallControlService: Package event received: 0
05-28 12:49:36.079  2987  5363 D BackgroundInstallControlService: Package event received: 0
05-28 12:49:36.080  5629  5905 V LlmHandler: Start set LLM: isAutoStart = false, isGame = false, isExternalDisplay = false
05-28 12:49:36.080  5629  5905 V LlmHandler: End set LLM
05-28 12:49:36.080  5629  5905 D GameGenieHandler: packageName: com.example.gpstagger taskId: 7363 reason: TopResumedActivityChanged isFirstLaunchInMem: true windowingMode: 1 isDirectBoot: false mIsGameGenieWorking: false userId: 0 uid: 10468 pid: 22864
05-28 12:49:36.080  5629  5905 D GameGenieHandler: intent action: android.intent.action.MAIN className: com.example.gpstagger.MainActivity
05-28 12:49:36.080  5629  5905 D GameGenieHandler: update mLastTriggerIntent: null
05-28 12:49:36.080  5629  5905 V GameGenieHandler: Start setGamingType: isAutoStart = false, isGame = false, windowingMode = 1
05-28 12:49:36.080  5629  5905 V GameGenieHandler: End setGamingType
05-28 12:49:36.080 22864 22864 I ample.gpstagger: AssetManager2(0xb4000075b4905058) locale list changing from [] to [en-US]
05-28 12:49:36.081  5629  5629 D TaskWatcherSvc: pkgName: com.example.gpstagger taskId: 7363 game app:0
05-28 12:49:36.081 23934 23934 D OpenedAppInfo_Launcher: fetchIsDataTransferPackageOnTop: uid=10468
05-28 12:49:36.081 22864 22864 D AppCompatDelegate: Checking for metadata for AppLocalesMetadataHolderService : Service not found
05-28 12:49:36.082 22864 22864 I ample.gpstagger: AssetManager2(0xb4000075b4905ff8) locale list changing from [] to [en-US]
05-28 12:49:36.082  5629  5906 D OpenedTimeAppInfoProvider: Update DB : number of affected records : 1
05-28 12:49:36.082  5447  5447 V AsusFocusAppManager: Default display package: com.example.gpstagger, bounds: Rect(0, 0 - 1080, 2400)
05-28 12:49:36.082  5447  5447 V AsusFocusAppManager: Non-default display package: , bounds: Rect(0, 0 - 0, 0)
05-28 12:49:36.082 26472 26472 D AsusWifiPerfService: Current focus uid is 10468 [com.example.gpstagger]
05-28 12:49:36.082  5447  5447 V AsusFocusAppManager: Info: Info(componentName=ComponentInfo{com.teslacoilsw.launcher/com.teslacoilsw.launcher.NovaLauncher}, focusUid=10232) -> Info(componentName=ComponentInfo{com.example.gpstagger/com.example.gpstagger.MainActivity}, focusUid=10468)
05-28 12:49:36.082  5447  5447 V SysUiVideoGenieManager: com.example.gpstagger is supported? false
05-28 12:49:36.083 22864 22892 I DisplayManager: Choreographer implicitly registered for the refresh rate.
05-28 12:49:36.083  5629  5629 D PwrSvrSvc: xProfile current package:com.example.gpstagger act:com.example.gpstagger.MainActivity sMode:0 pMode:9 game:0
05-28 12:49:36.083  5629  5629 D PwrSvrSvc: current package: mPreTaskId:-1 taskId:7363
05-28 12:49:36.084 22864 22892 I AdrenoGLES-0: QUALCOMM build                   : 3e46547c6d, I05d4d500aa
05-28 12:49:36.084 22864 22892 I AdrenoGLES-0: Build Date                       : 11/18/25
05-28 12:49:36.084 22864 22892 I AdrenoGLES-0: OpenGL ES Shader Compiler Version: E031.45.02.26
05-28 12:49:36.084 22864 22892 I AdrenoGLES-0: Local Branch                     : 
05-28 12:49:36.084 22864 22892 I AdrenoGLES-0: Remote Branch                    : refs/tags/AU_LINUX_ANDROID_LA.VENDOR.14.3.0.11.00.00.974.039
05-28 12:49:36.084 22864 22892 I AdrenoGLES-0: Remote Branch                    : NONE
05-28 12:49:36.084 22864 22892 I AdrenoGLES-0: Reconstruct Branch               : NOTHING
05-28 12:49:36.084 22864 22892 I AdrenoGLES-0: Build Config                     : S P 16.1.2 AArch64
05-28 12:49:36.084 22864 22892 I AdrenoGLES-0: Driver Path                      : /vendor/lib64/egl/libGLESv2_adreno.so
05-28 12:49:36.084 22864 22892 I AdrenoGLES-0: Driver Version                   : 0762.43
05-28 12:49:36.084 22864 22892 I AdrenoGLES-0: Process Name                     : com.example.gpstagger
05-28 12:49:36.085 22864 22864 V Monotype: SetAppTypeFace- try to flip, app = com.example.gpstagger
05-28 12:49:36.085 22864 22864 V Monotype:     Typeface getFontPathFlipFont - systemFont = default#default
05-28 12:49:36.088     0     0 I KERNEL  : [1601057.130146][ T1298] [   info] all_finger_lift: All finger UP
05-28 12:49:36.088  5629  5918 I AsusFreeFallHandler: Register freefall sensor
05-28 12:49:36.088 22864 22892 I AdrenoGLES-0: PFP: 0x01520181, ME: 0x01520023
05-28 12:49:36.089  5629  5918 E SensorManager: sensor or listener is null
05-28 12:49:36.089  5629  5918 E AsusFreeFallHandler: Register freefall sensor fail
05-28 12:49:36.091 23934 22894 D OpenedAppInfo_Launcher: onChange: com.example.gpstagger, previous: com.teslacoilsw.launcher
05-28 12:49:36.093  2156  2156 I IRIS_LOG_SERV: irisConfigureSet(513, 1, 2308)
05-28 12:49:36.094     0     0 I KERNEL  : [1601057.208553][  T444] [   info] fts_extra_config_store: Extra touch extra config:0
05-28 12:49:36.094     0     0 I KERNEL  : [1601057.217125][  T751] servicemanager: Caller(pid=22864,uid=10468,sid=u:r:untrusted_app:s0:c212,c257,c512,c768) Found vendor.qti.qspmhal.IQspmhal/default in device VINTF manifest.
05-28 12:49:36.095  2179  2179 I qspmHal : enter getGpuProf at: 1881315551
05-28 12:49:36.095  2179  2179 I qspmHal : Coudn't match the GFX PID 22864 to AT PID 22876. Checking in local cache.
05-28 12:49:36.095  2179  2179 I qspmHal : Found the GFX PID in cache
05-28 12:49:36.095  2179  2179 I qspmHal : PID 22864 from GFX matched.
05-28 12:49:36.095  2179  2179 I qspmHal : gpuProfName:com.example.gpstagger-gpu - gpu prof_info.path:/data/vendor/gaming/com.example.gpstagger-gpu
05-28 12:49:36.095  2179  2179 E qspmHal : GPU profile file NOT found !!
05-28 12:49:36.096 22864 22864 D DesktopModeFlags: Toggle override initialized to: OVERRIDE_UNSET
05-28 12:49:36.096 22864 22892 I AdrenoUtils: <ReadGpuID:357>: Reading chip ID through GSL
05-28 12:49:36.098 22864 22864 W HWUI    : Image decoding logging dropped!
05-28 12:49:36.100     0     0 I KERNEL  : [1601057.222337][  T751] servicemanager: Caller(pid=22876,uid=1000,sid=u:r:system_app:s0) Found vendor.qti.hardware.perf2.IPerf/default in device VINTF manifest.
05-28 12:49:36.100 22864 22864 D AndroidRuntime: Shutting down VM
05-28 12:49:36.100 22876 22876 E ANDR-PERF-CLIENT-SYS: death recipent object is fine
05-28 12:49:36.100 22876 22876 W kloadclassifier: AIBinder_linkToDeath is being called with a non-null cookie and no onUnlink callback set. This might not be intended. AIBinder_DeathRecipient_setOnUnlinked should be called first.
05-28 12:49:36.100 22864 22864 E AndroidRuntime: FATAL EXCEPTION: main
05-28 12:49:36.100 22864 22864 E AndroidRuntime: Process: com.example.gpstagger, PID: 22864
05-28 12:49:36.100 22864 22864 E AndroidRuntime: java.lang.IncompatibleClassChangeError: Found class o1.d, but interface was expected (declaration of 'o1.d' appears in /data/app/~~eYSsNWhK4QneySXPeWDWVQ==/com.example.gpstagger-msuy_6tPta381jrhBqW91Q==/base.apk)
05-28 12:49:36.100 22864 22864 E AndroidRuntime: 	at com.example.gpstagger.MainActivity.onCreate(Unknown Source:493)
05-28 12:49:36.100 22864 22864 E AndroidRuntime: 	at android.app.Activity.performCreate(Activity.java:9196)
05-28 12:49:36.100 22864 22864 E AndroidRuntime: 	at android.app.Activity.performCreate(Activity.java:9174)
05-28 12:49:36.100 22864 22864 E AndroidRuntime: 	at android.app.Instrumentation.callActivityOnCreate(Instrumentation.java:1524)
05-28 12:49:36.100 22864 22864 E AndroidRuntime: 	at android.app.ActivityThread.performLaunchActivity(ActivityThread.java:4349)
05-28 12:49:36.100 22864 22864 E AndroidRuntime: 	at android.app.ActivityThread.handleLaunchActivity(ActivityThread.java:4554)
05-28 12:49:36.100 22864 22864 E AndroidRuntime: 	at android.app.servertransaction.LaunchActivityItem.execute(LaunchActivityItem.java:222)
05-28 12:49:36.100 22864 22864 E AndroidRuntime: 	at android.app.servertransaction.TransactionExecutor.executeNonLifecycleItem(TransactionExecutor.java:133)
05-28 12:49:36.100 22864 22864 E AndroidRuntime: 	at android.app.servertransaction.TransactionExecutor.executeTransactionItems(TransactionExecutor.java:103)
05-28 12:49:36.100 22864 22864 E AndroidRuntime: 	at android.app.servertransaction.TransactionExecutor.execute(TransactionExecutor.java:80)
05-28 12:49:36.100 22864 22864 E AndroidRuntime: 	at android.app.ActivityThread$H.handleMessage(ActivityThread.java:2904)
05-28 12:49:36.100 22864 22864 E AndroidRuntime: 	at android.os.Handler.dispatchMessage(Handler.java:110)
05-28 12:49:36.100 22864 22864 E AndroidRuntime: 	at android.os.Looper.loopOnce(Looper.java:288)
05-28 12:49:36.100 22864 22864 E AndroidRuntime: 	at android.os.Looper.loop(Looper.java:408)
05-28 12:49:36.100 22864 22864 E AndroidRuntime: 	at android.app.ActivityThread.main(ActivityThread.java:9331)
05-28 12:49:36.100 22864 22864 E AndroidRuntime: 	at java.lang.reflect.Method.invoke(Native Method)
05-28 12:49:36.100 22864 22864 E AndroidRuntime: 	at com.android.internal.os.RuntimeInit$MethodAndArgsCaller.run(RuntimeInit.java:593)
05-28 12:49:36.100 22864 22864 E AndroidRuntime: 	at com.android.internal.os.ZygoteInit.main(ZygoteInit.java:940)
05-28 12:49:36.100 17873 17873 W JobInfo : Job 'com.asus.nextappcore/.service.NextAppCoreTrainingJobService#2' has a deadline with no functional constraints. The deadline won't improve job execution latency. Consider removing the deadline.
05-28 12:49:36.101  2987  6008 W JobInfo : Job 'com.asus.nextappcore/.service.NextAppCoreTrainingJobService#2' has a deadline with no functional constraints. The deadline won't improve job execution latency. Consider removing the deadline.
05-28 12:49:36.101  2987  6008 D AlarmManager: setImpl: (a) wakeup alarm (system): 1000/android, action: , 4320093893
05-28 12:49:36.101  2987  5503 W ActivityTaskManager:   Force finishing activity com.example.gpstagger/.MainActivity
05-28 12:49:36.102  2987  5503 D ActivityTrigger: ActivityTrigger activityPauseTrigger 
05-28 12:49:36.102  2166  7102 E ANDR-PERF-SERVICE: sendPerfCallback() 288: NotifyCallback is not called
05-28 12:49:36.102   766   766 I hwservicemanager: getTransport: Cannot find entry vendor.qti.hardware.servicetracker@1.2::IServicetracker/default in either framework or device VINTF manifest.
05-28 12:49:36.102  2987 22899 I DropBoxManagerService: add tag=data_app_crash isTagEnabled=true flags=0x2
05-28 12:49:36.102  2987  5503 W ActivityTaskManager: servicetracker HIDL not available
05-28 12:49:36.102  2987  5503 E ActivityTaskManager: Unable to get servicetracker HAL instance
05-28 12:49:36.103 22876 22901 W ContextImpl: Calling a method in the system process without a qualified user: android.app.ContextImpl.startService:2002 android.content.ContextWrapper.startService:862 android.content.ContextWrapper.startService:862 com.qualcomm.qti.workloadclassifier.WLCReceiver$StartRunnable.run:59 java.lang.Thread.run:1564 
05-28 12:49:36.104  2166 11116 E ANDR-PERF-SERVICE: sendPerfCallback() 288: NotifyCallback is not called
05-28 12:49:36.104  2987  3165 I ActivityManager: Showing crash dialog for package com.example.gpstagger u0
05-28 12:49:36.104  5447  5570 V WindowManagerShell: Transition requested (#27876): android.os.BinderProxy@66cda00 TransitionRequestInfo { type = CLOSE, triggerTask = TaskInfo{userId=0 taskId=7363 effectiveUid=10468 displayId=0 isRunning=true baseIntent=Intent { act=android.intent.action.MAIN cat=[android.intent.category.LAUNCHER] flg=0x10200000 cmp=com.example.gpstagger/.MainActivity } baseActivity=ComponentInfo{com.example.gpstagger/com.example.gpstagger.MainActivity} topActivity=ComponentInfo{com.example.gpstagger/com.example.gpstagger.MainActivity} origActivity=null realActivity=ComponentInfo{com.example.gpstagger/com.example.gpstagger.MainActivity} numActivities=1 lastActiveTime=4320093769 supportsMultiWindow=true resizeMode=1 isResizeable=true minWidth=-1 minHeight=-1 defaultMinSize=220 token=WCT{android.window.IWindowContainerToken$Stub$Proxy@2c50239} topActivityType=1 pictureInPictureParams=null shouldDockBigOverlays=false launchIntoPipHostTaskId=-1 lastParentTaskIdBeforePip=-1 displayCutoutSafeInsets=Rect(0, 0 - 0, 0) topActivityInfo=ActivityInfo{5a5807e com.example.gpstagger.MainActivity} launchCookies=[] positionInParent=Point(0, 0) parentTaskId=-1 isFocused=true isVisible=true isVisibleRequested=true isTopActivityNoDisplay=false isSleeping=false locusId=null displayAreaFeatureId=1 isTopActivityTransparent=false isActivityStackTransparent=false lastNonFullscreenBounds=null capturedLink=null capturedLinkTimestamp=0 requestedVisibleTypes=-9 topActivityRequestOpenInBrowserEducationTimestamp=0 appCompatTaskInfo=AppCompatTaskInfo { topActivityInSizeCompat=false eligibleForLetterboxEducation= false isLetterboxEducationEnabled= false isLetterboxDoubleTapEnabled= false eligibleForUserAspectRatioButton= false topActivityBoundsLetterboxed= false isFromLetterboxDoubleTap= false topActivityLetterboxVerticalPosition= -1 topActivityLetterboxHorizontalPosition= -1 topActivityLetterboxWidth=-1 topActivityLetterboxHeight=-1 topActivityAppBounds=Rect(0, 105 - 1080, 2337) isUserFullscreenOverrideEnabled=false isSystemFullscreenOverrideEnabled=false hasMinAspectRatioOverride=false topActivityLetterboxBounds=null cameraCompatTaskInfo=CameraCompatTaskInfo { freeformCameraCompatMode=inactive}} topActivityMainWindowFrame=null mWmShellFreeformScale=1.0 mWmShellFreeformMode=-1}, pipChange = null, remoteTransition = null, displayChange = null, flags = 16, debugId = 27876 }
05-28 12:49:36.104  2202  2559 I BpBinder: onLastStrongRef automatically unlinking death recipients: 
05-28 12:49:36.104  2987  3165 V Dialog  : Is ZenUI dialog: android
05-28 12:49:36.105  5805  5926 I DynamicDDSService: handleMessage(ACTIVITY_INVOKE{appInfo=com.teslacoilsw.launcher isFullScreen=}true)
05-28 12:49:36.106  5629  5905 D GameModeHandler: handleAppFocus exit
05-28 12:49:36.106  5629  5905 D LlmHandler: isRogDevice() ret = true
05-28 12:49:36.106  5629  5905 D LlmHandler: handleAppFocus() packageName: com.teslacoilsw.launcher
05-28 12:49:36.106  5629  5905 V LlmHandler: Start set LLM: isAutoStart = false, isGame = false, isExternalDisplay = false
05-28 12:49:36.106  5629  5905 V LlmHandler: End set LLM
05-28 12:49:36.106  5629  5905 D GameGenieHandler: packageName: com.teslacoilsw.launcher taskId: 7191 reason: finish-top adjustFocusToNextFocusableTask isFirstLaunchInMem: false windowingMode: 1 isDirectBoot: false mIsGameGenieWorking: false userId: 0 uid: 10232 pid: 7477
05-28 12:49:36.106  5629  5905 D GameGenieHandler: intent action: android.intent.action.MAIN className: com.teslacoilsw.launcher.NovaLauncher
05-28 12:49:36.106  5629  5905 D GameGenieHandler: Skip focus reason: finish-top adjustFocusToNextFocusableTask
05-28 12:49:36.106  5629  5629 D TaskWatcherSvc: pkgName: com.teslacoilsw.launcher taskId: 7191 game app:0
05-28 12:49:36.107  5629  5906 D AsusGAHandler: notifyGAInfo isFocused=false
05-28 12:49:36.108 17873 19983 D NextAppTrainingJobService: insert data - Package:__na__, Previous1:com.example.gpstagger, Previous2:com.teslacoilsw.launcher, Previous3:com.example.gpstagger, Previous4:com.teslacoilsw.launcher, Timestamp:1779997776092, p1_ts_diff:0, p2_ts_diff:1255, p3_ts_diff:1284, p4_ts_diff:144673, p1_dur:0, p2_dur:1255, p3_dur:29, p4_dur:143389, Hour:12, DayClass:12~18, Weekday:Thursday, WeekClass:weekday, Timezone:America/Los_Angeles, UTC:-7, Plugged:1, LastPlugged:469122, MobileRadioOn:-1, LastMobileRadioOn:303679, WifiOn:1, LastWifiOn:168069362, GpsOn:-1, LastGpsOn:695515, SensorOn:1, LastSensorOn:4320050575, WifiScan:-1, LastWifiScan:2430, WifiFullLock:-1, LastWifiFullLock:398135912, WifiRunning:0, LastWifiRunning:86400, WifiMultiCastOn:1, LastWifiMultiCastOn:711769, AudioOn:-1, LastAudioOn:2574855, CameraOn:1, LastCameraOn:4311333226, VideoOn:1, LastVideoOn:4317012284, LowPowerModeOn:0, LastLowPowerModeOn:86400, FlashlightOn:-1, LastFlashlightOn:53338822, ChargingOn:0, LastChargingOn:469122, PhoneInCall:-1, LastPhoneInCall:11476901, PhoneScanning:-1, LastPhoneScanning:60192737, BleScanning:1, LastBleScanning:468407, WifiHotspotOn:0, LastWifiHotspotOn:86400, LastLa:Ef88hRp4pQHLC2Ot_SgFKw==, LastLo:sqoneDdQc8IfWgDiD88XPw==, LastLac:15.459, sid:[��
05-28 12:49:36.108 17873 19983 D NextAppTrainingJobService: �~jmw�?3�, 
05-28 12:49:36.109 22876 22876 D nativeloader: Load /system_ext/lib64/libqti_workloadclassifiermodel.so using ns default for caller /system_ext/app/workloadclassifier/workloadclassifier.apk in same partition (is_bridged=0): ok
05-28 12:49:36.109 22876 22876 I tflite  : Initialized TensorFlow Lite runtime.
05-28 12:49:36.110  5629  5629 D PwrSvrSvc: xProfile current package:com.teslacoilsw.launcher act:com.teslacoilsw.launcher.NovaLauncher sMode:0 pMode:9 game:0
05-28 12:49:36.110  5629  5629 D PwrSvrSvc: current package: mPreTaskId:-1 taskId:7191
05-28 12:49:36.110 23934 23934 D OpenedAppInfo_Launcher: fetchIsDataTransferPackageOnTop: uid=10232
05-28 12:49:36.110  5447  5447 V AsusFocusAppManager: Default display package: com.teslacoilsw.launcher, bounds: Rect(0, 0 - 1080, 2400)
05-28 12:49:36.110  5447  5447 V AsusFocusAppManager: Non-default display package: , bounds: Rect(0, 0 - 0, 0)
05-28 12:49:36.110  5447  5447 V AsusFocusAppManager: Info: Info(componentName=ComponentInfo{com.example.gpstagger/com.example.gpstagger.MainActivity}, focusUid=10468) -> Info(componentName=ComponentInfo{com.teslacoilsw.launcher/com.teslacoilsw.launcher.NovaLauncher}, focusUid=10232)
05-28 12:49:36.110  5447  5447 V SysUiVideoGenieManager: com.teslacoilsw.launcher is supported? false
05-28 12:49:36.110 22876 22904 D WLC-Service: perf mpctl Init Completed
05-28 12:49:36.111 26472 26472 D AsusWifiPerfService: Current focus uid is 10232 [com.teslacoilsw.launcher]
05-28 12:49:36.111  5629  5906 D OpenedTimeAppInfoProvider: Update DB : number of affected records : 1
05-28 12:49:36.112  2156  2156 I IRIS_LOG_SERV: irisConfigureSet(513, 1, 2308)
05-28 12:49:36.112 22876 22904 W SQLiteLog: (28) double-quoted string literal: "com.example.gpstagger"
05-28 12:49:36.112  5447  5447 W AppOpsControllerImpl: onActiveChanged(24,1000,android,true,-1,0)
05-28 12:49:36.112  5447  5447 W AppOpsControllerImpl: Added item: AppOpItem(Op code=24, UID=1000, Package name=android, Paused=false)
05-28 12:49:36.112  5447  5447 D AppOpsControllerImpl: before notifySuscribers: 24,1000,android,true,false
05-28 12:49:36.113 23934 22905 D OpenedAppInfo_Launcher: onChange: com.teslacoilsw.launcher, previous: com.example.gpstagger
05-28 12:49:36.114 22876 22904 I kloadclassifier: System.exit called, status: 0
05-28 12:49:36.115 22876 22904 I AndroidRuntime: VM exiting with result code 0, cleanup skipped.
05-28 12:49:36.115  5629  5918 I AsusFreeFallHandler: Register freefall sensor
05-28 12:49:36.115  5629  5918 E SensorManager: sensor or listener is null
05-28 12:49:36.115  5629  5918 E AsusFreeFallHandler: Register freefall sensor fail
05-28 12:49:36.118  2987  3165 D CoreBackPreview: Window{8625e7c u0 Application Error: com.example.gpstagger}: Setting back callback OnBackInvokedCallbackInfo{mCallback=android.window.WindowOnBackInvokedDispatcher$OnBackInvokedCallbackWrapper@b9a78b9, mPriority=-1, mIsAnimationCallback=false, mOverrideBehavior=0}
05-28 12:49:36.123 17873 17873 W JobInfo : Job 'com.asus.nextappcore/.service.NextAppCoreTrainingJobService#2' has a deadline with no functional constraints. The deadline won't improve job execution latency. Consider removing the deadline.
05-28 12:49:36.123  2987  8296 W JobInfo : Job 'com.asus.nextappcore/.service.NextAppCoreTrainingJobService#2' has a deadline with no functional constraints. The deadline won't improve job execution latency. Consider removing the deadline.
05-28 12:49:36.124  2987  8296 D AlarmManager: setImpl: (a) wakeup alarm (system): 1000/android, action: , 4321816837
05-28 12:49:36.125  2987  8296 D AlarmManager: setImpl: (a) wakeup alarm (system): 1000/android, action: , 4320093915
05-28 12:49:36.126  2987  5557 I ActivityManager: Process com.qualcomm.qti.workloadclassifier (pid 22876) has died: cch+5 CEM 
05-28 12:49:36.126  1954  1954 I Zygote  : Process 22876 exited cleanly (0)
05-28 12:49:36.126  2166  6540 E ANDR-PERF-SERVICE: sendPerfCallback() 288: NotifyCallback is not called
05-28 12:49:36.127  2987  3219 I libprocessgroup: Removed cgroup /sys/fs/cgroup/system/uid_1000/pid_22876
05-28 12:49:36.128 17873 19983 D NextAppTrainingJobService: insert data - Package:__na__, Previous1:com.teslacoilsw.launcher, Previous2:com.example.gpstagger, Previous3:com.teslacoilsw.launcher, Previous4:com.example.gpstagger, Timestamp:1779997776113, p1_ts_diff:0, p2_ts_diff:21, p3_ts_diff:1276, p4_ts_diff:1305, p1_dur:0, p2_dur:21, p3_dur:1255, p4_dur:29, Hour:12, DayClass:12~18, Weekday:Thursday, WeekClass:weekday, Timezone:America/Los_Angeles, UTC:-7, Plugged:1, LastPlugged:469143, MobileRadioOn:-1, LastMobileRadioOn:303700, WifiOn:1, LastWifiOn:168069383, GpsOn:-1, LastGpsOn:695536, SensorOn:1, LastSensorOn:4320050596, WifiScan:-1, LastWifiScan:2451, WifiFullLock:-1, LastWifiFullLock:398135933, WifiRunning:0, LastWifiRunning:86400, WifiMultiCastOn:1, LastWifiMultiCastOn:711790, AudioOn:-1, LastAudioOn:2574876, CameraOn:1, LastCameraOn:4311333247, VideoOn:1, LastVideoOn:4317012305, LowPowerModeOn:0, LastLowPowerModeOn:86400, FlashlightOn:-1, LastFlashlightOn:53338843, ChargingOn:0, LastChargingOn:469143, PhoneInCall:-1, LastPhoneInCall:11476922, PhoneScanning:-1, LastPhoneScanning:60192758, BleScanning:1, LastBleScanning:468428, WifiHotspotOn:0, LastWifiHotspotOn:86400, LastLa:Ef88hRp4pQHLC2Ot_SgFKw==, LastLo:sqoneDdQc8IfWgDiD88XPw==, LastLac:15.459, sid:[��
05-28 12:49:36.128 17873 19983 D NextAppTrainingJobService: �~jmw�?3�, 
05-28 12:49:36.133  2987  6404 I InputDispatcher: Window '2de94a1 com.teslacoilsw.launcher/com.teslacoilsw.launcher.NovaLauncher' spent 1.8ms processing input events on average(0/2). Monitor spent 0.0ms processing input events on average(0/0). Window input events down spent 0.0ms on average (0/0). Window input events up spent 0.0ms on average (0/0). Monitor input events down spent 0.0ms on average (0/0). Monitor input events up spent 0.0ms on average (0/0).
05-28 12:49:36.171     0     0 I KERNEL  : [1601057.293279][ T7591] [BAT][CHG]set_qc_stat: status: 1, switch: 0
05-28 12:49:36.175  2166  7591 E ANDR-PERF-OPTSHANDLER: thermal_pol f=116, cl=2/2265/2265, cg=30/30/28/2438/3148, ct=25/19/2956/2956, cp=12/672/2553, g=8/231, fg=com.teslacoilsw.launcher, fa=NovaLauncher, pol_u=0, pol_c=0, sys=0, W=-2903mW,batlvl=59,chg=Chargi(2134),
05-28 12:49:36.223  2987  4067 D AlarmManager: setImpl: (a) wakeup alarm (system): 1000/android, action: , 4321816837
05-28 12:49:36.230 17873 17873 D NextAppCoreTrainingJobService: onStratJob , job id = 2
05-28 12:49:36.234 17873 17873 D NextAppCoreTrainingJobService: [filter predict result 1] current pkg = com.teslacoilsw.launcher, predict 1 = com.bambuna.podcastaddict:0.044029, predict 2 = com.whatsapp:0.016987, predict 3 = org.quantumbadger.redreader:0.015155, predict 4 = com.brave.browser:0.012932, predict 5 = com.google.android.dialer:0.011436
05-28 12:49:36.234 17873 17873 D NextAppCoreTrainingJobService: [predict result 1] current pkg = com.teslacoilsw.launcher, predict 1 = com.teslacoilsw.launcher:0.889102, predict 2 = com.bambuna.podcastaddict:0.044029, predict 3 = com.whatsapp:0.016987, predict 4 = org.quantumbadger.redreader:0.015155, predict 5 = com.brave.browser:0.012932
05-28 12:49:36.234 17873 17873 D NextAppCoreTrainingJobService: [20 launch app v2][filter predict result 1] current pkg = com.teslacoilsw.launcher, predict 1 = com.bambuna.podcastaddict:0.044029, predict 2 = com.whatsapp:0.016987, predict 3 = org.quantumbadger.redreader:0.015155, predict 4 = com.brave.browser:0.012932, predict 5 = com.google.android.dialer:0.011436
05-28 12:49:36.234 17873 17873 D NextAppCoreTrainingJobService: [20 launch app v2][predict result 1] current pkg = com.teslacoilsw.launcher, predict 1 = com.teslacoilsw.launcher:0.889102, predict 2 = com.bambuna.podcastaddict:0.044029, predict 3 = com.whatsapp:0.016987, predict 4 = org.quantumbadger.redreader:0.015155, predict 5 = com.brave.browser:0.012932
05-28 12:49:36.236 17873 17873 D NextAppCoreTrainingJobService: [predictAll 1] pkg = com.bambuna.podcastaddict,com.whatsapp,org.quantumbadger.redreader,com.brave.browser,com.google.android.dialer,com.Slack,app.alextran.immich,com.google.android.apps.messaging,com.google.android.gm,co.kidcasa.app,com.google.android.youtube,com.google.android.calculator,com.google.android.keep,com.anthropic.claude,name.boyle.chris.sgtpuzzles
05-28 12:49:36.236 17873 17873 D NextAppCoreTrainingJobService: [predictAll 1] rate= 413,165,138,120,110,20,18,18,13,9,6,3,1,1,0
05-28 12:49:36.236 17873 17873 D NextAppCoreTrainingJobService: [predictAll 1] userId= 0,0,0,0,0,0,0,0,0,0,0,0,0,0,0
05-28 12:49:36.239 17873 17873 D NextAppCoreTrainingJobService: [filter predict result 2] current pkg = com.teslacoilsw.launcher, predict 1 = mobi.lockdown.weather:0.333333:5.717949:locationtime, predict 2 = co.kidcasa.app:0.166667:7.433333:locationtime, predict 3 = app.alextran.immich:0.166667:12.388889:locationtime
05-28 12:49:36.239 17873 17873 D NextAppCoreTrainingJobService: [predict result 2] current pkg = com.teslacoilsw.launcher, predict 1 = mobi.lockdown.weather:0.333333:5.717949:locationtime, predict 2 = co.kidcasa.app:0.166667:7.433333:locationtime, predict 3 = app.alextran.immich:0.166667:12.388889:locationtime, predict 4 = com.mtk:0.013549:2.064583:time, predict 5 = com.yahoo.mobile.client.android.TWStock:0.011663:2.101281:time
05-28 12:49:36.239 17873 17873 D NextAppCoreTrainingJobService: [20 launch app v2][filter predict result 2] current pkg = com.teslacoilsw.launcher, predict 1 = mobi.lockdown.weather:0.333333:5.717949:locationtime, predict 2 = co.kidcasa.app:0.166667:7.433333:locationtime, predict 3 = app.alextran.immich:0.166667:12.388889:locationtime
05-28 12:49:36.239 17873 17873 D NextAppCoreTrainingJobService: [20 launch app v2][predict result 2] current pkg = com.teslacoilsw.launcher, predict 1 = mobi.lockdown.weather:0.333333:5.717949:locationtime, predict 2 = co.kidcasa.app:0.166667:7.433333:locationtime, predict 3 = app.alextran.immich:0.166667:12.388889:locationtime, predict 4 = com.mtk:0.013549:2.064583:time, predict 5 = com.yahoo.mobile.client.android.TWStock:0.011663:2.101281:time
05-28 12:49:36.240 17873 17873 D NextAppCoreTrainingJobService: [predictAll 2] pkg = mobi.lockdown.weather,co.kidcasa.app,app.alextran.immich
05-28 12:49:36.240 17873 17873 D NextAppCoreTrainingJobService: [predictAll 2] rate= 3333,1666,1666
05-28 12:49:36.240 17873 17873 D NextAppCoreTrainingJobService: [predictAll 2] userId= 0,0,0
05-28 12:49:36.241 17873 17873 D NextAppCoreTrainingJobService: [predictAll merged] pkg = com.bambuna.podcastaddict,com.whatsapp,mobi.lockdown.weather,org.quantumbadger.redreader,com.brave.browser,co.kidcasa.app,com.google.android.dialer,com.Slack,app.alextran.immich,com.google.android.apps.messaging,com.google.android.gm,com.google.android.youtube,com.google.android.calculator,com.google.android.keep,com.anthropic.claude
05-28 12:49:36.241 17873 17873 D NextAppCoreTrainingJobService: [predictAll merged] rate= 413,165,3333,138,120,1666,110,20,1666,18,13,6,3,1,1
05-28 12:49:36.241 17873 17873 D NextAppCoreTrainingJobService: [predictAll merged] userId= 0,0,0,0,0,0,0,0,0,0,0,0,0,0,0
05-28 12:49:36.251 23934 23934 D AppsPredictionProvider: NextAppCoreObserver onChange:false
05-28 12:49:36.252 23934 23934 D AppsPredictionProvider: NextAppCoreObserver onChange:false
05-28 12:49:36.252 23934 23986 D AppsPredictionProvider: app prediction list:com.bambuna.podcastaddict,com.whatsapp,mobi.lockdown.weather,org.quantumbadger.redreader,com.brave.browser,co.kidcasa.app,com.google.android.dialer,com.Slack,app.alextran.immich,com.google.android.apps.messaging,com.google.android.gm,com.google.android.youtube,com.google.android.calculator,com.google.android.keep,com.anthropic.claude
05-28 12:49:36.252 23934 23986 D AppsPredictionProvider: app prediction user id list:0,0,0,0,0,0,0,0,0,0,0,0,0,0,0
05-28 12:49:36.252 23934 23986 D AppsPredictionProvider: app prediction list:com.bambuna.podcastaddict,com.whatsapp,mobi.lockdown.weather,org.quantumbadger.redreader,com.brave.browser,co.kidcasa.app,com.google.android.dialer,com.Slack,app.alextran.immich,com.google.android.apps.messaging,com.google.android.gm,com.google.android.youtube,com.google.android.calculator,com.google.android.keep,com.anthropic.claude
05-28 12:49:36.252 23934 23986 D AppsPredictionProvider: app prediction user id list:0,0,0,0,0,0,0,0,0,0,0,0,0,0,0
05-28 12:49:36.324  5447  5570 V WindowManagerShell: Transition animation finished (aborted=false), notifying core (#27875) android.os.BinderProxy@2ee950f@0
05-28 12:49:36.325  2987  3163 V WindowManager: Finish Transition (#27875): created at 05-28 12:49:36.015 collect-started=0.033ms request-sent=4.357ms started=11.41ms ready=18.152ms sent=18.689ms commit=6.715ms finished=310.581ms
05-28 12:49:36.326  5447  5570 V WindowManagerShell: Track 0 became idle
05-28 12:49:36.530  2987  2987 W AccessibilityManagerService:  wait for adding window timeout: 39902
05-28 12:49:36.585  1740  1740 D FramerateWidget2: frameratre widget onReceive action: asus.intent.action.CUSTOM_REFRESH_RATE_CHANGED
05-28 12:49:36.585  1740  1740 D FramerateWidget2: update UI
05-28 12:49:36.586  1740  1740 D FramerateWidget2: frameratre widget onReceive action: asus.intent.action.CUSTOM_REFRESH_RATE_CHANGED
05-28 12:49:36.586  1740  1740 D FramerateWidget2: update UI
05-28 12:49:36.601  2987  3167 W ActivityTaskManager: Activity top resumed state loss timeout for ActivityRecord{158782453 u0 com.example.gpstagger/.MainActivity t7363 f}}
05-28 12:49:36.602  2987  3167 W ActivityTaskManager: Activity pause timeout for ActivityRecord{158782453 u0 com.example.gpstagger/.MainActivity t7363 f}}
05-28 12:49:36.603   766   766 I hwservicemanager: getTransport: Cannot find entry vendor.qti.hardware.servicetracker@1.2::IServicetracker/default in either framework or device VINTF manifest.
05-28 12:49:36.603  2987  3167 W ActivityTaskManager: servicetracker HIDL not available
05-28 12:49:36.603  2987  3167 E ActivityTaskManager: Unable to get servicetracker HAL instance
05-28 12:49:36.603   766   766 I hwservicemanager: getTransport: Cannot find entry vendor.qti.hardware.servicetracker@1.2::IServicetracker/default in either framework or device VINTF manifest.
05-28 12:49:36.603  2987  3167 W ActivityTaskManager: servicetracker HIDL not available
05-28 12:49:36.603  2987  3167 E ActivityTaskManager: Unable to get servicetracker HAL instance
05-28 12:49:36.603   766   766 I hwservicemanager: getTransport: Cannot find entry vendor.qti.hardware.servicetracker@1.2::IServicetracker/default in either framework or device VINTF manifest.
05-28 12:49:36.603  2987  3167 W ActivityTaskManager: servicetracker HIDL not available
05-28 12:49:36.603  2987  3167 E ActivityTaskManager: Unable to get servicetracker HAL instance
05-28 12:49:36.604  2166 26858 E ANDR-PERF-SERVICE: sendPerfCallback() 288: NotifyCallback is not called
05-28 12:49:36.604   766   766 I hwservicemanager: getTransport: Cannot find entry vendor.qti.hardware.servicetracker@1.2::IServicetracker/default in either framework or device VINTF manifest.
05-28 12:49:36.604  2987  3167 W ActivityTaskManager: servicetracker HIDL not available
05-28 12:49:36.604  2987  3167 E ActivityTaskManager: Unable to get servicetracker HAL instance
05-28 12:49:36.605  7477  7477 I j0      : onActivityResumed .NovaLauncher
05-28 12:49:36.606  5629  5905 D GameModeHandler: handleAppFocus exit
05-28 12:49:36.606  5629  5905 D LlmHandler: isRogDevice() ret = true
05-28 12:49:36.606  5629  5905 D LlmHandler: handleAppFocus() packageName: com.teslacoilsw.launcher
05-28 12:49:36.606  5447  6190 V WindowManagerShell: onTransitionReady(transaction=12829069040056)
05-28 12:49:36.606  5629  5905 V LlmHandler: Start set LLM: isAutoStart = false, isGame = false, isExternalDisplay = false
05-28 12:49:36.606  5629  5905 V LlmHandler: End set LLM
05-28 12:49:36.607  5629  5905 D GameGenieHandler: packageName: com.teslacoilsw.launcher taskId: 7191 reason: TopResumedActivityChanged isFirstLaunchInMem: false windowingMode: 1 isDirectBoot: false mIsGameGenieWorking: false userId: 0 uid: 10232 pid: 7477
05-28 12:49:36.607  5629  5905 D GameGenieHandler: intent action: android.intent.action.MAIN className: com.teslacoilsw.launcher.NovaLauncher
05-28 12:49:36.607  5629  5905 D GameGenieHandler: update mLastTriggerIntent: null
05-28 12:49:36.607  5629  5905 V GameGenieHandler: Start setGamingType: isAutoStart = false, isGame = false, windowingMode = 1
05-28 12:49:36.607  5629  5905 V GameGenieHandler: End setGamingType
05-28 12:49:36.607  5629  5905 D PowerSaverHandler: Skip notify the same pkg to PowerSaver
05-28 12:49:36.607  5629  5905 D GameModeHandler: handleAppFocus exit
05-28 12:49:36.607  5629  5905 D LlmHandler: isRogDevice() ret = true
05-28 12:49:36.607  5629  5905 D LlmHandler: handleAppFocus() packageName: com.teslacoilsw.launcher
05-28 12:49:36.607  5447  5570 V WindowManagerShell: onTransitionReady (#27876) android.os.BinderProxy@66cda00: {id=27876 t=CLOSE f=0x10 trk=1 r=[0@Point(0, 0)] c=[
05-28 12:49:36.607  5447  5570 V WindowManagerShell:         {m=TO_FRONT f=SHOW_WALLPAPER|MOVE_TO_TOP leash=Surface(name=Task=7190)/@0x41249df sb=Rect(0, 0 - 1080, 2400) eb=Rect(0, 0 - 1080, 2400) epz=Point(1080, 2400) d=0 taskParent=-1},
05-28 12:49:36.607  5447  5570 V WindowManagerShell:         {m=CLOSE f=NONE leash=Surface(name=Task=7363)/@0xfc5962c sb=Rect(0, 0 - 1080, 2400) eb=Rect(0, 0 - 1080, 2400) epz=Point(1080, 2400) d=0 taskParent=-1},
05-28 12:49:36.607  5447  5570 V WindowManagerShell:         {m=TO_FRONT f=IS_WALLPAPER leash=Surface(name=WallpaperWindowToken{911afc9 showWhenLocked=false})/@0xcea88f5 sb=Rect(0, 0 - 1080, 2400) eb=Rect(0, 0 - 1080, 2400) epz=Point(1080, 2400) d=0}
05-28 12:49:36.607  5447  5570 V WindowManagerShell:     ]}
05-28 12:49:36.608  5629  5905 V LlmHandler: Start set LLM: isAutoStart = false, isGame = false, isExternalDisplay = false
05-28 12:49:36.608  5629  5905 V LlmHandler: End set LLM
05-28 12:49:36.608  5447  5570 V WindowManagerShell: Playing animation for (#27876) android.os.BinderProxy@66cda00@1
05-28 12:49:36.608  5447  5570 V ShellRecents: RecentsTransitionHandler.startAnimation: no controller found
05-28 12:49:36.608  5447  5570 V WindowManagerShell: Transition doesn't have explicit remote, search filters for match for {id=27876 t=CLOSE f=0x10 trk=1 r=[0@Point(0, 0)] c=[{m=TO_FRONT f=SHOW_WALLPAPER|MOVE_TO_TOP leash=Surface(name=Task=7190)/@0x41249df sb=Rect(0, 0 - 1080, 2400) eb=Rect(0, 0 - 1080, 2400) epz=Point(1080, 2400) d=0 taskParent=-1},{m=CLOSE f=NONE leash=Surface(name=Task=7363)/@0xfc5962c sb=Rect(0, 0 - 1080, 2400) eb=Rect(0, 0 - 1080, 2400) epz=Point(1080, 2400) d=0 taskParent=-1},{m=TO_FRONT f=IS_WALLPAPER leash=Surface(name=WallpaperWindowToken{911afc9 showWhenLocked=false})/@0xcea88f5 sb=Rect(0, 0 - 1080, 2400) eb=Rect(0, 0 - 1080, 2400) epz=Point(1080, 2400) d=0}]}
05-28 12:49:36.608  5447  5570 V WindowManagerShell:  Delegate animation for (#27876) to null
05-28 12:49:36.608  5629  5905 D GameGenieHandler: packageName: com.teslacoilsw.launcher taskId: 7191 reason: report-launched isFirstLaunchInMem: false windowingMode: 1 isDirectBoot: false mIsGameGenieWorking: false userId: 0 uid: 10232 pid: 7477
05-28 12:49:36.608  5629  5905 D GameGenieHandler: intent action: android.intent.action.MAIN className: com.teslacoilsw.launcher.NovaLauncher
